[0.010s] Invoking command in '/home/emmm/Desktop/RM/ROS2/learn/chapter4/param_ws/build/cpp_param': CMAKE_PREFIX_PATH=${CMAKE_PREFIX_PATH}:/opt/ros/humble /usr/bin/cmake --build /home/emmm/Desktop/RM/ROS2/learn/chapter4/param_ws/build/cpp_param -- -j12 -l12
[0.070s] [35m[1mConsolidate compiler generated dependencies of target demo_param_client[0m
[0.074s] [35m[1mConsolidate compiler generated dependencies of target demo_param_server[0m
[0.082s] [ 33%] Built target demo_param
[0.088s] [ 50%] [32mBuilding CXX object CMakeFiles/demo_param_client.dir/src/demo_param_client.cpp.o[0m
[0.094s] [ 83%] Built target demo_param_server
[1.925s] [01m[K/home/emmm/Desktop/RM/ROS2/learn/chapter4/param_ws/src/cpp_param/src/demo_param_client.cpp:[m[K In member function ‘[01m[Kbool ParamClient::connect_server()[m[K’:
[1.925s] [01m[K/home/emmm/Desktop/RM/ROS2/learn/chapter4/param_ws/src/cpp_param/src/demo_param_client.cpp:51:5:[m[K [01;35m[Kwarning: [m[Kcontrol reaches end of non-void function [[01;35m[K]8;;https://gcc.gnu.org/onlinedocs/gcc/Warning-Options.html#index-Wreturn-type-Wreturn-type]8;;[m[K]
[1.925s]    51 |     [01;35m[K}[m[K
[1.926s]       |     [01;35m[K^[m[K
[2.092s] [100%] [32m[1mLinking CXX executable demo_param_client[0m
[2.190s] [100%] Built target demo_param_client
[2.205s] Invoked command in '/home/emmm/Desktop/RM/ROS2/learn/chapter4/param_ws/build/cpp_param' returned '0': CMAKE_PREFIX_PATH=${CMAKE_PREFIX_PATH}:/opt/ros/humble /usr/bin/cmake --build /home/emmm/Desktop/RM/ROS2/learn/chapter4/param_ws/build/cpp_param -- -j12 -l12
[2.222s] Invoking command in '/home/emmm/Desktop/RM/ROS2/learn/chapter4/param_ws/build/cpp_param': CMAKE_PREFIX_PATH=${CMAKE_PREFIX_PATH}:/opt/ros/humble /usr/bin/cmake --install /home/emmm/Desktop/RM/ROS2/learn/chapter4/param_ws/build/cpp_param
[2.231s] -- Install configuration: ""
[2.231s] -- Up-to-date: /home/emmm/Desktop/RM/ROS2/learn/chapter4/param_ws/install/cpp_param/lib/cpp_param/demo_param
[2.232s] -- Installing: /home/emmm/Desktop/RM/ROS2/learn/chapter4/param_ws/install/cpp_param/lib/cpp_param/demo_param_server
[2.232s] -- Set runtime path of "/home/emmm/Desktop/RM/ROS2/learn/chapter4/param_ws/install/cpp_param/lib/cpp_param/demo_param_server" to ""
[2.232s] -- Installing: /home/emmm/Desktop/RM/ROS2/learn/chapter4/param_ws/install/cpp_param/lib/cpp_param/demo_param_client
[2.232s] -- Set runtime path of "/home/emmm/Desktop/RM/ROS2/learn/chapter4/param_ws/install/cpp_param/lib/cpp_param/demo_param_client" to ""
[2.232s] -- Up-to-date: /home/emmm/Desktop/RM/ROS2/learn/chapter4/param_ws/install/cpp_param/share/ament_index/resource_index/package_run_dependencies/cpp_param
[2.233s] -- Up-to-date: /home/emmm/Desktop/RM/ROS2/learn/chapter4/param_ws/install/cpp_param/share/ament_index/resource_index/parent_prefix_path/cpp_param
[2.233s] -- Up-to-date: /home/emmm/Desktop/RM/ROS2/learn/chapter4/param_ws/install/cpp_param/share/cpp_param/environment/ament_prefix_path.sh
[2.233s] -- Up-to-date: /home/emmm/Desktop/RM/ROS2/learn/chapter4/param_ws/install/cpp_param/share/cpp_param/environment/ament_prefix_path.dsv
[2.233s] -- Up-to-date: /home/emmm/Desktop/RM/ROS2/learn/chapter4/param_ws/install/cpp_param/share/cpp_param/environment/path.sh
[2.233s] -- Up-to-date: /home/emmm/Desktop/RM/ROS2/learn/chapter4/param_ws/install/cpp_param/share/cpp_param/environment/path.dsv
[2.233s] -- Up-to-date: /home/emmm/Desktop/RM/ROS2/learn/chapter4/param_ws/install/cpp_param/share/cpp_param/local_setup.bash
[2.233s] -- Up-to-date: /home/emmm/Desktop/RM/ROS2/learn/chapter4/param_ws/install/cpp_param/share/cpp_param/local_setup.sh
[2.233s] -- Up-to-date: /home/emmm/Desktop/RM/ROS2/learn/chapter4/param_ws/install/cpp_param/share/cpp_param/local_setup.zsh
[2.233s] -- Up-to-date: /home/emmm/Desktop/RM/ROS2/learn/chapter4/param_ws/install/cpp_param/share/cpp_param/local_setup.dsv
[2.233s] -- Installing: /home/emmm/Desktop/RM/ROS2/learn/chapter4/param_ws/install/cpp_param/share/cpp_param/package.dsv
[2.233s] -- Up-to-date: /home/emmm/Desktop/RM/ROS2/learn/chapter4/param_ws/install/cpp_param/share/ament_index/resource_index/packages/cpp_param
[2.233s] -- Up-to-date: /home/emmm/Desktop/RM/ROS2/learn/chapter4/param_ws/install/cpp_param/share/cpp_param/cmake/cpp_paramConfig.cmake
[2.233s] -- Up-to-date: /home/emmm/Desktop/RM/ROS2/learn/chapter4/param_ws/install/cpp_param/share/cpp_param/cmake/cpp_paramConfig-version.cmake
[2.233s] -- Up-to-date: /home/emmm/Desktop/RM/ROS2/learn/chapter4/param_ws/install/cpp_param/share/cpp_param/package.xml
[2.235s] Invoked command in '/home/emmm/Desktop/RM/ROS2/learn/chapter4/param_ws/build/cpp_param' returned '0': CMAKE_PREFIX_PATH=${CMAKE_PREFIX_PATH}:/opt/ros/humble /usr/bin/cmake --install /home/emmm/Desktop/RM/ROS2/learn/chapter4/param_ws/build/cpp_param
