-- Install configuration: ""
-- Up-to-date: /home/emmm/Desktop/RM/ROS2/learn/chapter5/launch_ws/install/cpp_launch/share/cpp_launch/launch
-- Up-to-date: /home/emmm/Desktop/RM/ROS2/learn/chapter5/launch_ws/install/cpp_launch/share/cpp_launch/launch/xml
-- Up-to-date: /home/emmm/Desktop/RM/ROS2/learn/chapter5/launch_ws/install/cpp_launch/share/cpp_launch/launch/xml/xml_base.launch.xml
-- Installing: /home/emmm/Desktop/RM/ROS2/learn/chapter5/launch_ws/install/cpp_launch/share/cpp_launch/launch/xml/xml_node.launch.xml
-- Up-to-date: /home/emmm/Desktop/RM/ROS2/learn/chapter5/launch_ws/install/cpp_launch/share/cpp_launch/launch/yaml
-- Up-to-date: /home/emmm/Desktop/RM/ROS2/learn/chapter5/launch_ws/install/cpp_launch/share/cpp_launch/launch/yaml/yaml_base.launch.yaml
-- Up-to-date: /home/emmm/Desktop/RM/ROS2/learn/chapter5/launch_ws/install/cpp_launch/share/cpp_launch/launch/py
-- Up-to-date: /home/emmm/Desktop/RM/ROS2/learn/chapter5/launch_ws/install/cpp_launch/share/cpp_launch/launch/py/py_include.launch.py
-- Up-to-date: /home/emmm/Desktop/RM/ROS2/learn/chapter5/launch_ws/install/cpp_launch/share/cpp_launch/launch/py/py_group.launch.py
-- Up-to-date: /home/emmm/Desktop/RM/ROS2/learn/chapter5/launch_ws/install/cpp_launch/share/cpp_launch/launch/py/py_base.launch.py
-- Up-to-date: /home/emmm/Desktop/RM/ROS2/learn/chapter5/launch_ws/install/cpp_launch/share/cpp_launch/launch/py/py_node.launch.py
-- Up-to-date: /home/emmm/Desktop/RM/ROS2/learn/chapter5/launch_ws/install/cpp_launch/share/cpp_launch/launch/py/py_event.launch.py
-- Up-to-date: /home/emmm/Desktop/RM/ROS2/learn/chapter5/launch_ws/install/cpp_launch/share/cpp_launch/launch/py/py_args.launch.py
-- Up-to-date: /home/emmm/Desktop/RM/ROS2/learn/chapter5/launch_ws/install/cpp_launch/share/cpp_launch/launch/py/py_cmd.launch.py
-- Up-to-date: /home/emmm/Desktop/RM/ROS2/learn/chapter5/launch_ws/install/cpp_launch/share/cpp_launch/config
-- Up-to-date: /home/emmm/Desktop/RM/ROS2/learn/chapter5/launch_ws/install/cpp_launch/share/cpp_launch/config/t2.yaml
-- Up-to-date: /home/emmm/Desktop/RM/ROS2/learn/chapter5/launch_ws/install/cpp_launch/share/ament_index/resource_index/package_run_dependencies/cpp_launch
-- Up-to-date: /home/emmm/Desktop/RM/ROS2/learn/chapter5/launch_ws/install/cpp_launch/share/ament_index/resource_index/parent_prefix_path/cpp_launch
-- Up-to-date: /home/emmm/Desktop/RM/ROS2/learn/chapter5/launch_ws/install/cpp_launch/share/cpp_launch/environment/ament_prefix_path.sh
-- Up-to-date: /home/emmm/Desktop/RM/ROS2/learn/chapter5/launch_ws/install/cpp_launch/share/cpp_launch/environment/ament_prefix_path.dsv
-- Up-to-date: /home/emmm/Desktop/RM/ROS2/learn/chapter5/launch_ws/install/cpp_launch/share/cpp_launch/environment/path.sh
-- Up-to-date: /home/emmm/Desktop/RM/ROS2/learn/chapter5/launch_ws/install/cpp_launch/share/cpp_launch/environment/path.dsv
-- Up-to-date: /home/emmm/Desktop/RM/ROS2/learn/chapter5/launch_ws/install/cpp_launch/share/cpp_launch/local_setup.bash
-- Up-to-date: /home/emmm/Desktop/RM/ROS2/learn/chapter5/launch_ws/install/cpp_launch/share/cpp_launch/local_setup.sh
-- Up-to-date: /home/emmm/Desktop/RM/ROS2/learn/chapter5/launch_ws/install/cpp_launch/share/cpp_launch/local_setup.zsh
-- Up-to-date: /home/emmm/Desktop/RM/ROS2/learn/chapter5/launch_ws/install/cpp_launch/share/cpp_launch/local_setup.dsv
-- Installing: /home/emmm/Desktop/RM/ROS2/learn/chapter5/launch_ws/install/cpp_launch/share/cpp_launch/package.dsv
-- Up-to-date: /home/emmm/Desktop/RM/ROS2/learn/chapter5/launch_ws/install/cpp_launch/share/ament_index/resource_index/packages/cpp_launch
-- Up-to-date: /home/emmm/Desktop/RM/ROS2/learn/chapter5/launch_ws/install/cpp_launch/share/cpp_launch/cmake/cpp_launchConfig.cmake
-- Up-to-date: /home/emmm/Desktop/RM/ROS2/learn/chapter5/launch_ws/install/cpp_launch/share/cpp_launch/cmake/cpp_launchConfig-version.cmake
-- Up-to-date: /home/emmm/Desktop/RM/ROS2/learn/chapter5/launch_ws/install/cpp_launch/share/cpp_launch/package.xml
