[0.009s] Invoking command in '/home/emmm/Desktop/RM/ROS2/learn/chapter4/action_ws/build/base_interfaces_demo': CMAKE_PREFIX_PATH=${CMAKE_PREFIX_PATH}:/opt/ros/humble /usr/bin/cmake /home/emmm/Desktop/RM/ROS2/learn/chapter4/action_ws/src/base_interfaces_demo -DCMAKE_INSTALL_PREFIX=/home/emmm/Desktop/RM/ROS2/learn/chapter4/action_ws/install/base_interfaces_demo
[0.062s] -- The C compiler identification is GNU 11.4.0
[0.105s] -- The CXX compiler identification is GNU 11.4.0
[0.114s] -- Detecting C compiler ABI info
[0.187s] -- Detecting C compiler ABI info - done
[0.200s] -- Check for working C compiler: /usr/bin/cc - skipped
[0.200s] -- Detecting C compile features
[0.201s] -- Detecting C compile features - done
[0.205s] -- Detecting CXX compiler ABI info
[0.297s] -- Detecting CXX compiler ABI info - done
[0.306s] -- Check for working CXX compiler: /usr/bin/c++ - skipped
[0.306s] -- Detecting CXX compile features
[0.306s] -- Detecting CXX compile features - done
[0.307s] -- Found ament_cmake: 1.3.12 (/opt/ros/humble/share/ament_cmake/cmake)
[0.471s] -- Found Python3: /usr/bin/python3 (found version "3.10.12") found components: Interpreter 
[0.546s] -- Found rosidl_default_generators: 1.2.0 (/opt/ros/humble/share/rosidl_default_generators/cmake)
[0.549s] -- Using all available rosidl_typesupport_c: rosidl_typesupport_fastrtps_c;rosidl_typesupport_introspection_c
[0.552s] -- Found rosidl_adapter: 3.1.8 (/opt/ros/humble/share/rosidl_adapter/cmake)
[0.579s] -- Using all available rosidl_typesupport_cpp: rosidl_typesupport_fastrtps_cpp;rosidl_typesupport_introspection_cpp
[0.899s] -- Found ament_cmake_ros: 0.10.0 (/opt/ros/humble/share/ament_cmake_ros/cmake)
[1.119s] -- Using all available rosidl_typesupport_c: rosidl_typesupport_fastrtps_c;rosidl_typesupport_introspection_c
[1.361s] -- Using all available rosidl_typesupport_cpp: rosidl_typesupport_fastrtps_cpp;rosidl_typesupport_introspection_cpp
[1.378s] -- Found PythonInterp: /usr/bin/python3 (found suitable version "3.10.12", minimum required is "3.6") 
[1.379s] -- Found python_cmake_module: 0.10.0 (/opt/ros/humble/share/python_cmake_module/cmake)
[1.401s] -- Found PythonLibs: /usr/lib/x86_64-linux-gnu/libpython3.10.so (found suitable version "3.10.12", minimum required is "3.5") 
[1.401s] -- Using PYTHON_EXECUTABLE: /usr/bin/python3
[1.401s] -- Using PYTHON_INCLUDE_DIRS: /usr/include/python3.10
[1.401s] -- Using PYTHON_LIBRARIES: /usr/lib/x86_64-linux-gnu/libpython3.10.so
[1.428s] -- Found PythonExtra: .so  
[1.482s] -- Found ament_lint_auto: 0.12.14 (/opt/ros/humble/share/ament_lint_auto/cmake)
[1.497s] -- Added test 'lint_cmake' to check CMake code style
[1.497s] -- Added test 'xmllint' to check XML markup files
[1.499s] -- Configuring done
[1.518s] -- Generating done
[1.526s] -- Build files have been written to: /home/emmm/Desktop/RM/ROS2/learn/chapter4/action_ws/build/base_interfaces_demo
[1.531s] Invoked command in '/home/emmm/Desktop/RM/ROS2/learn/chapter4/action_ws/build/base_interfaces_demo' returned '0': CMAKE_PREFIX_PATH=${CMAKE_PREFIX_PATH}:/opt/ros/humble /usr/bin/cmake /home/emmm/Desktop/RM/ROS2/learn/chapter4/action_ws/src/base_interfaces_demo -DCMAKE_INSTALL_PREFIX=/home/emmm/Desktop/RM/ROS2/learn/chapter4/action_ws/install/base_interfaces_demo
[1.533s] Invoking command in '/home/emmm/Desktop/RM/ROS2/learn/chapter4/action_ws/build/base_interfaces_demo': CMAKE_PREFIX_PATH=${CMAKE_PREFIX_PATH}:/opt/ros/humble /usr/bin/cmake --build /home/emmm/Desktop/RM/ROS2/learn/chapter4/action_ws/build/base_interfaces_demo -- -j12 -l12
[1.574s] [  3%] [34m[1mGenerating C code for ROS interfaces[0m
[1.577s] [  6%] [34m[1mGenerating C++ code for ROS interfaces[0m
[1.596s] [  6%] Built target ament_cmake_python_copy_base_interfaces_demo
[1.857s] running egg_info
[1.857s] creating base_interfaces_demo.egg-info
[1.857s] writing base_interfaces_demo.egg-info/PKG-INFO
[1.858s] writing dependency_links to base_interfaces_demo.egg-info/dependency_links.txt
[1.858s] writing top-level names to base_interfaces_demo.egg-info/top_level.txt
[1.858s] writing manifest file 'base_interfaces_demo.egg-info/SOURCES.txt'
[1.859s] reading manifest file 'base_interfaces_demo.egg-info/SOURCES.txt'
[1.859s] [  6%] Built target base_interfaces_demo__cpp
[1.860s] writing manifest file 'base_interfaces_demo.egg-info/SOURCES.txt'
[1.867s] [  9%] [34m[1mGenerating C++ type support dispatch for ROS interfaces[0m
[1.872s] [ 12%] [34m[1mGenerating C++ introspection for ROS interfaces[0m
[1.872s] [ 16%] [34m[1mGenerating C++ type support for eProsima Fast-RTPS[0m
[1.887s] [ 16%] Built target ament_cmake_python_build_base_interfaces_demo_egg
[2.043s] [ 19%] [32mBuilding C object CMakeFiles/base_interfaces_demo__rosidl_generator_c.dir/rosidl_generator_c/base_interfaces_demo/action/detail/progress__functions.c.o[0m
[2.064s] [ 22%] [32mBuilding CXX object CMakeFiles/base_interfaces_demo__rosidl_typesupport_cpp.dir/rosidl_typesupport_cpp/base_interfaces_demo/action/progress__type_support.cpp.o[0m
[2.152s] [ 25%] [32m[1mLinking C shared library libbase_interfaces_demo__rosidl_generator_c.so[0m
[2.185s] [ 25%] Built target base_interfaces_demo__rosidl_generator_c
[2.196s] [ 32%] [34m[1mGenerating C type support for eProsima Fast-RTPS[0m
[2.196s] [ 32%] [34m[1mGenerating C introspection for ROS interfaces[0m
[2.199s] [ 35%] [34m[1mGenerating C type support dispatch for ROS interfaces[0m
[2.332s] [ 38%] [32mBuilding CXX object CMakeFiles/base_interfaces_demo__rosidl_typesupport_introspection_cpp.dir/rosidl_typesupport_introspection_cpp/base_interfaces_demo/action/detail/progress__type_support.cpp.o[0m
[2.382s] [ 41%] [32mBuilding CXX object CMakeFiles/base_interfaces_demo__rosidl_typesupport_fastrtps_cpp.dir/rosidl_typesupport_fastrtps_cpp/base_interfaces_demo/action/detail/dds_fastrtps/progress__type_support.cpp.o[0m
[2.635s] [ 45%] [32mBuilding CXX object CMakeFiles/base_interfaces_demo__rosidl_typesupport_c.dir/rosidl_typesupport_c/base_interfaces_demo/action/progress__type_support.cpp.o[0m
[2.640s] [ 48%] [32m[1mLinking CXX shared library libbase_interfaces_demo__rosidl_typesupport_cpp.so[0m
[2.661s] [ 51%] [32mBuilding CXX object CMakeFiles/base_interfaces_demo__rosidl_typesupport_fastrtps_c.dir/rosidl_typesupport_fastrtps_c/base_interfaces_demo/action/detail/progress__type_support_c.cpp.o[0m
[2.697s] [ 54%] [32m[1mLinking CXX shared library libbase_interfaces_demo__rosidl_typesupport_c.so[0m
[2.728s] [ 54%] Built target base_interfaces_demo__rosidl_typesupport_cpp
[2.761s] [ 54%] Built target base_interfaces_demo__rosidl_typesupport_c
[2.771s] [ 58%] [32mBuilding C object CMakeFiles/base_interfaces_demo__rosidl_typesupport_introspection_c.dir/rosidl_typesupport_introspection_c/base_interfaces_demo/action/detail/progress__type_support.c.o[0m
[2.820s] [ 61%] [32m[1mLinking C shared library libbase_interfaces_demo__rosidl_typesupport_introspection_c.so[0m
[2.854s] [ 61%] Built target base_interfaces_demo__rosidl_typesupport_introspection_c
[3.054s] [ 64%] [32m[1mLinking CXX shared library libbase_interfaces_demo__rosidl_typesupport_introspection_cpp.so[0m
[3.079s] [ 67%] [32m[1mLinking CXX shared library libbase_interfaces_demo__rosidl_typesupport_fastrtps_cpp.so[0m
[3.174s] [ 67%] Built target base_interfaces_demo__rosidl_typesupport_introspection_cpp
[3.202s] [ 67%] Built target base_interfaces_demo__rosidl_typesupport_fastrtps_cpp
[3.211s] [ 70%] [32m[1mLinking CXX shared library libbase_interfaces_demo__rosidl_typesupport_fastrtps_c.so[0m
[3.322s] [ 70%] Built target base_interfaces_demo__rosidl_typesupport_fastrtps_c
[3.345s] [ 70%] Built target base_interfaces_demo
[3.365s] [ 74%] [34m[1mGenerating Python code for ROS interfaces[0m
[3.820s] [ 74%] Built target base_interfaces_demo__py
[3.844s] [ 77%] [32mBuilding C object CMakeFiles/base_interfaces_demo__rosidl_generator_py.dir/rosidl_generator_py/base_interfaces_demo/action/_progress_s.c.o[0m
[3.954s] [ 80%] [32m[1mLinking C shared library rosidl_generator_py/base_interfaces_demo/libbase_interfaces_demo__rosidl_generator_py.so[0m
[4.004s] [ 80%] Built target base_interfaces_demo__rosidl_generator_py
[4.027s] [ 90%] [32mBuilding C object CMakeFiles/base_interfaces_demo__rosidl_typesupport_fastrtps_c__pyext.dir/rosidl_generator_py/base_interfaces_demo/_base_interfaces_demo_s.ep.rosidl_typesupport_fastrtps_c.c.o[0m
[4.028s] [ 90%] [32mBuilding C object CMakeFiles/base_interfaces_demo__rosidl_typesupport_c__pyext.dir/rosidl_generator_py/base_interfaces_demo/_base_interfaces_demo_s.ep.rosidl_typesupport_c.c.o[0m
[4.028s] [ 90%] [32mBuilding C object CMakeFiles/base_interfaces_demo__rosidl_typesupport_introspection_c__pyext.dir/rosidl_generator_py/base_interfaces_demo/_base_interfaces_demo_s.ep.rosidl_typesupport_introspection_c.c.o[0m
[4.175s] [100%] [32m[1mLinking C shared library rosidl_generator_py/base_interfaces_demo/base_interfaces_demo_s__rosidl_typesupport_fastrtps_c.cpython-310-x86_64-linux-gnu.so[0m
[4.175s] [100%] [32m[1mLinking C shared library rosidl_generator_py/base_interfaces_demo/base_interfaces_demo_s__rosidl_typesupport_c.cpython-310-x86_64-linux-gnu.so[0m
[4.176s] [100%] [32m[1mLinking C shared library rosidl_generator_py/base_interfaces_demo/base_interfaces_demo_s__rosidl_typesupport_introspection_c.cpython-310-x86_64-linux-gnu.so[0m
[4.212s] [100%] Built target base_interfaces_demo__rosidl_typesupport_c__pyext
[4.220s] [100%] Built target base_interfaces_demo__rosidl_typesupport_introspection_c__pyext
[4.224s] [100%] Built target base_interfaces_demo__rosidl_typesupport_fastrtps_c__pyext
[4.233s] Invoked command in '/home/emmm/Desktop/RM/ROS2/learn/chapter4/action_ws/build/base_interfaces_demo' returned '0': CMAKE_PREFIX_PATH=${CMAKE_PREFIX_PATH}:/opt/ros/humble /usr/bin/cmake --build /home/emmm/Desktop/RM/ROS2/learn/chapter4/action_ws/build/base_interfaces_demo -- -j12 -l12
[4.243s] Invoking command in '/home/emmm/Desktop/RM/ROS2/learn/chapter4/action_ws/build/base_interfaces_demo': CMAKE_PREFIX_PATH=${CMAKE_PREFIX_PATH}:/opt/ros/humble /usr/bin/cmake --install /home/emmm/Desktop/RM/ROS2/learn/chapter4/action_ws/build/base_interfaces_demo
[4.250s] -- Install configuration: ""
[4.250s] -- Installing: /home/emmm/Desktop/RM/ROS2/learn/chapter4/action_ws/install/base_interfaces_demo/share/ament_index/resource_index/rosidl_interfaces/base_interfaces_demo
[4.250s] -- Installing: /home/emmm/Desktop/RM/ROS2/learn/chapter4/action_ws/install/base_interfaces_demo/include/base_interfaces_demo/base_interfaces_demo
[4.250s] -- Installing: /home/emmm/Desktop/RM/ROS2/learn/chapter4/action_ws/install/base_interfaces_demo/include/base_interfaces_demo/base_interfaces_demo/msg
[4.250s] -- Installing: /home/emmm/Desktop/RM/ROS2/learn/chapter4/action_ws/install/base_interfaces_demo/include/base_interfaces_demo/base_interfaces_demo/msg/rosidl_generator_c__visibility_control.h
[4.251s] -- Installing: /home/emmm/Desktop/RM/ROS2/learn/chapter4/action_ws/install/base_interfaces_demo/include/base_interfaces_demo/base_interfaces_demo/action
[4.251s] -- Installing: /home/emmm/Desktop/RM/ROS2/learn/chapter4/action_ws/install/base_interfaces_demo/include/base_interfaces_demo/base_interfaces_demo/action/progress.h
[4.251s] -- Installing: /home/emmm/Desktop/RM/ROS2/learn/chapter4/action_ws/install/base_interfaces_demo/include/base_interfaces_demo/base_interfaces_demo/action/detail
[4.251s] -- Installing: /home/emmm/Desktop/RM/ROS2/learn/chapter4/action_ws/install/base_interfaces_demo/include/base_interfaces_demo/base_interfaces_demo/action/detail/progress__functions.c
[4.251s] -- Installing: /home/emmm/Desktop/RM/ROS2/learn/chapter4/action_ws/install/base_interfaces_demo/include/base_interfaces_demo/base_interfaces_demo/action/detail/progress__functions.h
[4.251s] -- Installing: /home/emmm/Desktop/RM/ROS2/learn/chapter4/action_ws/install/base_interfaces_demo/include/base_interfaces_demo/base_interfaces_demo/action/detail/progress__struct.h
[4.251s] -- Installing: /home/emmm/Desktop/RM/ROS2/learn/chapter4/action_ws/install/base_interfaces_demo/include/base_interfaces_demo/base_interfaces_demo/action/detail/progress__type_support.h
[4.251s] -- Installing: /home/emmm/Desktop/RM/ROS2/learn/chapter4/action_ws/install/base_interfaces_demo/share/base_interfaces_demo/environment/library_path.sh
[4.251s] -- Installing: /home/emmm/Desktop/RM/ROS2/learn/chapter4/action_ws/install/base_interfaces_demo/share/base_interfaces_demo/environment/library_path.dsv
[4.251s] -- Installing: /home/emmm/Desktop/RM/ROS2/learn/chapter4/action_ws/install/base_interfaces_demo/lib/libbase_interfaces_demo__rosidl_generator_c.so
[4.252s] -- Set runtime path of "/home/emmm/Desktop/RM/ROS2/learn/chapter4/action_ws/install/base_interfaces_demo/lib/libbase_interfaces_demo__rosidl_generator_c.so" to ""
[4.252s] -- Up-to-date: /home/emmm/Desktop/RM/ROS2/learn/chapter4/action_ws/install/base_interfaces_demo/include/base_interfaces_demo/base_interfaces_demo
[4.252s] -- Up-to-date: /home/emmm/Desktop/RM/ROS2/learn/chapter4/action_ws/install/base_interfaces_demo/include/base_interfaces_demo/base_interfaces_demo/msg
[4.252s] -- Installing: /home/emmm/Desktop/RM/ROS2/learn/chapter4/action_ws/install/base_interfaces_demo/include/base_interfaces_demo/base_interfaces_demo/msg/rosidl_typesupport_fastrtps_c__visibility_control.h
[4.252s] -- Up-to-date: /home/emmm/Desktop/RM/ROS2/learn/chapter4/action_ws/install/base_interfaces_demo/include/base_interfaces_demo/base_interfaces_demo/action
[4.252s] -- Up-to-date: /home/emmm/Desktop/RM/ROS2/learn/chapter4/action_ws/install/base_interfaces_demo/include/base_interfaces_demo/base_interfaces_demo/action/detail
[4.252s] -- Installing: /home/emmm/Desktop/RM/ROS2/learn/chapter4/action_ws/install/base_interfaces_demo/include/base_interfaces_demo/base_interfaces_demo/action/detail/progress__rosidl_typesupport_fastrtps_c.h
[4.252s] -- Installing: /home/emmm/Desktop/RM/ROS2/learn/chapter4/action_ws/install/base_interfaces_demo/lib/libbase_interfaces_demo__rosidl_typesupport_fastrtps_c.so
[4.252s] -- Set runtime path of "/home/emmm/Desktop/RM/ROS2/learn/chapter4/action_ws/install/base_interfaces_demo/lib/libbase_interfaces_demo__rosidl_typesupport_fastrtps_c.so" to ""
[4.252s] -- Up-to-date: /home/emmm/Desktop/RM/ROS2/learn/chapter4/action_ws/install/base_interfaces_demo/include/base_interfaces_demo/base_interfaces_demo
[4.252s] -- Up-to-date: /home/emmm/Desktop/RM/ROS2/learn/chapter4/action_ws/install/base_interfaces_demo/include/base_interfaces_demo/base_interfaces_demo/msg
[4.253s] -- Installing: /home/emmm/Desktop/RM/ROS2/learn/chapter4/action_ws/install/base_interfaces_demo/include/base_interfaces_demo/base_interfaces_demo/msg/rosidl_typesupport_introspection_c__visibility_control.h
[4.253s] -- Up-to-date: /home/emmm/Desktop/RM/ROS2/learn/chapter4/action_ws/install/base_interfaces_demo/include/base_interfaces_demo/base_interfaces_demo/action
[4.253s] -- Up-to-date: /home/emmm/Desktop/RM/ROS2/learn/chapter4/action_ws/install/base_interfaces_demo/include/base_interfaces_demo/base_interfaces_demo/action/detail
[4.253s] -- Installing: /home/emmm/Desktop/RM/ROS2/learn/chapter4/action_ws/install/base_interfaces_demo/include/base_interfaces_demo/base_interfaces_demo/action/detail/progress__rosidl_typesupport_introspection_c.h
[4.253s] -- Installing: /home/emmm/Desktop/RM/ROS2/learn/chapter4/action_ws/install/base_interfaces_demo/include/base_interfaces_demo/base_interfaces_demo/action/detail/progress__type_support.c
[4.253s] -- Installing: /home/emmm/Desktop/RM/ROS2/learn/chapter4/action_ws/install/base_interfaces_demo/lib/libbase_interfaces_demo__rosidl_typesupport_introspection_c.so
[4.253s] -- Set runtime path of "/home/emmm/Desktop/RM/ROS2/learn/chapter4/action_ws/install/base_interfaces_demo/lib/libbase_interfaces_demo__rosidl_typesupport_introspection_c.so" to ""
[4.253s] -- Installing: /home/emmm/Desktop/RM/ROS2/learn/chapter4/action_ws/install/base_interfaces_demo/lib/libbase_interfaces_demo__rosidl_typesupport_c.so
[4.253s] -- Set runtime path of "/home/emmm/Desktop/RM/ROS2/learn/chapter4/action_ws/install/base_interfaces_demo/lib/libbase_interfaces_demo__rosidl_typesupport_c.so" to ""
[4.253s] -- Up-to-date: /home/emmm/Desktop/RM/ROS2/learn/chapter4/action_ws/install/base_interfaces_demo/include/base_interfaces_demo/base_interfaces_demo
[4.254s] -- Up-to-date: /home/emmm/Desktop/RM/ROS2/learn/chapter4/action_ws/install/base_interfaces_demo/include/base_interfaces_demo/base_interfaces_demo/msg
[4.254s] -- Installing: /home/emmm/Desktop/RM/ROS2/learn/chapter4/action_ws/install/base_interfaces_demo/include/base_interfaces_demo/base_interfaces_demo/msg/rosidl_generator_cpp__visibility_control.hpp
[4.254s] -- Up-to-date: /home/emmm/Desktop/RM/ROS2/learn/chapter4/action_ws/install/base_interfaces_demo/include/base_interfaces_demo/base_interfaces_demo/action
[4.254s] -- Installing: /home/emmm/Desktop/RM/ROS2/learn/chapter4/action_ws/install/base_interfaces_demo/include/base_interfaces_demo/base_interfaces_demo/action/progress.hpp
[4.254s] -- Up-to-date: /home/emmm/Desktop/RM/ROS2/learn/chapter4/action_ws/install/base_interfaces_demo/include/base_interfaces_demo/base_interfaces_demo/action/detail
[4.254s] -- Installing: /home/emmm/Desktop/RM/ROS2/learn/chapter4/action_ws/install/base_interfaces_demo/include/base_interfaces_demo/base_interfaces_demo/action/detail/progress__struct.hpp
[4.254s] -- Installing: /home/emmm/Desktop/RM/ROS2/learn/chapter4/action_ws/install/base_interfaces_demo/include/base_interfaces_demo/base_interfaces_demo/action/detail/progress__traits.hpp
[4.254s] -- Installing: /home/emmm/Desktop/RM/ROS2/learn/chapter4/action_ws/install/base_interfaces_demo/include/base_interfaces_demo/base_interfaces_demo/action/detail/progress__type_support.hpp
[4.254s] -- Installing: /home/emmm/Desktop/RM/ROS2/learn/chapter4/action_ws/install/base_interfaces_demo/include/base_interfaces_demo/base_interfaces_demo/action/detail/progress__builder.hpp
[4.254s] -- Up-to-date: /home/emmm/Desktop/RM/ROS2/learn/chapter4/action_ws/install/base_interfaces_demo/include/base_interfaces_demo/base_interfaces_demo
[4.254s] -- Up-to-date: /home/emmm/Desktop/RM/ROS2/learn/chapter4/action_ws/install/base_interfaces_demo/include/base_interfaces_demo/base_interfaces_demo/msg
[4.255s] -- Installing: /home/emmm/Desktop/RM/ROS2/learn/chapter4/action_ws/install/base_interfaces_demo/include/base_interfaces_demo/base_interfaces_demo/msg/rosidl_typesupport_fastrtps_cpp__visibility_control.h
[4.255s] -- Up-to-date: /home/emmm/Desktop/RM/ROS2/learn/chapter4/action_ws/install/base_interfaces_demo/include/base_interfaces_demo/base_interfaces_demo/action
[4.255s] -- Up-to-date: /home/emmm/Desktop/RM/ROS2/learn/chapter4/action_ws/install/base_interfaces_demo/include/base_interfaces_demo/base_interfaces_demo/action/detail
[4.255s] -- Installing: /home/emmm/Desktop/RM/ROS2/learn/chapter4/action_ws/install/base_interfaces_demo/include/base_interfaces_demo/base_interfaces_demo/action/detail/progress__rosidl_typesupport_fastrtps_cpp.hpp
[4.255s] -- Installing: /home/emmm/Desktop/RM/ROS2/learn/chapter4/action_ws/install/base_interfaces_demo/include/base_interfaces_demo/base_interfaces_demo/action/detail/dds_fastrtps
[4.255s] -- Installing: /home/emmm/Desktop/RM/ROS2/learn/chapter4/action_ws/install/base_interfaces_demo/lib/libbase_interfaces_demo__rosidl_typesupport_fastrtps_cpp.so
[4.255s] -- Set runtime path of "/home/emmm/Desktop/RM/ROS2/learn/chapter4/action_ws/install/base_interfaces_demo/lib/libbase_interfaces_demo__rosidl_typesupport_fastrtps_cpp.so" to ""
[4.255s] -- Up-to-date: /home/emmm/Desktop/RM/ROS2/learn/chapter4/action_ws/install/base_interfaces_demo/include/base_interfaces_demo/base_interfaces_demo
[4.255s] -- Up-to-date: /home/emmm/Desktop/RM/ROS2/learn/chapter4/action_ws/install/base_interfaces_demo/include/base_interfaces_demo/base_interfaces_demo/action
[4.255s] -- Up-to-date: /home/emmm/Desktop/RM/ROS2/learn/chapter4/action_ws/install/base_interfaces_demo/include/base_interfaces_demo/base_interfaces_demo/action/detail
[4.255s] -- Installing: /home/emmm/Desktop/RM/ROS2/learn/chapter4/action_ws/install/base_interfaces_demo/include/base_interfaces_demo/base_interfaces_demo/action/detail/progress__type_support.cpp
[4.255s] -- Installing: /home/emmm/Desktop/RM/ROS2/learn/chapter4/action_ws/install/base_interfaces_demo/include/base_interfaces_demo/base_interfaces_demo/action/detail/progress__rosidl_typesupport_introspection_cpp.hpp
[4.255s] -- Installing: /home/emmm/Desktop/RM/ROS2/learn/chapter4/action_ws/install/base_interfaces_demo/lib/libbase_interfaces_demo__rosidl_typesupport_introspection_cpp.so
[4.256s] -- Set runtime path of "/home/emmm/Desktop/RM/ROS2/learn/chapter4/action_ws/install/base_interfaces_demo/lib/libbase_interfaces_demo__rosidl_typesupport_introspection_cpp.so" to ""
[4.256s] -- Installing: /home/emmm/Desktop/RM/ROS2/learn/chapter4/action_ws/install/base_interfaces_demo/lib/libbase_interfaces_demo__rosidl_typesupport_cpp.so
[4.256s] -- Set runtime path of "/home/emmm/Desktop/RM/ROS2/learn/chapter4/action_ws/install/base_interfaces_demo/lib/libbase_interfaces_demo__rosidl_typesupport_cpp.so" to ""
[4.256s] -- Installing: /home/emmm/Desktop/RM/ROS2/learn/chapter4/action_ws/install/base_interfaces_demo/share/base_interfaces_demo/environment/pythonpath.sh
[4.256s] -- Installing: /home/emmm/Desktop/RM/ROS2/learn/chapter4/action_ws/install/base_interfaces_demo/share/base_interfaces_demo/environment/pythonpath.dsv
[4.256s] -- Installing: /home/emmm/Desktop/RM/ROS2/learn/chapter4/action_ws/install/base_interfaces_demo/local/lib/python3.10/dist-packages/base_interfaces_demo-0.0.0-py3.10.egg-info
[4.256s] -- Installing: /home/emmm/Desktop/RM/ROS2/learn/chapter4/action_ws/install/base_interfaces_demo/local/lib/python3.10/dist-packages/base_interfaces_demo-0.0.0-py3.10.egg-info/PKG-INFO
[4.256s] -- Installing: /home/emmm/Desktop/RM/ROS2/learn/chapter4/action_ws/install/base_interfaces_demo/local/lib/python3.10/dist-packages/base_interfaces_demo-0.0.0-py3.10.egg-info/dependency_links.txt
[4.256s] -- Installing: /home/emmm/Desktop/RM/ROS2/learn/chapter4/action_ws/install/base_interfaces_demo/local/lib/python3.10/dist-packages/base_interfaces_demo-0.0.0-py3.10.egg-info/SOURCES.txt
[4.256s] -- Installing: /home/emmm/Desktop/RM/ROS2/learn/chapter4/action_ws/install/base_interfaces_demo/local/lib/python3.10/dist-packages/base_interfaces_demo-0.0.0-py3.10.egg-info/top_level.txt
[4.256s] -- Installing: /home/emmm/Desktop/RM/ROS2/learn/chapter4/action_ws/install/base_interfaces_demo/local/lib/python3.10/dist-packages/base_interfaces_demo
[4.256s] -- Installing: /home/emmm/Desktop/RM/ROS2/learn/chapter4/action_ws/install/base_interfaces_demo/local/lib/python3.10/dist-packages/base_interfaces_demo/base_interfaces_demo_s__rosidl_typesupport_c.cpython-310-x86_64-linux-gnu.so
[4.256s] -- Installing: /home/emmm/Desktop/RM/ROS2/learn/chapter4/action_ws/install/base_interfaces_demo/local/lib/python3.10/dist-packages/base_interfaces_demo/_base_interfaces_demo_s.ep.rosidl_typesupport_introspection_c.c
[4.257s] -- Installing: /home/emmm/Desktop/RM/ROS2/learn/chapter4/action_ws/install/base_interfaces_demo/local/lib/python3.10/dist-packages/base_interfaces_demo/_base_interfaces_demo_s.ep.rosidl_typesupport_c.c
[4.257s] -- Installing: /home/emmm/Desktop/RM/ROS2/learn/chapter4/action_ws/install/base_interfaces_demo/local/lib/python3.10/dist-packages/base_interfaces_demo/action
[4.257s] -- Installing: /home/emmm/Desktop/RM/ROS2/learn/chapter4/action_ws/install/base_interfaces_demo/local/lib/python3.10/dist-packages/base_interfaces_demo/action/_progress_s.c
[4.257s] -- Installing: /home/emmm/Desktop/RM/ROS2/learn/chapter4/action_ws/install/base_interfaces_demo/local/lib/python3.10/dist-packages/base_interfaces_demo/action/_progress.py
[4.257s] -- Installing: /home/emmm/Desktop/RM/ROS2/learn/chapter4/action_ws/install/base_interfaces_demo/local/lib/python3.10/dist-packages/base_interfaces_demo/action/__init__.py
[4.257s] -- Installing: /home/emmm/Desktop/RM/ROS2/learn/chapter4/action_ws/install/base_interfaces_demo/local/lib/python3.10/dist-packages/base_interfaces_demo/_base_interfaces_demo_s.ep.rosidl_typesupport_fastrtps_c.c
[4.257s] -- Installing: /home/emmm/Desktop/RM/ROS2/learn/chapter4/action_ws/install/base_interfaces_demo/local/lib/python3.10/dist-packages/base_interfaces_demo/base_interfaces_demo_s__rosidl_typesupport_fastrtps_c.cpython-310-x86_64-linux-gnu.so
[4.257s] -- Installing: /home/emmm/Desktop/RM/ROS2/learn/chapter4/action_ws/install/base_interfaces_demo/local/lib/python3.10/dist-packages/base_interfaces_demo/libbase_interfaces_demo__rosidl_generator_py.so
[4.257s] -- Installing: /home/emmm/Desktop/RM/ROS2/learn/chapter4/action_ws/install/base_interfaces_demo/local/lib/python3.10/dist-packages/base_interfaces_demo/__init__.py
[4.257s] -- Installing: /home/emmm/Desktop/RM/ROS2/learn/chapter4/action_ws/install/base_interfaces_demo/local/lib/python3.10/dist-packages/base_interfaces_demo/base_interfaces_demo_s__rosidl_typesupport_introspection_c.cpython-310-x86_64-linux-gnu.so
[4.304s] Listing '/home/emmm/Desktop/RM/ROS2/learn/chapter4/action_ws/install/base_interfaces_demo/local/lib/python3.10/dist-packages/base_interfaces_demo'...
[4.304s] Compiling '/home/emmm/Desktop/RM/ROS2/learn/chapter4/action_ws/install/base_interfaces_demo/local/lib/python3.10/dist-packages/base_interfaces_demo/__init__.py'...
[4.304s] Listing '/home/emmm/Desktop/RM/ROS2/learn/chapter4/action_ws/install/base_interfaces_demo/local/lib/python3.10/dist-packages/base_interfaces_demo/action'...
[4.304s] Compiling '/home/emmm/Desktop/RM/ROS2/learn/chapter4/action_ws/install/base_interfaces_demo/local/lib/python3.10/dist-packages/base_interfaces_demo/action/__init__.py'...
[4.304s] Compiling '/home/emmm/Desktop/RM/ROS2/learn/chapter4/action_ws/install/base_interfaces_demo/local/lib/python3.10/dist-packages/base_interfaces_demo/action/_progress.py'...
[4.310s] -- Installing: /home/emmm/Desktop/RM/ROS2/learn/chapter4/action_ws/install/base_interfaces_demo/local/lib/python3.10/dist-packages/base_interfaces_demo/base_interfaces_demo_s__rosidl_typesupport_fastrtps_c.cpython-310-x86_64-linux-gnu.so
[4.311s] -- Set runtime path of "/home/emmm/Desktop/RM/ROS2/learn/chapter4/action_ws/install/base_interfaces_demo/local/lib/python3.10/dist-packages/base_interfaces_demo/base_interfaces_demo_s__rosidl_typesupport_fastrtps_c.cpython-310-x86_64-linux-gnu.so" to ""
[4.311s] -- Installing: /home/emmm/Desktop/RM/ROS2/learn/chapter4/action_ws/install/base_interfaces_demo/local/lib/python3.10/dist-packages/base_interfaces_demo/base_interfaces_demo_s__rosidl_typesupport_introspection_c.cpython-310-x86_64-linux-gnu.so
[4.311s] -- Set runtime path of "/home/emmm/Desktop/RM/ROS2/learn/chapter4/action_ws/install/base_interfaces_demo/local/lib/python3.10/dist-packages/base_interfaces_demo/base_interfaces_demo_s__rosidl_typesupport_introspection_c.cpython-310-x86_64-linux-gnu.so" to ""
[4.312s] -- Installing: /home/emmm/Desktop/RM/ROS2/learn/chapter4/action_ws/install/base_interfaces_demo/local/lib/python3.10/dist-packages/base_interfaces_demo/base_interfaces_demo_s__rosidl_typesupport_c.cpython-310-x86_64-linux-gnu.so
[4.312s] -- Set runtime path of "/home/emmm/Desktop/RM/ROS2/learn/chapter4/action_ws/install/base_interfaces_demo/local/lib/python3.10/dist-packages/base_interfaces_demo/base_interfaces_demo_s__rosidl_typesupport_c.cpython-310-x86_64-linux-gnu.so" to ""
[4.312s] -- Installing: /home/emmm/Desktop/RM/ROS2/learn/chapter4/action_ws/install/base_interfaces_demo/lib/libbase_interfaces_demo__rosidl_generator_py.so
[4.312s] -- Set runtime path of "/home/emmm/Desktop/RM/ROS2/learn/chapter4/action_ws/install/base_interfaces_demo/lib/libbase_interfaces_demo__rosidl_generator_py.so" to ""
[4.312s] -- Installing: /home/emmm/Desktop/RM/ROS2/learn/chapter4/action_ws/install/base_interfaces_demo/share/base_interfaces_demo/action/Progress.idl
[4.313s] -- Installing: /home/emmm/Desktop/RM/ROS2/learn/chapter4/action_ws/install/base_interfaces_demo/share/base_interfaces_demo/action/Progress.action
[4.313s] -- Installing: /home/emmm/Desktop/RM/ROS2/learn/chapter4/action_ws/install/base_interfaces_demo/share/ament_index/resource_index/package_run_dependencies/base_interfaces_demo
[4.313s] -- Installing: /home/emmm/Desktop/RM/ROS2/learn/chapter4/action_ws/install/base_interfaces_demo/share/ament_index/resource_index/parent_prefix_path/base_interfaces_demo
[4.313s] -- Installing: /home/emmm/Desktop/RM/ROS2/learn/chapter4/action_ws/install/base_interfaces_demo/share/base_interfaces_demo/environment/ament_prefix_path.sh
[4.313s] -- Installing: /home/emmm/Desktop/RM/ROS2/learn/chapter4/action_ws/install/base_interfaces_demo/share/base_interfaces_demo/environment/ament_prefix_path.dsv
[4.314s] -- Installing: /home/emmm/Desktop/RM/ROS2/learn/chapter4/action_ws/install/base_interfaces_demo/share/base_interfaces_demo/environment/path.sh
[4.314s] -- Installing: /home/emmm/Desktop/RM/ROS2/learn/chapter4/action_ws/install/base_interfaces_demo/share/base_interfaces_demo/environment/path.dsv
[4.314s] -- Installing: /home/emmm/Desktop/RM/ROS2/learn/chapter4/action_ws/install/base_interfaces_demo/share/base_interfaces_demo/local_setup.bash
[4.314s] -- Installing: /home/emmm/Desktop/RM/ROS2/learn/chapter4/action_ws/install/base_interfaces_demo/share/base_interfaces_demo/local_setup.sh
[4.314s] -- Installing: /home/emmm/Desktop/RM/ROS2/learn/chapter4/action_ws/install/base_interfaces_demo/share/base_interfaces_demo/local_setup.zsh
[4.314s] -- Installing: /home/emmm/Desktop/RM/ROS2/learn/chapter4/action_ws/install/base_interfaces_demo/share/base_interfaces_demo/local_setup.dsv
[4.314s] -- Installing: /home/emmm/Desktop/RM/ROS2/learn/chapter4/action_ws/install/base_interfaces_demo/share/base_interfaces_demo/package.dsv
[4.315s] -- Installing: /home/emmm/Desktop/RM/ROS2/learn/chapter4/action_ws/install/base_interfaces_demo/share/ament_index/resource_index/packages/base_interfaces_demo
[4.315s] -- Installing: /home/emmm/Desktop/RM/ROS2/learn/chapter4/action_ws/install/base_interfaces_demo/share/base_interfaces_demo/cmake/export_base_interfaces_demo__rosidl_generator_cExport.cmake
[4.315s] -- Installing: /home/emmm/Desktop/RM/ROS2/learn/chapter4/action_ws/install/base_interfaces_demo/share/base_interfaces_demo/cmake/export_base_interfaces_demo__rosidl_generator_cExport-noconfig.cmake
[4.315s] -- Installing: /home/emmm/Desktop/RM/ROS2/learn/chapter4/action_ws/install/base_interfaces_demo/share/base_interfaces_demo/cmake/export_base_interfaces_demo__rosidl_typesupport_fastrtps_cExport.cmake
[4.315s] -- Installing: /home/emmm/Desktop/RM/ROS2/learn/chapter4/action_ws/install/base_interfaces_demo/share/base_interfaces_demo/cmake/export_base_interfaces_demo__rosidl_typesupport_fastrtps_cExport-noconfig.cmake
[4.316s] -- Installing: /home/emmm/Desktop/RM/ROS2/learn/chapter4/action_ws/install/base_interfaces_demo/share/base_interfaces_demo/cmake/base_interfaces_demo__rosidl_typesupport_introspection_cExport.cmake
[4.316s] -- Installing: /home/emmm/Desktop/RM/ROS2/learn/chapter4/action_ws/install/base_interfaces_demo/share/base_interfaces_demo/cmake/base_interfaces_demo__rosidl_typesupport_introspection_cExport-noconfig.cmake
[4.316s] -- Installing: /home/emmm/Desktop/RM/ROS2/learn/chapter4/action_ws/install/base_interfaces_demo/share/base_interfaces_demo/cmake/base_interfaces_demo__rosidl_typesupport_cExport.cmake
[4.316s] -- Installing: /home/emmm/Desktop/RM/ROS2/learn/chapter4/action_ws/install/base_interfaces_demo/share/base_interfaces_demo/cmake/base_interfaces_demo__rosidl_typesupport_cExport-noconfig.cmake
[4.316s] -- Installing: /home/emmm/Desktop/RM/ROS2/learn/chapter4/action_ws/install/base_interfaces_demo/share/base_interfaces_demo/cmake/export_base_interfaces_demo__rosidl_generator_cppExport.cmake
[4.316s] -- Installing: /home/emmm/Desktop/RM/ROS2/learn/chapter4/action_ws/install/base_interfaces_demo/share/base_interfaces_demo/cmake/export_base_interfaces_demo__rosidl_typesupport_fastrtps_cppExport.cmake
[4.317s] -- Installing: /home/emmm/Desktop/RM/ROS2/learn/chapter4/action_ws/install/base_interfaces_demo/share/base_interfaces_demo/cmake/export_base_interfaces_demo__rosidl_typesupport_fastrtps_cppExport-noconfig.cmake
[4.317s] -- Installing: /home/emmm/Desktop/RM/ROS2/learn/chapter4/action_ws/install/base_interfaces_demo/share/base_interfaces_demo/cmake/base_interfaces_demo__rosidl_typesupport_introspection_cppExport.cmake
[4.317s] -- Installing: /home/emmm/Desktop/RM/ROS2/learn/chapter4/action_ws/install/base_interfaces_demo/share/base_interfaces_demo/cmake/base_interfaces_demo__rosidl_typesupport_introspection_cppExport-noconfig.cmake
[4.317s] -- Installing: /home/emmm/Desktop/RM/ROS2/learn/chapter4/action_ws/install/base_interfaces_demo/share/base_interfaces_demo/cmake/base_interfaces_demo__rosidl_typesupport_cppExport.cmake
[4.317s] -- Installing: /home/emmm/Desktop/RM/ROS2/learn/chapter4/action_ws/install/base_interfaces_demo/share/base_interfaces_demo/cmake/base_interfaces_demo__rosidl_typesupport_cppExport-noconfig.cmake
[4.317s] -- Installing: /home/emmm/Desktop/RM/ROS2/learn/chapter4/action_ws/install/base_interfaces_demo/share/base_interfaces_demo/cmake/export_base_interfaces_demo__rosidl_generator_pyExport.cmake
[4.317s] -- Installing: /home/emmm/Desktop/RM/ROS2/learn/chapter4/action_ws/install/base_interfaces_demo/share/base_interfaces_demo/cmake/export_base_interfaces_demo__rosidl_generator_pyExport-noconfig.cmake
[4.318s] -- Installing: /home/emmm/Desktop/RM/ROS2/learn/chapter4/action_ws/install/base_interfaces_demo/share/base_interfaces_demo/cmake/rosidl_cmake-extras.cmake
[4.318s] -- Installing: /home/emmm/Desktop/RM/ROS2/learn/chapter4/action_ws/install/base_interfaces_demo/share/base_interfaces_demo/cmake/ament_cmake_export_dependencies-extras.cmake
[4.318s] -- Installing: /home/emmm/Desktop/RM/ROS2/learn/chapter4/action_ws/install/base_interfaces_demo/share/base_interfaces_demo/cmake/ament_cmake_export_include_directories-extras.cmake
[4.318s] -- Installing: /home/emmm/Desktop/RM/ROS2/learn/chapter4/action_ws/install/base_interfaces_demo/share/base_interfaces_demo/cmake/ament_cmake_export_libraries-extras.cmake
[4.318s] -- Installing: /home/emmm/Desktop/RM/ROS2/learn/chapter4/action_ws/install/base_interfaces_demo/share/base_interfaces_demo/cmake/ament_cmake_export_targets-extras.cmake
[4.318s] -- Installing: /home/emmm/Desktop/RM/ROS2/learn/chapter4/action_ws/install/base_interfaces_demo/share/base_interfaces_demo/cmake/rosidl_cmake_export_typesupport_targets-extras.cmake
[4.319s] -- Installing: /home/emmm/Desktop/RM/ROS2/learn/chapter4/action_ws/install/base_interfaces_demo/share/base_interfaces_demo/cmake/rosidl_cmake_export_typesupport_libraries-extras.cmake
[4.319s] -- Installing: /home/emmm/Desktop/RM/ROS2/learn/chapter4/action_ws/install/base_interfaces_demo/share/base_interfaces_demo/cmake/base_interfaces_demoConfig.cmake
[4.319s] -- Installing: /home/emmm/Desktop/RM/ROS2/learn/chapter4/action_ws/install/base_interfaces_demo/share/base_interfaces_demo/cmake/base_interfaces_demoConfig-version.cmake
[4.319s] -- Installing: /home/emmm/Desktop/RM/ROS2/learn/chapter4/action_ws/install/base_interfaces_demo/share/base_interfaces_demo/package.xml
[4.322s] Invoked command in '/home/emmm/Desktop/RM/ROS2/learn/chapter4/action_ws/build/base_interfaces_demo' returned '0': CMAKE_PREFIX_PATH=${CMAKE_PREFIX_PATH}:/opt/ros/humble /usr/bin/cmake --install /home/emmm/Desktop/RM/ROS2/learn/chapter4/action_ws/build/base_interfaces_demo
