[0.008s] Invoking command in '/home/emmm/Desktop/RM/ROS2/learn/chapter5/launch_ws/build/cpp_launch': CMAKE_PREFIX_PATH=${CMAKE_PREFIX_PATH}:/opt/ros/humble /usr/bin/cmake --build /home/emmm/Desktop/RM/ROS2/learn/chapter5/launch_ws/build/cpp_launch -- -j12 -l12
[0.044s] Invoked command in '/home/emmm/Desktop/RM/ROS2/learn/chapter5/launch_ws/build/cpp_launch' returned '0': CMAKE_PREFIX_PATH=${CMAKE_PREFIX_PATH}:/opt/ros/humble /usr/bin/cmake --build /home/emmm/Desktop/RM/ROS2/learn/chapter5/launch_ws/build/cpp_launch -- -j12 -l12
[0.054s] Invoking command in '/home/emmm/Desktop/RM/ROS2/learn/chapter5/launch_ws/build/cpp_launch': CMAKE_PREFIX_PATH=${CMAKE_PREFIX_PATH}:/opt/ros/humble /usr/bin/cmake --install /home/emmm/Desktop/RM/ROS2/learn/chapter5/launch_ws/build/cpp_launch
[0.067s] -- Install configuration: ""
[0.067s] -- Up-to-date: /home/emmm/Desktop/RM/ROS2/learn/chapter5/launch_ws/install/cpp_launch/share/cpp_launch/launch
[0.067s] -- Up-to-date: /home/emmm/Desktop/RM/ROS2/learn/chapter5/launch_ws/install/cpp_launch/share/cpp_launch/launch/xml
[0.067s] -- Up-to-date: /home/emmm/Desktop/RM/ROS2/learn/chapter5/launch_ws/install/cpp_launch/share/cpp_launch/launch/xml/xml_base.launch.xml
[0.068s] -- Up-to-date: /home/emmm/Desktop/RM/ROS2/learn/chapter5/launch_ws/install/cpp_launch/share/cpp_launch/launch/xml/xml_node.launch.xml
[0.068s] -- Up-to-date: /home/emmm/Desktop/RM/ROS2/learn/chapter5/launch_ws/install/cpp_launch/share/cpp_launch/launch/yaml
[0.068s] -- Installing: /home/emmm/Desktop/RM/ROS2/learn/chapter5/launch_ws/install/cpp_launch/share/cpp_launch/launch/yaml/yaml_node.launch.yaml
[0.068s] -- Up-to-date: /home/emmm/Desktop/RM/ROS2/learn/chapter5/launch_ws/install/cpp_launch/share/cpp_launch/launch/yaml/yaml_base.launch.yaml
[0.068s] -- Up-to-date: /home/emmm/Desktop/RM/ROS2/learn/chapter5/launch_ws/install/cpp_launch/share/cpp_launch/launch/py
[0.068s] -- Up-to-date: /home/emmm/Desktop/RM/ROS2/learn/chapter5/launch_ws/install/cpp_launch/share/cpp_launch/launch/py/py_include.launch.py
[0.068s] -- Up-to-date: /home/emmm/Desktop/RM/ROS2/learn/chapter5/launch_ws/install/cpp_launch/share/cpp_launch/launch/py/py_group.launch.py
[0.068s] -- Up-to-date: /home/emmm/Desktop/RM/ROS2/learn/chapter5/launch_ws/install/cpp_launch/share/cpp_launch/launch/py/py_base.launch.py
[0.068s] -- Up-to-date: /home/emmm/Desktop/RM/ROS2/learn/chapter5/launch_ws/install/cpp_launch/share/cpp_launch/launch/py/py_node.launch.py
[0.069s] -- Up-to-date: /home/emmm/Desktop/RM/ROS2/learn/chapter5/launch_ws/install/cpp_launch/share/cpp_launch/launch/py/py_event.launch.py
[0.069s] -- Up-to-date: /home/emmm/Desktop/RM/ROS2/learn/chapter5/launch_ws/install/cpp_launch/share/cpp_launch/launch/py/py_args.launch.py
[0.069s] -- Up-to-date: /home/emmm/Desktop/RM/ROS2/learn/chapter5/launch_ws/install/cpp_launch/share/cpp_launch/launch/py/py_cmd.launch.py
[0.069s] -- Up-to-date: /home/emmm/Desktop/RM/ROS2/learn/chapter5/launch_ws/install/cpp_launch/share/cpp_launch/config
[0.069s] -- Up-to-date: /home/emmm/Desktop/RM/ROS2/learn/chapter5/launch_ws/install/cpp_launch/share/cpp_launch/config/t2.yaml
[0.069s] -- Up-to-date: /home/emmm/Desktop/RM/ROS2/learn/chapter5/launch_ws/install/cpp_launch/share/ament_index/resource_index/package_run_dependencies/cpp_launch
[0.069s] -- Up-to-date: /home/emmm/Desktop/RM/ROS2/learn/chapter5/launch_ws/install/cpp_launch/share/ament_index/resource_index/parent_prefix_path/cpp_launch
[0.070s] -- Up-to-date: /home/emmm/Desktop/RM/ROS2/learn/chapter5/launch_ws/install/cpp_launch/share/cpp_launch/environment/ament_prefix_path.sh
[0.070s] -- Up-to-date: /home/emmm/Desktop/RM/ROS2/learn/chapter5/launch_ws/install/cpp_launch/share/cpp_launch/environment/ament_prefix_path.dsv
[0.070s] -- Up-to-date: /home/emmm/Desktop/RM/ROS2/learn/chapter5/launch_ws/install/cpp_launch/share/cpp_launch/environment/path.sh
[0.070s] -- Up-to-date: /home/emmm/Desktop/RM/ROS2/learn/chapter5/launch_ws/install/cpp_launch/share/cpp_launch/environment/path.dsv
[0.070s] -- Up-to-date: /home/emmm/Desktop/RM/ROS2/learn/chapter5/launch_ws/install/cpp_launch/share/cpp_launch/local_setup.bash
[0.071s] -- Up-to-date: /home/emmm/Desktop/RM/ROS2/learn/chapter5/launch_ws/install/cpp_launch/share/cpp_launch/local_setup.sh
[0.071s] -- Up-to-date: /home/emmm/Desktop/RM/ROS2/learn/chapter5/launch_ws/install/cpp_launch/share/cpp_launch/local_setup.zsh
[0.071s] -- Up-to-date: /home/emmm/Desktop/RM/ROS2/learn/chapter5/launch_ws/install/cpp_launch/share/cpp_launch/local_setup.dsv
[0.071s] -- Installing: /home/emmm/Desktop/RM/ROS2/learn/chapter5/launch_ws/install/cpp_launch/share/cpp_launch/package.dsv
[0.071s] -- Up-to-date: /home/emmm/Desktop/RM/ROS2/learn/chapter5/launch_ws/install/cpp_launch/share/ament_index/resource_index/packages/cpp_launch
[0.071s] -- Up-to-date: /home/emmm/Desktop/RM/ROS2/learn/chapter5/launch_ws/install/cpp_launch/share/cpp_launch/cmake/cpp_launchConfig.cmake
[0.071s] -- Up-to-date: /home/emmm/Desktop/RM/ROS2/learn/chapter5/launch_ws/install/cpp_launch/share/cpp_launch/cmake/cpp_launchConfig-version.cmake
[0.072s] -- Up-to-date: /home/emmm/Desktop/RM/ROS2/learn/chapter5/launch_ws/install/cpp_launch/share/cpp_launch/package.xml
[0.073s] Invoked command in '/home/emmm/Desktop/RM/ROS2/learn/chapter5/launch_ws/build/cpp_launch' returned '0': CMAKE_PREFIX_PATH=${CMAKE_PREFIX_PATH}:/opt/ros/humble /usr/bin/cmake --install /home/emmm/Desktop/RM/ROS2/learn/chapter5/launch_ws/build/cpp_launch
