[0.015s] Invoking command in '/home/emmm/Desktop/RM/ROS2/learn/chapter4/action_ws/build/cpp_action': CMAKE_PREFIX_PATH=/home/emmm/Desktop/RM/ROS2/learn/chapter4/action_ws/install/base_interfaces_demo:/home/emmm/Desktop/RM/ROS2/learn/chapter4/action_ws/install/cpp_action:/home/emmm/Desktop/RM/ROS2/learn/chapter4/action_ws/install/example_action_rclcpp:/home/emmm/Desktop/RM/ROS2/learn/chapter4/action_ws/install/robot_control_interfaces:/opt/ros/humble LD_LIBRARY_PATH=/home/emmm/Desktop/RM/ROS2/learn/chapter4/action_ws/install/base_interfaces_demo/lib:/home/emmm/Desktop/RM/ROS2/learn/chapter4/action_ws/install/robot_control_interfaces/lib:/usr/lib/x86_64-linux-gnu/gazebo-11/plugins:/opt/ros/humble/opt/rviz_ogre_vendor/lib:/opt/ros/humble/lib/x86_64-linux-gnu:/opt/ros/humble/lib /usr/bin/cmake --build /home/emmm/Desktop/RM/ROS2/learn/chapter4/action_ws/build/cpp_action -- -j12 -l12
[0.057s] [35m[1mConsolidate compiler generated dependencies of target demo_action_server[0m
[0.077s] [ 75%] [32mBuilding CXX object CMakeFiles/demo_action_server.dir/src/demo_action_server.cpp.o[0m
[0.077s] [ 75%] Built target demo_action_client
[2.490s] [100%] [32m[1mLinking CXX executable demo_action_server[0m
[2.622s] [100%] Built target demo_action_server
[2.640s] Invoked command in '/home/emmm/Desktop/RM/ROS2/learn/chapter4/action_ws/build/cpp_action' returned '0': CMAKE_PREFIX_PATH=/home/emmm/Desktop/RM/ROS2/learn/chapter4/action_ws/install/base_interfaces_demo:/home/emmm/Desktop/RM/ROS2/learn/chapter4/action_ws/install/cpp_action:/home/emmm/Desktop/RM/ROS2/learn/chapter4/action_ws/install/example_action_rclcpp:/home/emmm/Desktop/RM/ROS2/learn/chapter4/action_ws/install/robot_control_interfaces:/opt/ros/humble LD_LIBRARY_PATH=/home/emmm/Desktop/RM/ROS2/learn/chapter4/action_ws/install/base_interfaces_demo/lib:/home/emmm/Desktop/RM/ROS2/learn/chapter4/action_ws/install/robot_control_interfaces/lib:/usr/lib/x86_64-linux-gnu/gazebo-11/plugins:/opt/ros/humble/opt/rviz_ogre_vendor/lib:/opt/ros/humble/lib/x86_64-linux-gnu:/opt/ros/humble/lib /usr/bin/cmake --build /home/emmm/Desktop/RM/ROS2/learn/chapter4/action_ws/build/cpp_action -- -j12 -l12
[2.655s] Invoking command in '/home/emmm/Desktop/RM/ROS2/learn/chapter4/action_ws/build/cpp_action': CMAKE_PREFIX_PATH=/home/emmm/Desktop/RM/ROS2/learn/chapter4/action_ws/install/base_interfaces_demo:/home/emmm/Desktop/RM/ROS2/learn/chapter4/action_ws/install/cpp_action:/home/emmm/Desktop/RM/ROS2/learn/chapter4/action_ws/install/example_action_rclcpp:/home/emmm/Desktop/RM/ROS2/learn/chapter4/action_ws/install/robot_control_interfaces:/opt/ros/humble LD_LIBRARY_PATH=/home/emmm/Desktop/RM/ROS2/learn/chapter4/action_ws/install/base_interfaces_demo/lib:/home/emmm/Desktop/RM/ROS2/learn/chapter4/action_ws/install/robot_control_interfaces/lib:/usr/lib/x86_64-linux-gnu/gazebo-11/plugins:/opt/ros/humble/opt/rviz_ogre_vendor/lib:/opt/ros/humble/lib/x86_64-linux-gnu:/opt/ros/humble/lib /usr/bin/cmake --install /home/emmm/Desktop/RM/ROS2/learn/chapter4/action_ws/build/cpp_action
[2.668s] -- Install configuration: ""
[2.668s] -- Installing: /home/emmm/Desktop/RM/ROS2/learn/chapter4/action_ws/install/cpp_action/lib/cpp_action/demo_action_server
[2.669s] -- Set runtime path of "/home/emmm/Desktop/RM/ROS2/learn/chapter4/action_ws/install/cpp_action/lib/cpp_action/demo_action_server" to ""
[2.670s] -- Up-to-date: /home/emmm/Desktop/RM/ROS2/learn/chapter4/action_ws/install/cpp_action/lib/cpp_action/demo_action_client
[2.670s] -- Up-to-date: /home/emmm/Desktop/RM/ROS2/learn/chapter4/action_ws/install/cpp_action/share/ament_index/resource_index/package_run_dependencies/cpp_action
[2.670s] -- Up-to-date: /home/emmm/Desktop/RM/ROS2/learn/chapter4/action_ws/install/cpp_action/share/ament_index/resource_index/parent_prefix_path/cpp_action
[2.670s] -- Up-to-date: /home/emmm/Desktop/RM/ROS2/learn/chapter4/action_ws/install/cpp_action/share/cpp_action/environment/ament_prefix_path.sh
[2.670s] -- Up-to-date: /home/emmm/Desktop/RM/ROS2/learn/chapter4/action_ws/install/cpp_action/share/cpp_action/environment/ament_prefix_path.dsv
[2.671s] -- Up-to-date: /home/emmm/Desktop/RM/ROS2/learn/chapter4/action_ws/install/cpp_action/share/cpp_action/environment/path.sh
[2.671s] -- Up-to-date: /home/emmm/Desktop/RM/ROS2/learn/chapter4/action_ws/install/cpp_action/share/cpp_action/environment/path.dsv
[2.671s] -- Up-to-date: /home/emmm/Desktop/RM/ROS2/learn/chapter4/action_ws/install/cpp_action/share/cpp_action/local_setup.bash
[2.671s] -- Up-to-date: /home/emmm/Desktop/RM/ROS2/learn/chapter4/action_ws/install/cpp_action/share/cpp_action/local_setup.sh
[2.671s] -- Up-to-date: /home/emmm/Desktop/RM/ROS2/learn/chapter4/action_ws/install/cpp_action/share/cpp_action/local_setup.zsh
[2.671s] -- Up-to-date: /home/emmm/Desktop/RM/ROS2/learn/chapter4/action_ws/install/cpp_action/share/cpp_action/local_setup.dsv
[2.671s] -- Installing: /home/emmm/Desktop/RM/ROS2/learn/chapter4/action_ws/install/cpp_action/share/cpp_action/package.dsv
[2.671s] -- Up-to-date: /home/emmm/Desktop/RM/ROS2/learn/chapter4/action_ws/install/cpp_action/share/ament_index/resource_index/packages/cpp_action
[2.672s] -- Up-to-date: /home/emmm/Desktop/RM/ROS2/learn/chapter4/action_ws/install/cpp_action/share/cpp_action/cmake/cpp_actionConfig.cmake
[2.672s] -- Up-to-date: /home/emmm/Desktop/RM/ROS2/learn/chapter4/action_ws/install/cpp_action/share/cpp_action/cmake/cpp_actionConfig-version.cmake
[2.672s] -- Up-to-date: /home/emmm/Desktop/RM/ROS2/learn/chapter4/action_ws/install/cpp_action/share/cpp_action/package.xml
[2.673s] Invoked command in '/home/emmm/Desktop/RM/ROS2/learn/chapter4/action_ws/build/cpp_action' returned '0': CMAKE_PREFIX_PATH=/home/emmm/Desktop/RM/ROS2/learn/chapter4/action_ws/install/base_interfaces_demo:/home/emmm/Desktop/RM/ROS2/learn/chapter4/action_ws/install/cpp_action:/home/emmm/Desktop/RM/ROS2/learn/chapter4/action_ws/install/example_action_rclcpp:/home/emmm/Desktop/RM/ROS2/learn/chapter4/action_ws/install/robot_control_interfaces:/opt/ros/humble LD_LIBRARY_PATH=/home/emmm/Desktop/RM/ROS2/learn/chapter4/action_ws/install/base_interfaces_demo/lib:/home/emmm/Desktop/RM/ROS2/learn/chapter4/action_ws/install/robot_control_interfaces/lib:/usr/lib/x86_64-linux-gnu/gazebo-11/plugins:/opt/ros/humble/opt/rviz_ogre_vendor/lib:/opt/ros/humble/lib/x86_64-linux-gnu:/opt/ros/humble/lib /usr/bin/cmake --install /home/emmm/Desktop/RM/ROS2/learn/chapter4/action_ws/build/cpp_action
