[0.009s] Invoking command in '/home/emmm/Desktop/RM/ROS2/learn/chapter4/param_ws/build/cpp_param': CMAKE_PREFIX_PATH=/opt/ros/humble /usr/bin/cmake /home/emmm/Desktop/RM/ROS2/learn/chapter4/param_ws/src/cpp_param -DCMAKE_INSTALL_PREFIX=/home/emmm/Desktop/RM/ROS2/learn/chapter4/param_ws/install/cpp_param
[0.107s] -- The C compiler identification is GNU 11.4.0
[0.219s] -- The CXX compiler identification is GNU 11.4.0
[0.226s] -- Detecting C compiler ABI info
[0.292s] -- Detecting C compiler ABI info - done
[0.301s] -- Check for working C compiler: /usr/bin/cc - skipped
[0.302s] -- Detecting C compile features
[0.302s] -- Detecting C compile features - done
[0.304s] -- Detecting CXX compiler ABI info
[0.383s] -- Detecting CXX compiler ABI info - done
[0.389s] -- Check for working CXX compiler: /usr/bin/c++ - skipped
[0.390s] -- Detecting CXX compile features
[0.390s] -- Detecting CXX compile features - done
[0.391s] -- Found ament_cmake: 1.3.12 (/opt/ros/humble/share/ament_cmake/cmake)
[0.523s] -- Found Python3: /usr/bin/python3 (found version "3.10.12") found components: Interpreter 
[0.600s] -- Found rclcpp: 16.0.17 (/opt/ros/humble/share/rclcpp/cmake)
[0.645s] -- Found rosidl_generator_c: 3.1.8 (/opt/ros/humble/share/rosidl_generator_c/cmake)
[0.650s] -- Found rosidl_adapter: 3.1.8 (/opt/ros/humble/share/rosidl_adapter/cmake)
[0.661s] -- Found rosidl_generator_cpp: 3.1.8 (/opt/ros/humble/share/rosidl_generator_cpp/cmake)
[0.670s] -- Using all available rosidl_typesupport_c: rosidl_typesupport_fastrtps_c;rosidl_typesupport_introspection_c
[0.683s] -- Using all available rosidl_typesupport_cpp: rosidl_typesupport_fastrtps_cpp;rosidl_typesupport_introspection_cpp
[0.730s] -- Found rmw_implementation_cmake: 6.1.2 (/opt/ros/humble/share/rmw_implementation_cmake/cmake)
[0.731s] -- Found rmw_fastrtps_cpp: 6.2.9 (/opt/ros/humble/share/rmw_fastrtps_cpp/cmake)
[0.824s] -- Found OpenSSL: /usr/lib/x86_64-linux-gnu/libcrypto.so (found version "3.0.2")  
[0.846s] -- Found FastRTPS: /opt/ros/humble/include  
[0.875s] -- Using RMW implementation 'rmw_fastrtps_cpp' as default
[0.882s] -- Looking for pthread.h
[0.970s] -- Looking for pthread.h - found
[0.970s] -- Performing Test CMAKE_HAVE_LIBC_PTHREAD
[1.042s] -- Performing Test CMAKE_HAVE_LIBC_PTHREAD - Success
[1.044s] -- Found Threads: TRUE  
[1.089s] -- Found ament_lint_auto: 0.12.14 (/opt/ros/humble/share/ament_lint_auto/cmake)
[1.156s] -- Added test 'cppcheck' to perform static code analysis on C / C++ code
[1.156s] -- Configured cppcheck include dirs: $<BUILD_INTERFACE:/home/emmm/Desktop/RM/ROS2/learn/chapter4/param_ws/src/cpp_param/include>
[1.156s] -- Configured cppcheck exclude dirs and/or files: 
[1.157s] -- Added test 'lint_cmake' to check CMake code style
[1.157s] -- Added test 'uncrustify' to check C / C++ code style
[1.157s] -- Configured uncrustify additional arguments: 
[1.157s] -- Added test 'xmllint' to check XML markup files
[1.158s] -- Configuring done
[1.163s] -- Generating done
[1.165s] -- Build files have been written to: /home/emmm/Desktop/RM/ROS2/learn/chapter4/param_ws/build/cpp_param
[1.171s] Invoked command in '/home/emmm/Desktop/RM/ROS2/learn/chapter4/param_ws/build/cpp_param' returned '0': CMAKE_PREFIX_PATH=/opt/ros/humble /usr/bin/cmake /home/emmm/Desktop/RM/ROS2/learn/chapter4/param_ws/src/cpp_param -DCMAKE_INSTALL_PREFIX=/home/emmm/Desktop/RM/ROS2/learn/chapter4/param_ws/install/cpp_param
[1.173s] Invoking command in '/home/emmm/Desktop/RM/ROS2/learn/chapter4/param_ws/build/cpp_param': CMAKE_PREFIX_PATH=/opt/ros/humble /usr/bin/cmake --build /home/emmm/Desktop/RM/ROS2/learn/chapter4/param_ws/build/cpp_param -- -j12 -l12
[1.220s] [ 50%] [32mBuilding CXX object CMakeFiles/demo_param.dir/src/demo_param.cpp.o[0m
[3.130s] [100%] [32m[1mLinking CXX executable demo_param[0m
[3.222s] [100%] Built target demo_param
[3.232s] Invoked command in '/home/emmm/Desktop/RM/ROS2/learn/chapter4/param_ws/build/cpp_param' returned '0': CMAKE_PREFIX_PATH=/opt/ros/humble /usr/bin/cmake --build /home/emmm/Desktop/RM/ROS2/learn/chapter4/param_ws/build/cpp_param -- -j12 -l12
[3.243s] Invoking command in '/home/emmm/Desktop/RM/ROS2/learn/chapter4/param_ws/build/cpp_param': CMAKE_PREFIX_PATH=/opt/ros/humble /usr/bin/cmake --install /home/emmm/Desktop/RM/ROS2/learn/chapter4/param_ws/build/cpp_param
[3.255s] -- Install configuration: ""
[3.255s] -- Installing: /home/emmm/Desktop/RM/ROS2/learn/chapter4/param_ws/install/cpp_param/lib/cpp_param/demo_param
[3.256s] -- Set runtime path of "/home/emmm/Desktop/RM/ROS2/learn/chapter4/param_ws/install/cpp_param/lib/cpp_param/demo_param" to ""
[3.256s] -- Installing: /home/emmm/Desktop/RM/ROS2/learn/chapter4/param_ws/install/cpp_param/share/ament_index/resource_index/package_run_dependencies/cpp_param
[3.256s] -- Installing: /home/emmm/Desktop/RM/ROS2/learn/chapter4/param_ws/install/cpp_param/share/ament_index/resource_index/parent_prefix_path/cpp_param
[3.256s] -- Installing: /home/emmm/Desktop/RM/ROS2/learn/chapter4/param_ws/install/cpp_param/share/cpp_param/environment/ament_prefix_path.sh
[3.257s] -- Installing: /home/emmm/Desktop/RM/ROS2/learn/chapter4/param_ws/install/cpp_param/share/cpp_param/environment/ament_prefix_path.dsv
[3.257s] -- Installing: /home/emmm/Desktop/RM/ROS2/learn/chapter4/param_ws/install/cpp_param/share/cpp_param/environment/path.sh
[3.257s] -- Installing: /home/emmm/Desktop/RM/ROS2/learn/chapter4/param_ws/install/cpp_param/share/cpp_param/environment/path.dsv
[3.257s] -- Installing: /home/emmm/Desktop/RM/ROS2/learn/chapter4/param_ws/install/cpp_param/share/cpp_param/local_setup.bash
[3.257s] -- Installing: /home/emmm/Desktop/RM/ROS2/learn/chapter4/param_ws/install/cpp_param/share/cpp_param/local_setup.sh
[3.257s] -- Installing: /home/emmm/Desktop/RM/ROS2/learn/chapter4/param_ws/install/cpp_param/share/cpp_param/local_setup.zsh
[3.258s] -- Installing: /home/emmm/Desktop/RM/ROS2/learn/chapter4/param_ws/install/cpp_param/share/cpp_param/local_setup.dsv
[3.258s] -- Installing: /home/emmm/Desktop/RM/ROS2/learn/chapter4/param_ws/install/cpp_param/share/cpp_param/package.dsv
[3.258s] -- Installing: /home/emmm/Desktop/RM/ROS2/learn/chapter4/param_ws/install/cpp_param/share/ament_index/resource_index/packages/cpp_param
[3.258s] -- Installing: /home/emmm/Desktop/RM/ROS2/learn/chapter4/param_ws/install/cpp_param/share/cpp_param/cmake/cpp_paramConfig.cmake
[3.258s] -- Installing: /home/emmm/Desktop/RM/ROS2/learn/chapter4/param_ws/install/cpp_param/share/cpp_param/cmake/cpp_paramConfig-version.cmake
[3.258s] -- Installing: /home/emmm/Desktop/RM/ROS2/learn/chapter4/param_ws/install/cpp_param/share/cpp_param/package.xml
[3.261s] Invoked command in '/home/emmm/Desktop/RM/ROS2/learn/chapter4/param_ws/build/cpp_param' returned '0': CMAKE_PREFIX_PATH=/opt/ros/humble /usr/bin/cmake --install /home/emmm/Desktop/RM/ROS2/learn/chapter4/param_ws/build/cpp_param
