[0.009s] Invoking command in '/home/emmm/Desktop/RM/ROS2/learn/chapter6/simulation_ws/build/fishbot_description': CMAKE_PREFIX_PATH=/opt/ros/humble /usr/bin/cmake /home/emmm/Desktop/RM/ROS2/learn/chapter6/simulation_ws/src/fishbot_description -DCMAKE_INSTALL_PREFIX=/home/emmm/Desktop/RM/ROS2/learn/chapter6/simulation_ws/install/fishbot_description
[0.059s] -- The C compiler identification is GNU 11.4.0
[0.114s] -- The CXX compiler identification is GNU 11.4.0
[0.122s] -- Detecting C compiler ABI info
[0.184s] -- Detecting C compiler ABI info - done
[0.194s] -- Check for working C compiler: /usr/bin/cc - skipped
[0.194s] -- Detecting C compile features
[0.194s] -- Detecting C compile features - done
[0.196s] -- Detecting CXX compiler ABI info
[0.273s] -- Detecting CXX compiler ABI info - done
[0.278s] -- Check for working CXX compiler: /usr/bin/c++ - skipped
[0.278s] -- Detecting CXX compile features
[0.279s] -- Detecting CXX compile features - done
[0.280s] -- Found ament_cmake: 1.3.13 (/opt/ros/humble/share/ament_cmake/cmake)
[0.400s] -- Found Python3: /usr/bin/python3 (found version "3.10.12") found components: Interpreter 
[0.482s] -- Found ament_lint_auto: 0.12.15 (/opt/ros/humble/share/ament_lint_auto/cmake)
[0.565s] -- Added test 'flake8' to check Python code syntax and style conventions
[0.565s] -- Added test 'lint_cmake' to check CMake code style
[0.566s] -- Added test 'pep257' to check Python code against some of the docstring style conventions in PEP 257
[0.567s] -- Added test 'xmllint' to check XML markup files
[0.568s] -- Configuring done
[0.569s] -- Generating done
[0.570s] -- Build files have been written to: /home/emmm/Desktop/RM/ROS2/learn/chapter6/simulation_ws/build/fishbot_description
[0.575s] Invoked command in '/home/emmm/Desktop/RM/ROS2/learn/chapter6/simulation_ws/build/fishbot_description' returned '0': CMAKE_PREFIX_PATH=/opt/ros/humble /usr/bin/cmake /home/emmm/Desktop/RM/ROS2/learn/chapter6/simulation_ws/src/fishbot_description -DCMAKE_INSTALL_PREFIX=/home/emmm/Desktop/RM/ROS2/learn/chapter6/simulation_ws/install/fishbot_description
[0.576s] Invoking command in '/home/emmm/Desktop/RM/ROS2/learn/chapter6/simulation_ws/build/fishbot_description': CMAKE_PREFIX_PATH=/opt/ros/humble /usr/bin/cmake --build /home/emmm/Desktop/RM/ROS2/learn/chapter6/simulation_ws/build/fishbot_description -- -j12 -l12
[0.615s] Invoked command in '/home/emmm/Desktop/RM/ROS2/learn/chapter6/simulation_ws/build/fishbot_description' returned '0': CMAKE_PREFIX_PATH=/opt/ros/humble /usr/bin/cmake --build /home/emmm/Desktop/RM/ROS2/learn/chapter6/simulation_ws/build/fishbot_description -- -j12 -l12
[0.626s] Invoking command in '/home/emmm/Desktop/RM/ROS2/learn/chapter6/simulation_ws/build/fishbot_description': CMAKE_PREFIX_PATH=/opt/ros/humble /usr/bin/cmake --install /home/emmm/Desktop/RM/ROS2/learn/chapter6/simulation_ws/build/fishbot_description
[0.635s] -- Install configuration: ""
[0.635s] -- Installing: /home/emmm/Desktop/RM/ROS2/learn/chapter6/simulation_ws/install/fishbot_description/share/fishbot_description/launch
[0.635s] -- Installing: /home/emmm/Desktop/RM/ROS2/learn/chapter6/simulation_ws/install/fishbot_description/share/fishbot_description/launch/gazebo_sim.launch.py
[0.636s] -- Installing: /home/emmm/Desktop/RM/ROS2/learn/chapter6/simulation_ws/install/fishbot_description/share/fishbot_description/launch/display_robot.launch.py
[0.636s] -- Installing: /home/emmm/Desktop/RM/ROS2/learn/chapter6/simulation_ws/install/fishbot_description/share/fishbot_description/launch/__pycache__
[0.636s] -- Installing: /home/emmm/Desktop/RM/ROS2/learn/chapter6/simulation_ws/install/fishbot_description/share/fishbot_description/launch/__pycache__/display_robot.launch.cpython-310.pyc
[0.636s] -- Installing: /home/emmm/Desktop/RM/ROS2/learn/chapter6/simulation_ws/install/fishbot_description/share/fishbot_description/urdf
[0.636s] -- Installing: /home/emmm/Desktop/RM/ROS2/learn/chapter6/simulation_ws/install/fishbot_description/share/fishbot_description/urdf/first_robot.urdf
[0.636s] -- Installing: /home/emmm/Desktop/RM/ROS2/learn/chapter6/simulation_ws/install/fishbot_description/share/fishbot_description/urdf/fishbot
[0.636s] -- Installing: /home/emmm/Desktop/RM/ROS2/learn/chapter6/simulation_ws/install/fishbot_description/share/fishbot_description/urdf/fishbot/base.urdf.xacro
[0.636s] -- Installing: /home/emmm/Desktop/RM/ROS2/learn/chapter6/simulation_ws/install/fishbot_description/share/fishbot_description/urdf/fishbot/sensor
[0.636s] -- Installing: /home/emmm/Desktop/RM/ROS2/learn/chapter6/simulation_ws/install/fishbot_description/share/fishbot_description/urdf/fishbot/sensor/laser.urdf.xacro
[0.636s] -- Installing: /home/emmm/Desktop/RM/ROS2/learn/chapter6/simulation_ws/install/fishbot_description/share/fishbot_description/urdf/fishbot/sensor/imu.urdf.xacro
[0.637s] -- Installing: /home/emmm/Desktop/RM/ROS2/learn/chapter6/simulation_ws/install/fishbot_description/share/fishbot_description/urdf/fishbot/sensor/camera.urdf.xacro
[0.637s] -- Installing: /home/emmm/Desktop/RM/ROS2/learn/chapter6/simulation_ws/install/fishbot_description/share/fishbot_description/urdf/fishbot/plugins
[0.637s] -- Installing: /home/emmm/Desktop/RM/ROS2/learn/chapter6/simulation_ws/install/fishbot_description/share/fishbot_description/urdf/fishbot/plugins/gazebo_control_plugin.xacro
[0.637s] -- Installing: /home/emmm/Desktop/RM/ROS2/learn/chapter6/simulation_ws/install/fishbot_description/share/fishbot_description/urdf/fishbot/common_inertia.xacro
[0.637s] -- Installing: /home/emmm/Desktop/RM/ROS2/learn/chapter6/simulation_ws/install/fishbot_description/share/fishbot_description/urdf/fishbot/fishbot.urdf.xacro
[0.637s] -- Installing: /home/emmm/Desktop/RM/ROS2/learn/chapter6/simulation_ws/install/fishbot_description/share/fishbot_description/urdf/fishbot/actuator
[0.637s] -- Installing: /home/emmm/Desktop/RM/ROS2/learn/chapter6/simulation_ws/install/fishbot_description/share/fishbot_description/urdf/fishbot/actuator/wheel.urdf.xacro
[0.637s] -- Installing: /home/emmm/Desktop/RM/ROS2/learn/chapter6/simulation_ws/install/fishbot_description/share/fishbot_description/urdf/fishbot/actuator/caster.urdf.xacro
[0.637s] -- Installing: /home/emmm/Desktop/RM/ROS2/learn/chapter6/simulation_ws/install/fishbot_description/share/fishbot_description/urdf/first_robot.xacro
[0.637s] -- Installing: /home/emmm/Desktop/RM/ROS2/learn/chapter6/simulation_ws/install/fishbot_description/share/fishbot_description/urdf/first_robot.gv
[0.637s] -- Installing: /home/emmm/Desktop/RM/ROS2/learn/chapter6/simulation_ws/install/fishbot_description/share/fishbot_description/urdf/first_robot.pdf
[0.638s] -- Installing: /home/emmm/Desktop/RM/ROS2/learn/chapter6/simulation_ws/install/fishbot_description/share/fishbot_description/config
[0.638s] -- Installing: /home/emmm/Desktop/RM/ROS2/learn/chapter6/simulation_ws/install/fishbot_description/share/fishbot_description/config/gazebo_control_plugin.rviz
[0.638s] -- Installing: /home/emmm/Desktop/RM/ROS2/learn/chapter6/simulation_ws/install/fishbot_description/share/fishbot_description/config/display_robot_model.rviz
[0.638s] -- Installing: /home/emmm/Desktop/RM/ROS2/learn/chapter6/simulation_ws/install/fishbot_description/share/fishbot_description/world
[0.638s] -- Installing: /home/emmm/Desktop/RM/ROS2/learn/chapter6/simulation_ws/install/fishbot_description/share/fishbot_description/world/room
[0.638s] -- Installing: /home/emmm/Desktop/RM/ROS2/learn/chapter6/simulation_ws/install/fishbot_description/share/fishbot_description/world/room/model.config
[0.638s] -- Installing: /home/emmm/Desktop/RM/ROS2/learn/chapter6/simulation_ws/install/fishbot_description/share/fishbot_description/world/room/model.sdf
[0.638s] -- Installing: /home/emmm/Desktop/RM/ROS2/learn/chapter6/simulation_ws/install/fishbot_description/share/fishbot_description/world/custom_room.world
[0.638s] -- Installing: /home/emmm/Desktop/RM/ROS2/learn/chapter6/simulation_ws/install/fishbot_description/share/ament_index/resource_index/package_run_dependencies/fishbot_description
[0.638s] -- Installing: /home/emmm/Desktop/RM/ROS2/learn/chapter6/simulation_ws/install/fishbot_description/share/ament_index/resource_index/parent_prefix_path/fishbot_description
[0.638s] -- Installing: /home/emmm/Desktop/RM/ROS2/learn/chapter6/simulation_ws/install/fishbot_description/share/fishbot_description/environment/ament_prefix_path.sh
[0.639s] -- Installing: /home/emmm/Desktop/RM/ROS2/learn/chapter6/simulation_ws/install/fishbot_description/share/fishbot_description/environment/ament_prefix_path.dsv
[0.639s] -- Installing: /home/emmm/Desktop/RM/ROS2/learn/chapter6/simulation_ws/install/fishbot_description/share/fishbot_description/environment/path.sh
[0.639s] -- Installing: /home/emmm/Desktop/RM/ROS2/learn/chapter6/simulation_ws/install/fishbot_description/share/fishbot_description/environment/path.dsv
[0.639s] -- Installing: /home/emmm/Desktop/RM/ROS2/learn/chapter6/simulation_ws/install/fishbot_description/share/fishbot_description/local_setup.bash
[0.639s] -- Installing: /home/emmm/Desktop/RM/ROS2/learn/chapter6/simulation_ws/install/fishbot_description/share/fishbot_description/local_setup.sh
[0.639s] -- Installing: /home/emmm/Desktop/RM/ROS2/learn/chapter6/simulation_ws/install/fishbot_description/share/fishbot_description/local_setup.zsh
[0.639s] -- Installing: /home/emmm/Desktop/RM/ROS2/learn/chapter6/simulation_ws/install/fishbot_description/share/fishbot_description/local_setup.dsv
[0.639s] -- Installing: /home/emmm/Desktop/RM/ROS2/learn/chapter6/simulation_ws/install/fishbot_description/share/fishbot_description/package.dsv
[0.639s] -- Installing: /home/emmm/Desktop/RM/ROS2/learn/chapter6/simulation_ws/install/fishbot_description/share/ament_index/resource_index/packages/fishbot_description
[0.639s] -- Installing: /home/emmm/Desktop/RM/ROS2/learn/chapter6/simulation_ws/install/fishbot_description/share/fishbot_description/cmake/fishbot_descriptionConfig.cmake
[0.640s] -- Installing: /home/emmm/Desktop/RM/ROS2/learn/chapter6/simulation_ws/install/fishbot_description/share/fishbot_description/cmake/fishbot_descriptionConfig-version.cmake
[0.640s] -- Installing: /home/emmm/Desktop/RM/ROS2/learn/chapter6/simulation_ws/install/fishbot_description/share/fishbot_description/package.xml
[0.641s] Invoked command in '/home/emmm/Desktop/RM/ROS2/learn/chapter6/simulation_ws/build/fishbot_description' returned '0': CMAKE_PREFIX_PATH=/opt/ros/humble /usr/bin/cmake --install /home/emmm/Desktop/RM/ROS2/learn/chapter6/simulation_ws/build/fishbot_description
