[0.086s] DEBUG:colcon:Command line arguments: ['/usr/bin/colcon', 'build']
[0.086s] DEBUG:colcon:Parsed command line arguments: Namespace(log_base=None, log_level=None, verb_name='build', build_base='build', install_base='install', merge_install=False, symlink_install=False, test_result_base=None, continue_on_error=False, executor='parallel', parallel_workers=12, event_handlers=None, ignore_user_meta=False, metas=['./colcon.meta'], base_paths=['.'], packages_ignore=None, packages_ignore_regex=None, paths=None, packages_up_to=None, packages_up_to_regex=None, packages_above=None, packages_above_and_dependencies=None, packages_above_depth=None, packages_select_by_dep=None, packages_skip_by_dep=None, packages_skip_up_to=None, packages_select_build_failed=False, packages_skip_build_finished=False, packages_select_test_failures=False, packages_skip_test_passed=False, packages_select=None, packages_skip=None, packages_select_regex=None, packages_skip_regex=None, packages_start=None, packages_end=None, allow_overriding=[], cmake_args=None, cmake_target=None, cmake_target_skip_unavailable=False, cmake_clean_cache=False, cmake_clean_first=False, cmake_force_configure=False, ament_cmake_args=None, catkin_cmake_args=None, catkin_skip_building_tests=False, verb_parser=<colcon_defaults.argument_parser.defaults.DefaultArgumentsDecorator object at 0x7da637c17250>, verb_extension=<colcon_core.verb.build.BuildVerb object at 0x7da637bc8850>, main=<bound method BuildVerb.main of <colcon_core.verb.build.BuildVerb object at 0x7da637bc8850>>)
[0.204s] Level 1:colcon.colcon_core.package_discovery:discover_packages(colcon_meta) check parameters
[0.204s] Level 1:colcon.colcon_core.package_discovery:discover_packages(recursive) check parameters
[0.204s] Level 1:colcon.colcon_core.package_discovery:discover_packages(ignore) check parameters
[0.204s] Level 1:colcon.colcon_core.package_discovery:discover_packages(path) check parameters
[0.204s] Level 1:colcon.colcon_core.package_discovery:discover_packages(colcon_meta) discover
[0.204s] Level 1:colcon.colcon_core.package_discovery:discover_packages(recursive) discover
[0.204s] INFO:colcon.colcon_core.package_discovery:Crawling recursively for packages in '/home/emmm/Desktop/RM/ROS2/learn/chapter7/navigation_ws'
[0.204s] Level 1:colcon.colcon_core.package_identification:_identify(.) by extensions ['ignore', 'ignore_ament_install']
[0.204s] Level 1:colcon.colcon_core.package_identification:_identify(.) by extension 'ignore'
[0.204s] Level 1:colcon.colcon_core.package_identification:_identify(.) by extension 'ignore_ament_install'
[0.204s] Level 1:colcon.colcon_core.package_identification:_identify(.) by extensions ['colcon_pkg']
[0.204s] Level 1:colcon.colcon_core.package_identification:_identify(.) by extension 'colcon_pkg'
[0.204s] Level 1:colcon.colcon_core.package_identification:_identify(.) by extensions ['colcon_meta']
[0.204s] Level 1:colcon.colcon_core.package_identification:_identify(.) by extension 'colcon_meta'
[0.204s] Level 1:colcon.colcon_core.package_identification:_identify(.) by extensions ['ros']
[0.204s] Level 1:colcon.colcon_core.package_identification:_identify(.) by extension 'ros'
[0.214s] Level 1:colcon.colcon_core.package_identification:_identify(.) by extensions ['cmake', 'python']
[0.214s] Level 1:colcon.colcon_core.package_identification:_identify(.) by extension 'cmake'
[0.214s] Level 1:colcon.colcon_core.package_identification:_identify(.) by extension 'python'
[0.214s] Level 1:colcon.colcon_core.package_identification:_identify(.) by extensions ['python_setup_py']
[0.214s] Level 1:colcon.colcon_core.package_identification:_identify(.) by extension 'python_setup_py'
[0.214s] Level 1:colcon.colcon_core.package_identification:_identify(build) by extensions ['ignore', 'ignore_ament_install']
[0.214s] Level 1:colcon.colcon_core.package_identification:_identify(build) by extension 'ignore'
[0.214s] Level 1:colcon.colcon_core.package_identification:_identify(build) ignored
[0.215s] Level 1:colcon.colcon_core.package_identification:_identify(image) by extensions ['ignore', 'ignore_ament_install']
[0.215s] Level 1:colcon.colcon_core.package_identification:_identify(image) by extension 'ignore'
[0.215s] Level 1:colcon.colcon_core.package_identification:_identify(image) by extension 'ignore_ament_install'
[0.215s] Level 1:colcon.colcon_core.package_identification:_identify(image) by extensions ['colcon_pkg']
[0.215s] Level 1:colcon.colcon_core.package_identification:_identify(image) by extension 'colcon_pkg'
[0.215s] Level 1:colcon.colcon_core.package_identification:_identify(image) by extensions ['colcon_meta']
[0.215s] Level 1:colcon.colcon_core.package_identification:_identify(image) by extension 'colcon_meta'
[0.215s] Level 1:colcon.colcon_core.package_identification:_identify(image) by extensions ['ros']
[0.215s] Level 1:colcon.colcon_core.package_identification:_identify(image) by extension 'ros'
[0.215s] Level 1:colcon.colcon_core.package_identification:_identify(image) by extensions ['cmake', 'python']
[0.215s] Level 1:colcon.colcon_core.package_identification:_identify(image) by extension 'cmake'
[0.215s] Level 1:colcon.colcon_core.package_identification:_identify(image) by extension 'python'
[0.215s] Level 1:colcon.colcon_core.package_identification:_identify(image) by extensions ['python_setup_py']
[0.215s] Level 1:colcon.colcon_core.package_identification:_identify(image) by extension 'python_setup_py'
[0.216s] Level 1:colcon.colcon_core.package_identification:_identify(install) by extensions ['ignore', 'ignore_ament_install']
[0.216s] Level 1:colcon.colcon_core.package_identification:_identify(install) by extension 'ignore'
[0.216s] Level 1:colcon.colcon_core.package_identification:_identify(install) ignored
[0.216s] Level 1:colcon.colcon_core.package_identification:_identify(log) by extensions ['ignore', 'ignore_ament_install']
[0.216s] Level 1:colcon.colcon_core.package_identification:_identify(log) by extension 'ignore'
[0.216s] Level 1:colcon.colcon_core.package_identification:_identify(log) ignored
[0.216s] Level 1:colcon.colcon_core.package_identification:_identify(src) by extensions ['ignore', 'ignore_ament_install']
[0.216s] Level 1:colcon.colcon_core.package_identification:_identify(src) by extension 'ignore'
[0.216s] Level 1:colcon.colcon_core.package_identification:_identify(src) by extension 'ignore_ament_install'
[0.216s] Level 1:colcon.colcon_core.package_identification:_identify(src) by extensions ['colcon_pkg']
[0.216s] Level 1:colcon.colcon_core.package_identification:_identify(src) by extension 'colcon_pkg'
[0.216s] Level 1:colcon.colcon_core.package_identification:_identify(src) by extensions ['colcon_meta']
[0.216s] Level 1:colcon.colcon_core.package_identification:_identify(src) by extension 'colcon_meta'
[0.217s] Level 1:colcon.colcon_core.package_identification:_identify(src) by extensions ['ros']
[0.217s] Level 1:colcon.colcon_core.package_identification:_identify(src) by extension 'ros'
[0.217s] Level 1:colcon.colcon_core.package_identification:_identify(src) by extensions ['cmake', 'python']
[0.217s] Level 1:colcon.colcon_core.package_identification:_identify(src) by extension 'cmake'
[0.217s] Level 1:colcon.colcon_core.package_identification:_identify(src) by extension 'python'
[0.217s] Level 1:colcon.colcon_core.package_identification:_identify(src) by extensions ['python_setup_py']
[0.217s] Level 1:colcon.colcon_core.package_identification:_identify(src) by extension 'python_setup_py'
[0.217s] Level 1:colcon.colcon_core.package_identification:_identify(src/autopartol_robot) by extensions ['ignore', 'ignore_ament_install']
[0.217s] Level 1:colcon.colcon_core.package_identification:_identify(src/autopartol_robot) by extension 'ignore'
[0.217s] Level 1:colcon.colcon_core.package_identification:_identify(src/autopartol_robot) by extension 'ignore_ament_install'
[0.217s] Level 1:colcon.colcon_core.package_identification:_identify(src/autopartol_robot) by extensions ['colcon_pkg']
[0.217s] Level 1:colcon.colcon_core.package_identification:_identify(src/autopartol_robot) by extension 'colcon_pkg'
[0.217s] Level 1:colcon.colcon_core.package_identification:_identify(src/autopartol_robot) by extensions ['colcon_meta']
[0.217s] Level 1:colcon.colcon_core.package_identification:_identify(src/autopartol_robot) by extension 'colcon_meta'
[0.217s] Level 1:colcon.colcon_core.package_identification:_identify(src/autopartol_robot) by extensions ['ros']
[0.217s] Level 1:colcon.colcon_core.package_identification:_identify(src/autopartol_robot) by extension 'ros'
[0.221s] DEBUG:colcon.colcon_core.package_identification:Package 'src/autopartol_robot' with type 'ros.ament_python' and name 'autopartol_robot'
[0.222s] Level 1:colcon.colcon_core.package_identification:_identify(src/fishbot_application) by extensions ['ignore', 'ignore_ament_install']
[0.222s] Level 1:colcon.colcon_core.package_identification:_identify(src/fishbot_application) by extension 'ignore'
[0.222s] Level 1:colcon.colcon_core.package_identification:_identify(src/fishbot_application) by extension 'ignore_ament_install'
[0.222s] Level 1:colcon.colcon_core.package_identification:_identify(src/fishbot_application) by extensions ['colcon_pkg']
[0.222s] Level 1:colcon.colcon_core.package_identification:_identify(src/fishbot_application) by extension 'colcon_pkg'
[0.222s] Level 1:colcon.colcon_core.package_identification:_identify(src/fishbot_application) by extensions ['colcon_meta']
[0.222s] Level 1:colcon.colcon_core.package_identification:_identify(src/fishbot_application) by extension 'colcon_meta'
[0.222s] Level 1:colcon.colcon_core.package_identification:_identify(src/fishbot_application) by extensions ['ros']
[0.222s] Level 1:colcon.colcon_core.package_identification:_identify(src/fishbot_application) by extension 'ros'
[0.222s] DEBUG:colcon.colcon_core.package_identification:Package 'src/fishbot_application' with type 'ros.ament_python' and name 'fishbot_application'
[0.222s] Level 1:colcon.colcon_core.package_identification:_identify(src/fishbot_description) by extensions ['ignore', 'ignore_ament_install']
[0.222s] Level 1:colcon.colcon_core.package_identification:_identify(src/fishbot_description) by extension 'ignore'
[0.222s] Level 1:colcon.colcon_core.package_identification:_identify(src/fishbot_description) by extension 'ignore_ament_install'
[0.222s] Level 1:colcon.colcon_core.package_identification:_identify(src/fishbot_description) by extensions ['colcon_pkg']
[0.222s] Level 1:colcon.colcon_core.package_identification:_identify(src/fishbot_description) by extension 'colcon_pkg'
[0.222s] Level 1:colcon.colcon_core.package_identification:_identify(src/fishbot_description) by extensions ['colcon_meta']
[0.222s] Level 1:colcon.colcon_core.package_identification:_identify(src/fishbot_description) by extension 'colcon_meta'
[0.223s] Level 1:colcon.colcon_core.package_identification:_identify(src/fishbot_description) by extensions ['ros']
[0.223s] Level 1:colcon.colcon_core.package_identification:_identify(src/fishbot_description) by extension 'ros'
[0.223s] DEBUG:colcon.colcon_core.package_identification:Package 'src/fishbot_description' with type 'ros.ament_cmake' and name 'fishbot_description'
[0.223s] Level 1:colcon.colcon_core.package_identification:_identify(src/fishbot_navigation2) by extensions ['ignore', 'ignore_ament_install']
[0.223s] Level 1:colcon.colcon_core.package_identification:_identify(src/fishbot_navigation2) by extension 'ignore'
[0.223s] Level 1:colcon.colcon_core.package_identification:_identify(src/fishbot_navigation2) by extension 'ignore_ament_install'
[0.223s] Level 1:colcon.colcon_core.package_identification:_identify(src/fishbot_navigation2) by extensions ['colcon_pkg']
[0.223s] Level 1:colcon.colcon_core.package_identification:_identify(src/fishbot_navigation2) by extension 'colcon_pkg'
[0.223s] Level 1:colcon.colcon_core.package_identification:_identify(src/fishbot_navigation2) by extensions ['colcon_meta']
[0.223s] Level 1:colcon.colcon_core.package_identification:_identify(src/fishbot_navigation2) by extension 'colcon_meta'
[0.223s] Level 1:colcon.colcon_core.package_identification:_identify(src/fishbot_navigation2) by extensions ['ros']
[0.223s] Level 1:colcon.colcon_core.package_identification:_identify(src/fishbot_navigation2) by extension 'ros'
[0.223s] DEBUG:colcon.colcon_core.package_identification:Package 'src/fishbot_navigation2' with type 'ros.ament_cmake' and name 'fishbot_navigation2'
[0.224s] Level 1:colcon.colcon_core.package_discovery:discover_packages(recursive) using defaults
[0.224s] Level 1:colcon.colcon_core.package_discovery:discover_packages(ignore) discover
[0.224s] Level 1:colcon.colcon_core.package_discovery:discover_packages(ignore) using defaults
[0.224s] Level 1:colcon.colcon_core.package_discovery:discover_packages(path) discover
[0.224s] Level 1:colcon.colcon_core.package_discovery:discover_packages(path) using defaults
[0.251s] Level 1:colcon.colcon_core.package_discovery:discover_packages(prefix_path) check parameters
[0.251s] Level 1:colcon.colcon_core.package_discovery:discover_packages(prefix_path) discover
[0.252s] WARNING:colcon.colcon_ros.prefix_path.ament:The path '/home/emmm/Desktop/RM/ROS2/learn/chapter7/navigation_ws/install/fishbot_navigation2' in the environment variable AMENT_PREFIX_PATH doesn't exist
[0.252s] WARNING:colcon.colcon_ros.prefix_path.ament:The path '/home/emmm/Desktop/RM/ROS2/learn/chapter7/navigation_ws/install/fishbot_description' in the environment variable AMENT_PREFIX_PATH doesn't exist
[0.252s] WARNING:colcon.colcon_ros.prefix_path.ament:The path '/home/emmm/Desktop/RM/ROS2/learn/chapter7/navigation_ws/install/fishbot_application' in the environment variable AMENT_PREFIX_PATH doesn't exist
[0.252s] WARNING:colcon.colcon_ros.prefix_path.ament:The path '/home/emmm/Desktop/RM/ROS2/learn/chapter7/navigation_ws/install/autopartol_robot' in the environment variable AMENT_PREFIX_PATH doesn't exist
[0.252s] WARNING:colcon.colcon_ros.prefix_path.catkin:The path '/home/emmm/Desktop/RM/ROS2/learn/chapter7/navigation_ws/install/fishbot_navigation2' in the environment variable CMAKE_PREFIX_PATH doesn't exist
[0.252s] WARNING:colcon.colcon_ros.prefix_path.catkin:The path '/home/emmm/Desktop/RM/ROS2/learn/chapter7/navigation_ws/install/fishbot_description' in the environment variable CMAKE_PREFIX_PATH doesn't exist
[0.252s] DEBUG:colcon.colcon_installed_package_information.package_discovery:Found 0 installed packages in /home/emmm/Desktop/RM/ROS2/learn/chapter7/navigation_ws/install
[0.253s] DEBUG:colcon.colcon_installed_package_information.package_discovery:Found 410 installed packages in /opt/ros/humble
[0.255s] Level 1:colcon.colcon_core.package_discovery:discover_packages(prefix_path) using defaults
[0.288s] Level 5:colcon.colcon_core.verb:set package 'autopartol_robot' build argument 'cmake_args' from command line to 'None'
[0.288s] Level 5:colcon.colcon_core.verb:set package 'autopartol_robot' build argument 'cmake_target' from command line to 'None'
[0.288s] Level 5:colcon.colcon_core.verb:set package 'autopartol_robot' build argument 'cmake_target_skip_unavailable' from command line to 'False'
[0.288s] Level 5:colcon.colcon_core.verb:set package 'autopartol_robot' build argument 'cmake_clean_cache' from command line to 'False'
[0.288s] Level 5:colcon.colcon_core.verb:set package 'autopartol_robot' build argument 'cmake_clean_first' from command line to 'False'
[0.288s] Level 5:colcon.colcon_core.verb:set package 'autopartol_robot' build argument 'cmake_force_configure' from command line to 'False'
[0.288s] Level 5:colcon.colcon_core.verb:set package 'autopartol_robot' build argument 'ament_cmake_args' from command line to 'None'
[0.288s] Level 5:colcon.colcon_core.verb:set package 'autopartol_robot' build argument 'catkin_cmake_args' from command line to 'None'
[0.288s] Level 5:colcon.colcon_core.verb:set package 'autopartol_robot' build argument 'catkin_skip_building_tests' from command line to 'False'
[0.288s] DEBUG:colcon.colcon_core.verb:Building package 'autopartol_robot' with the following arguments: {'ament_cmake_args': None, 'build_base': '/home/emmm/Desktop/RM/ROS2/learn/chapter7/navigation_ws/build/autopartol_robot', 'catkin_cmake_args': None, 'catkin_skip_building_tests': False, 'cmake_args': None, 'cmake_clean_cache': False, 'cmake_clean_first': False, 'cmake_force_configure': False, 'cmake_target': None, 'cmake_target_skip_unavailable': False, 'install_base': '/home/emmm/Desktop/RM/ROS2/learn/chapter7/navigation_ws/install/autopartol_robot', 'merge_install': False, 'path': '/home/emmm/Desktop/RM/ROS2/learn/chapter7/navigation_ws/src/autopartol_robot', 'symlink_install': False, 'test_result_base': None}
[0.288s] Level 5:colcon.colcon_core.verb:set package 'fishbot_application' build argument 'cmake_args' from command line to 'None'
[0.288s] Level 5:colcon.colcon_core.verb:set package 'fishbot_application' build argument 'cmake_target' from command line to 'None'
[0.288s] Level 5:colcon.colcon_core.verb:set package 'fishbot_application' build argument 'cmake_target_skip_unavailable' from command line to 'False'
[0.288s] Level 5:colcon.colcon_core.verb:set package 'fishbot_application' build argument 'cmake_clean_cache' from command line to 'False'
[0.288s] Level 5:colcon.colcon_core.verb:set package 'fishbot_application' build argument 'cmake_clean_first' from command line to 'False'
[0.288s] Level 5:colcon.colcon_core.verb:set package 'fishbot_application' build argument 'cmake_force_configure' from command line to 'False'
[0.288s] Level 5:colcon.colcon_core.verb:set package 'fishbot_application' build argument 'ament_cmake_args' from command line to 'None'
[0.288s] Level 5:colcon.colcon_core.verb:set package 'fishbot_application' build argument 'catkin_cmake_args' from command line to 'None'
[0.288s] Level 5:colcon.colcon_core.verb:set package 'fishbot_application' build argument 'catkin_skip_building_tests' from command line to 'False'
[0.288s] DEBUG:colcon.colcon_core.verb:Building package 'fishbot_application' with the following arguments: {'ament_cmake_args': None, 'build_base': '/home/emmm/Desktop/RM/ROS2/learn/chapter7/navigation_ws/build/fishbot_application', 'catkin_cmake_args': None, 'catkin_skip_building_tests': False, 'cmake_args': None, 'cmake_clean_cache': False, 'cmake_clean_first': False, 'cmake_force_configure': False, 'cmake_target': None, 'cmake_target_skip_unavailable': False, 'install_base': '/home/emmm/Desktop/RM/ROS2/learn/chapter7/navigation_ws/install/fishbot_application', 'merge_install': False, 'path': '/home/emmm/Desktop/RM/ROS2/learn/chapter7/navigation_ws/src/fishbot_application', 'symlink_install': False, 'test_result_base': None}
[0.289s] Level 5:colcon.colcon_core.verb:set package 'fishbot_description' build argument 'cmake_args' from command line to 'None'
[0.289s] Level 5:colcon.colcon_core.verb:set package 'fishbot_description' build argument 'cmake_target' from command line to 'None'
[0.289s] Level 5:colcon.colcon_core.verb:set package 'fishbot_description' build argument 'cmake_target_skip_unavailable' from command line to 'False'
[0.289s] Level 5:colcon.colcon_core.verb:set package 'fishbot_description' build argument 'cmake_clean_cache' from command line to 'False'
[0.289s] Level 5:colcon.colcon_core.verb:set package 'fishbot_description' build argument 'cmake_clean_first' from command line to 'False'
[0.289s] Level 5:colcon.colcon_core.verb:set package 'fishbot_description' build argument 'cmake_force_configure' from command line to 'False'
[0.289s] Level 5:colcon.colcon_core.verb:set package 'fishbot_description' build argument 'ament_cmake_args' from command line to 'None'
[0.289s] Level 5:colcon.colcon_core.verb:set package 'fishbot_description' build argument 'catkin_cmake_args' from command line to 'None'
[0.289s] Level 5:colcon.colcon_core.verb:set package 'fishbot_description' build argument 'catkin_skip_building_tests' from command line to 'False'
[0.289s] DEBUG:colcon.colcon_core.verb:Building package 'fishbot_description' with the following arguments: {'ament_cmake_args': None, 'build_base': '/home/emmm/Desktop/RM/ROS2/learn/chapter7/navigation_ws/build/fishbot_description', 'catkin_cmake_args': None, 'catkin_skip_building_tests': False, 'cmake_args': None, 'cmake_clean_cache': False, 'cmake_clean_first': False, 'cmake_force_configure': False, 'cmake_target': None, 'cmake_target_skip_unavailable': False, 'install_base': '/home/emmm/Desktop/RM/ROS2/learn/chapter7/navigation_ws/install/fishbot_description', 'merge_install': False, 'path': '/home/emmm/Desktop/RM/ROS2/learn/chapter7/navigation_ws/src/fishbot_description', 'symlink_install': False, 'test_result_base': None}
[0.289s] Level 5:colcon.colcon_core.verb:set package 'fishbot_navigation2' build argument 'cmake_args' from command line to 'None'
[0.289s] Level 5:colcon.colcon_core.verb:set package 'fishbot_navigation2' build argument 'cmake_target' from command line to 'None'
[0.289s] Level 5:colcon.colcon_core.verb:set package 'fishbot_navigation2' build argument 'cmake_target_skip_unavailable' from command line to 'False'
[0.289s] Level 5:colcon.colcon_core.verb:set package 'fishbot_navigation2' build argument 'cmake_clean_cache' from command line to 'False'
[0.289s] Level 5:colcon.colcon_core.verb:set package 'fishbot_navigation2' build argument 'cmake_clean_first' from command line to 'False'
[0.289s] Level 5:colcon.colcon_core.verb:set package 'fishbot_navigation2' build argument 'cmake_force_configure' from command line to 'False'
[0.289s] Level 5:colcon.colcon_core.verb:set package 'fishbot_navigation2' build argument 'ament_cmake_args' from command line to 'None'
[0.289s] Level 5:colcon.colcon_core.verb:set package 'fishbot_navigation2' build argument 'catkin_cmake_args' from command line to 'None'
[0.289s] Level 5:colcon.colcon_core.verb:set package 'fishbot_navigation2' build argument 'catkin_skip_building_tests' from command line to 'False'
[0.289s] DEBUG:colcon.colcon_core.verb:Building package 'fishbot_navigation2' with the following arguments: {'ament_cmake_args': None, 'build_base': '/home/emmm/Desktop/RM/ROS2/learn/chapter7/navigation_ws/build/fishbot_navigation2', 'catkin_cmake_args': None, 'catkin_skip_building_tests': False, 'cmake_args': None, 'cmake_clean_cache': False, 'cmake_clean_first': False, 'cmake_force_configure': False, 'cmake_target': None, 'cmake_target_skip_unavailable': False, 'install_base': '/home/emmm/Desktop/RM/ROS2/learn/chapter7/navigation_ws/install/fishbot_navigation2', 'merge_install': False, 'path': '/home/emmm/Desktop/RM/ROS2/learn/chapter7/navigation_ws/src/fishbot_navigation2', 'symlink_install': False, 'test_result_base': None}
[0.289s] INFO:colcon.colcon_core.executor:Executing jobs using 'parallel' executor
[0.290s] DEBUG:colcon.colcon_parallel_executor.executor.parallel:run_until_complete
[0.290s] INFO:colcon.colcon_ros.task.ament_python.build:Building ROS package in '/home/emmm/Desktop/RM/ROS2/learn/chapter7/navigation_ws/src/autopartol_robot' with build type 'ament_python'
[0.290s] Level 1:colcon.colcon_core.shell:create_environment_hook('autopartol_robot', 'ament_prefix_path')
[0.292s] INFO:colcon.colcon_core.plugin_system:Skipping extension 'colcon_core.shell.bat': Not used on non-Windows systems
[0.292s] INFO:colcon.colcon_core.shell:Creating environment hook '/home/emmm/Desktop/RM/ROS2/learn/chapter7/navigation_ws/install/autopartol_robot/share/autopartol_robot/hook/ament_prefix_path.ps1'
[0.293s] INFO:colcon.colcon_core.shell:Creating environment descriptor '/home/emmm/Desktop/RM/ROS2/learn/chapter7/navigation_ws/install/autopartol_robot/share/autopartol_robot/hook/ament_prefix_path.dsv'
[0.293s] INFO:colcon.colcon_core.shell:Creating environment hook '/home/emmm/Desktop/RM/ROS2/learn/chapter7/navigation_ws/install/autopartol_robot/share/autopartol_robot/hook/ament_prefix_path.sh'
[0.294s] INFO:colcon.colcon_core.shell:Skip shell extension 'powershell' for command environment: Not usable outside of PowerShell
[0.294s] DEBUG:colcon.colcon_core.shell:Skip shell extension 'dsv' for command environment
[0.296s] INFO:colcon.colcon_ros.task.ament_python.build:Building ROS package in '/home/emmm/Desktop/RM/ROS2/learn/chapter7/navigation_ws/src/fishbot_application' with build type 'ament_python'
[0.296s] Level 1:colcon.colcon_core.shell:create_environment_hook('fishbot_application', 'ament_prefix_path')
[0.296s] INFO:colcon.colcon_core.shell:Creating environment hook '/home/emmm/Desktop/RM/ROS2/learn/chapter7/navigation_ws/install/fishbot_application/share/fishbot_application/hook/ament_prefix_path.ps1'
[0.297s] INFO:colcon.colcon_core.shell:Creating environment descriptor '/home/emmm/Desktop/RM/ROS2/learn/chapter7/navigation_ws/install/fishbot_application/share/fishbot_application/hook/ament_prefix_path.dsv'
[0.297s] INFO:colcon.colcon_core.shell:Creating environment hook '/home/emmm/Desktop/RM/ROS2/learn/chapter7/navigation_ws/install/fishbot_application/share/fishbot_application/hook/ament_prefix_path.sh'
[0.297s] INFO:colcon.colcon_core.shell:Skip shell extension 'powershell' for command environment: Not usable outside of PowerShell
[0.297s] DEBUG:colcon.colcon_core.shell:Skip shell extension 'dsv' for command environment
[0.300s] INFO:colcon.colcon_ros.task.ament_cmake.build:Building ROS package in '/home/emmm/Desktop/RM/ROS2/learn/chapter7/navigation_ws/src/fishbot_description' with build type 'ament_cmake'
[0.300s] INFO:colcon.colcon_cmake.task.cmake.build:Building CMake package in '/home/emmm/Desktop/RM/ROS2/learn/chapter7/navigation_ws/src/fishbot_description'
[0.300s] INFO:colcon.colcon_core.shell:Skip shell extension 'powershell' for command environment: Not usable outside of PowerShell
[0.300s] DEBUG:colcon.colcon_core.shell:Skip shell extension 'dsv' for command environment
[0.303s] INFO:colcon.colcon_ros.task.ament_cmake.build:Building ROS package in '/home/emmm/Desktop/RM/ROS2/learn/chapter7/navigation_ws/src/fishbot_navigation2' with build type 'ament_cmake'
[0.303s] INFO:colcon.colcon_cmake.task.cmake.build:Building CMake package in '/home/emmm/Desktop/RM/ROS2/learn/chapter7/navigation_ws/src/fishbot_navigation2'
[0.303s] INFO:colcon.colcon_core.shell:Skip shell extension 'powershell' for command environment: Not usable outside of PowerShell
[0.303s] DEBUG:colcon.colcon_core.shell:Skip shell extension 'dsv' for command environment
[0.551s] INFO:colcon.colcon_core.task.python.build:Building Python package in '/home/emmm/Desktop/RM/ROS2/learn/chapter7/navigation_ws/src/autopartol_robot'
[0.552s] INFO:colcon.colcon_core.shell:Skip shell extension 'powershell' for command environment: Not usable outside of PowerShell
[0.552s] DEBUG:colcon.colcon_core.shell:Skip shell extension 'dsv' for command environment
[0.780s] INFO:colcon.colcon_core.task.python.build:Building Python package in '/home/emmm/Desktop/RM/ROS2/learn/chapter7/navigation_ws/src/fishbot_application'
[0.780s] INFO:colcon.colcon_core.shell:Skip shell extension 'powershell' for command environment: Not usable outside of PowerShell
[0.780s] DEBUG:colcon.colcon_core.shell:Skip shell extension 'dsv' for command environment
[0.788s] DEBUG:colcon.colcon_core.event_handler.log_command:Invoking command in '/home/emmm/Desktop/RM/ROS2/learn/chapter7/navigation_ws/build/fishbot_description': CMAKE_PREFIX_PATH=${CMAKE_PREFIX_PATH}:/home/emmm/Desktop/RM/ROS2/learn/chapter7/navigation_ws/install/fishbot_application:/home/emmm/Desktop/RM/ROS2/learn/chapter7/navigation_ws/install/autopartol_robot:/opt/ros/humble /usr/bin/cmake /home/emmm/Desktop/RM/ROS2/learn/chapter7/navigation_ws/src/fishbot_description -DCMAKE_INSTALL_PREFIX=/home/emmm/Desktop/RM/ROS2/learn/chapter7/navigation_ws/install/fishbot_description
[0.792s] DEBUG:colcon.colcon_core.event_handler.log_command:Invoking command in '/home/emmm/Desktop/RM/ROS2/learn/chapter7/navigation_ws/build/fishbot_navigation2': CMAKE_PREFIX_PATH=${CMAKE_PREFIX_PATH}:/home/emmm/Desktop/RM/ROS2/learn/chapter7/navigation_ws/install/fishbot_application:/home/emmm/Desktop/RM/ROS2/learn/chapter7/navigation_ws/install/autopartol_robot:/opt/ros/humble /usr/bin/cmake /home/emmm/Desktop/RM/ROS2/learn/chapter7/navigation_ws/src/fishbot_navigation2 -DCMAKE_INSTALL_PREFIX=/home/emmm/Desktop/RM/ROS2/learn/chapter7/navigation_ws/install/fishbot_navigation2
[1.142s] DEBUG:colcon.colcon_core.event_handler.log_command:Invoking command in '/home/emmm/Desktop/RM/ROS2/learn/chapter7/navigation_ws/src/fishbot_application': PYTHONPATH=/home/emmm/Desktop/RM/ROS2/learn/chapter7/navigation_ws/build/fishbot_application/prefix_override:/usr/lib/python3/dist-packages/colcon_core/task/python/colcon_distutils_commands:/home/emmm/Desktop/RM/ROS2/learn/chapter7/navigation_ws/install/fishbot_application/lib/python3.10/site-packages:${PYTHONPATH} /usr/bin/python3 -W ignore:setup.py install is deprecated -W ignore:easy_install command is deprecated setup.py egg_info --egg-base ../../build/fishbot_application build --build-base /home/emmm/Desktop/RM/ROS2/learn/chapter7/navigation_ws/build/fishbot_application/build install --record /home/emmm/Desktop/RM/ROS2/learn/chapter7/navigation_ws/build/fishbot_application/install.log --single-version-externally-managed install_data
[1.202s] DEBUG:colcon.colcon_core.event_handler.log_command:Invoking command in '/home/emmm/Desktop/RM/ROS2/learn/chapter7/navigation_ws/src/autopartol_robot': PYTHONPATH=/home/emmm/Desktop/RM/ROS2/learn/chapter7/navigation_ws/build/autopartol_robot/prefix_override:/usr/lib/python3/dist-packages/colcon_core/task/python/colcon_distutils_commands:/home/emmm/Desktop/RM/ROS2/learn/chapter7/navigation_ws/install/autopartol_robot/lib/python3.10/site-packages:${PYTHONPATH} /usr/bin/python3 -W ignore:setup.py install is deprecated -W ignore:easy_install command is deprecated setup.py egg_info --egg-base ../../build/autopartol_robot build --build-base /home/emmm/Desktop/RM/ROS2/learn/chapter7/navigation_ws/build/autopartol_robot/build install --record /home/emmm/Desktop/RM/ROS2/learn/chapter7/navigation_ws/build/autopartol_robot/install.log --single-version-externally-managed install_data
[1.499s] DEBUG:colcon.colcon_core.event_handler.log_command:Invoked command in '/home/emmm/Desktop/RM/ROS2/learn/chapter7/navigation_ws/src/autopartol_robot' returned '0': PYTHONPATH=/home/emmm/Desktop/RM/ROS2/learn/chapter7/navigation_ws/build/autopartol_robot/prefix_override:/usr/lib/python3/dist-packages/colcon_core/task/python/colcon_distutils_commands:/home/emmm/Desktop/RM/ROS2/learn/chapter7/navigation_ws/install/autopartol_robot/lib/python3.10/site-packages:${PYTHONPATH} /usr/bin/python3 -W ignore:setup.py install is deprecated -W ignore:easy_install command is deprecated setup.py egg_info --egg-base ../../build/autopartol_robot build --build-base /home/emmm/Desktop/RM/ROS2/learn/chapter7/navigation_ws/build/autopartol_robot/build install --record /home/emmm/Desktop/RM/ROS2/learn/chapter7/navigation_ws/build/autopartol_robot/install.log --single-version-externally-managed install_data
[1.503s] Level 1:colcon.colcon_core.environment:checking '/home/emmm/Desktop/RM/ROS2/learn/chapter7/navigation_ws/install/autopartol_robot' for CMake module files
[1.503s] Level 1:colcon.colcon_core.environment:checking '/home/emmm/Desktop/RM/ROS2/learn/chapter7/navigation_ws/install/autopartol_robot' for CMake config files
[1.504s] Level 1:colcon.colcon_core.environment:checking '/home/emmm/Desktop/RM/ROS2/learn/chapter7/navigation_ws/install/autopartol_robot/lib'
[1.505s] Level 1:colcon.colcon_core.environment:checking '/home/emmm/Desktop/RM/ROS2/learn/chapter7/navigation_ws/install/autopartol_robot/bin'
[1.505s] Level 1:colcon.colcon_core.environment:checking '/home/emmm/Desktop/RM/ROS2/learn/chapter7/navigation_ws/install/autopartol_robot/lib/pkgconfig/autopartol_robot.pc'
[1.505s] Level 1:colcon.colcon_core.environment:checking '/home/emmm/Desktop/RM/ROS2/learn/chapter7/navigation_ws/install/autopartol_robot/lib/python3.10/site-packages'
[1.505s] Level 1:colcon.colcon_core.shell:create_environment_hook('autopartol_robot', 'pythonpath')
[1.506s] INFO:colcon.colcon_core.shell:Creating environment hook '/home/emmm/Desktop/RM/ROS2/learn/chapter7/navigation_ws/install/autopartol_robot/share/autopartol_robot/hook/pythonpath.ps1'
[1.506s] INFO:colcon.colcon_core.shell:Creating environment descriptor '/home/emmm/Desktop/RM/ROS2/learn/chapter7/navigation_ws/install/autopartol_robot/share/autopartol_robot/hook/pythonpath.dsv'
[1.507s] INFO:colcon.colcon_core.shell:Creating environment hook '/home/emmm/Desktop/RM/ROS2/learn/chapter7/navigation_ws/install/autopartol_robot/share/autopartol_robot/hook/pythonpath.sh'
[1.508s] Level 1:colcon.colcon_core.environment:checking '/home/emmm/Desktop/RM/ROS2/learn/chapter7/navigation_ws/install/autopartol_robot/bin'
[1.508s] Level 1:colcon.colcon_core.environment:create_environment_scripts_only(autopartol_robot)
[1.509s] INFO:colcon.colcon_core.shell:Creating package script '/home/emmm/Desktop/RM/ROS2/learn/chapter7/navigation_ws/install/autopartol_robot/share/autopartol_robot/package.ps1'
[1.510s] INFO:colcon.colcon_core.shell:Creating package descriptor '/home/emmm/Desktop/RM/ROS2/learn/chapter7/navigation_ws/install/autopartol_robot/share/autopartol_robot/package.dsv'
[1.511s] INFO:colcon.colcon_core.shell:Creating package script '/home/emmm/Desktop/RM/ROS2/learn/chapter7/navigation_ws/install/autopartol_robot/share/autopartol_robot/package.sh'
[1.512s] INFO:colcon.colcon_core.shell:Creating package script '/home/emmm/Desktop/RM/ROS2/learn/chapter7/navigation_ws/install/autopartol_robot/share/autopartol_robot/package.bash'
[1.513s] INFO:colcon.colcon_core.shell:Creating package script '/home/emmm/Desktop/RM/ROS2/learn/chapter7/navigation_ws/install/autopartol_robot/share/autopartol_robot/package.zsh'
[1.514s] Level 1:colcon.colcon_core.environment:create_file_with_runtime_dependencies(/home/emmm/Desktop/RM/ROS2/learn/chapter7/navigation_ws/install/autopartol_robot/share/colcon-core/packages/autopartol_robot)
[1.650s] Level 1:colcon.colcon_core.environment:checking '/home/emmm/Desktop/RM/ROS2/learn/chapter7/navigation_ws/install/fishbot_application' for CMake module files
[1.651s] DEBUG:colcon.colcon_core.event_handler.log_command:Invoked command in '/home/emmm/Desktop/RM/ROS2/learn/chapter7/navigation_ws/src/fishbot_application' returned '0': PYTHONPATH=/home/emmm/Desktop/RM/ROS2/learn/chapter7/navigation_ws/build/fishbot_application/prefix_override:/usr/lib/python3/dist-packages/colcon_core/task/python/colcon_distutils_commands:/home/emmm/Desktop/RM/ROS2/learn/chapter7/navigation_ws/install/fishbot_application/lib/python3.10/site-packages:${PYTHONPATH} /usr/bin/python3 -W ignore:setup.py install is deprecated -W ignore:easy_install command is deprecated setup.py egg_info --egg-base ../../build/fishbot_application build --build-base /home/emmm/Desktop/RM/ROS2/learn/chapter7/navigation_ws/build/fishbot_application/build install --record /home/emmm/Desktop/RM/ROS2/learn/chapter7/navigation_ws/build/fishbot_application/install.log --single-version-externally-managed install_data
[1.652s] Level 1:colcon.colcon_core.environment:checking '/home/emmm/Desktop/RM/ROS2/learn/chapter7/navigation_ws/install/fishbot_application' for CMake config files
[1.653s] Level 1:colcon.colcon_core.environment:checking '/home/emmm/Desktop/RM/ROS2/learn/chapter7/navigation_ws/install/fishbot_application/lib'
[1.653s] Level 1:colcon.colcon_core.environment:checking '/home/emmm/Desktop/RM/ROS2/learn/chapter7/navigation_ws/install/fishbot_application/bin'
[1.653s] Level 1:colcon.colcon_core.environment:checking '/home/emmm/Desktop/RM/ROS2/learn/chapter7/navigation_ws/install/fishbot_application/lib/pkgconfig/fishbot_application.pc'
[1.653s] Level 1:colcon.colcon_core.environment:checking '/home/emmm/Desktop/RM/ROS2/learn/chapter7/navigation_ws/install/fishbot_application/lib/python3.10/site-packages'
[1.653s] Level 1:colcon.colcon_core.shell:create_environment_hook('fishbot_application', 'pythonpath')
[1.654s] INFO:colcon.colcon_core.shell:Creating environment hook '/home/emmm/Desktop/RM/ROS2/learn/chapter7/navigation_ws/install/fishbot_application/share/fishbot_application/hook/pythonpath.ps1'
[1.654s] INFO:colcon.colcon_core.shell:Creating environment descriptor '/home/emmm/Desktop/RM/ROS2/learn/chapter7/navigation_ws/install/fishbot_application/share/fishbot_application/hook/pythonpath.dsv'
[1.655s] INFO:colcon.colcon_core.shell:Creating environment hook '/home/emmm/Desktop/RM/ROS2/learn/chapter7/navigation_ws/install/fishbot_application/share/fishbot_application/hook/pythonpath.sh'
[1.656s] Level 1:colcon.colcon_core.environment:checking '/home/emmm/Desktop/RM/ROS2/learn/chapter7/navigation_ws/install/fishbot_application/bin'
[1.656s] Level 1:colcon.colcon_core.environment:create_environment_scripts_only(fishbot_application)
[1.656s] INFO:colcon.colcon_core.shell:Creating package script '/home/emmm/Desktop/RM/ROS2/learn/chapter7/navigation_ws/install/fishbot_application/share/fishbot_application/package.ps1'
[1.657s] INFO:colcon.colcon_core.shell:Creating package descriptor '/home/emmm/Desktop/RM/ROS2/learn/chapter7/navigation_ws/install/fishbot_application/share/fishbot_application/package.dsv'
[1.658s] INFO:colcon.colcon_core.shell:Creating package script '/home/emmm/Desktop/RM/ROS2/learn/chapter7/navigation_ws/install/fishbot_application/share/fishbot_application/package.sh'
[1.658s] INFO:colcon.colcon_core.shell:Creating package script '/home/emmm/Desktop/RM/ROS2/learn/chapter7/navigation_ws/install/fishbot_application/share/fishbot_application/package.bash'
[1.659s] INFO:colcon.colcon_core.shell:Creating package script '/home/emmm/Desktop/RM/ROS2/learn/chapter7/navigation_ws/install/fishbot_application/share/fishbot_application/package.zsh'
[1.659s] Level 1:colcon.colcon_core.environment:create_file_with_runtime_dependencies(/home/emmm/Desktop/RM/ROS2/learn/chapter7/navigation_ws/install/fishbot_application/share/colcon-core/packages/fishbot_application)
[1.677s] DEBUG:colcon.colcon_core.event_handler.log_command:Invoked command in '/home/emmm/Desktop/RM/ROS2/learn/chapter7/navigation_ws/build/fishbot_navigation2' returned '0': CMAKE_PREFIX_PATH=${CMAKE_PREFIX_PATH}:/home/emmm/Desktop/RM/ROS2/learn/chapter7/navigation_ws/install/fishbot_application:/home/emmm/Desktop/RM/ROS2/learn/chapter7/navigation_ws/install/autopartol_robot:/opt/ros/humble /usr/bin/cmake /home/emmm/Desktop/RM/ROS2/learn/chapter7/navigation_ws/src/fishbot_navigation2 -DCMAKE_INSTALL_PREFIX=/home/emmm/Desktop/RM/ROS2/learn/chapter7/navigation_ws/install/fishbot_navigation2
[1.679s] DEBUG:colcon.colcon_core.event_handler.log_command:Invoking command in '/home/emmm/Desktop/RM/ROS2/learn/chapter7/navigation_ws/build/fishbot_navigation2': CMAKE_PREFIX_PATH=${CMAKE_PREFIX_PATH}:/home/emmm/Desktop/RM/ROS2/learn/chapter7/navigation_ws/install/fishbot_application:/home/emmm/Desktop/RM/ROS2/learn/chapter7/navigation_ws/install/autopartol_robot:/opt/ros/humble /usr/bin/cmake --build /home/emmm/Desktop/RM/ROS2/learn/chapter7/navigation_ws/build/fishbot_navigation2 -- -j12 -l12
[1.681s] DEBUG:colcon.colcon_core.event_handler.log_command:Invoked command in '/home/emmm/Desktop/RM/ROS2/learn/chapter7/navigation_ws/build/fishbot_description' returned '0': CMAKE_PREFIX_PATH=${CMAKE_PREFIX_PATH}:/home/emmm/Desktop/RM/ROS2/learn/chapter7/navigation_ws/install/fishbot_application:/home/emmm/Desktop/RM/ROS2/learn/chapter7/navigation_ws/install/autopartol_robot:/opt/ros/humble /usr/bin/cmake /home/emmm/Desktop/RM/ROS2/learn/chapter7/navigation_ws/src/fishbot_description -DCMAKE_INSTALL_PREFIX=/home/emmm/Desktop/RM/ROS2/learn/chapter7/navigation_ws/install/fishbot_description
[1.683s] DEBUG:colcon.colcon_core.event_handler.log_command:Invoking command in '/home/emmm/Desktop/RM/ROS2/learn/chapter7/navigation_ws/build/fishbot_description': CMAKE_PREFIX_PATH=${CMAKE_PREFIX_PATH}:/home/emmm/Desktop/RM/ROS2/learn/chapter7/navigation_ws/install/fishbot_application:/home/emmm/Desktop/RM/ROS2/learn/chapter7/navigation_ws/install/autopartol_robot:/opt/ros/humble /usr/bin/cmake --build /home/emmm/Desktop/RM/ROS2/learn/chapter7/navigation_ws/build/fishbot_description -- -j12 -l12
[1.715s] DEBUG:colcon.colcon_core.event_handler.log_command:Invoked command in '/home/emmm/Desktop/RM/ROS2/learn/chapter7/navigation_ws/build/fishbot_navigation2' returned '0': CMAKE_PREFIX_PATH=${CMAKE_PREFIX_PATH}:/home/emmm/Desktop/RM/ROS2/learn/chapter7/navigation_ws/install/fishbot_application:/home/emmm/Desktop/RM/ROS2/learn/chapter7/navigation_ws/install/autopartol_robot:/opt/ros/humble /usr/bin/cmake --build /home/emmm/Desktop/RM/ROS2/learn/chapter7/navigation_ws/build/fishbot_navigation2 -- -j12 -l12
[1.722s] DEBUG:colcon.colcon_core.event_handler.log_command:Invoking command in '/home/emmm/Desktop/RM/ROS2/learn/chapter7/navigation_ws/build/fishbot_navigation2': CMAKE_PREFIX_PATH=${CMAKE_PREFIX_PATH}:/home/emmm/Desktop/RM/ROS2/learn/chapter7/navigation_ws/install/fishbot_application:/home/emmm/Desktop/RM/ROS2/learn/chapter7/navigation_ws/install/autopartol_robot:/opt/ros/humble /usr/bin/cmake --install /home/emmm/Desktop/RM/ROS2/learn/chapter7/navigation_ws/build/fishbot_navigation2
[1.724s] DEBUG:colcon.colcon_core.event_handler.log_command:Invoked command in '/home/emmm/Desktop/RM/ROS2/learn/chapter7/navigation_ws/build/fishbot_description' returned '0': CMAKE_PREFIX_PATH=${CMAKE_PREFIX_PATH}:/home/emmm/Desktop/RM/ROS2/learn/chapter7/navigation_ws/install/fishbot_application:/home/emmm/Desktop/RM/ROS2/learn/chapter7/navigation_ws/install/autopartol_robot:/opt/ros/humble /usr/bin/cmake --build /home/emmm/Desktop/RM/ROS2/learn/chapter7/navigation_ws/build/fishbot_description -- -j12 -l12
[1.725s] DEBUG:colcon.colcon_core.event_handler.log_command:Invoking command in '/home/emmm/Desktop/RM/ROS2/learn/chapter7/navigation_ws/build/fishbot_description': CMAKE_PREFIX_PATH=${CMAKE_PREFIX_PATH}:/home/emmm/Desktop/RM/ROS2/learn/chapter7/navigation_ws/install/fishbot_application:/home/emmm/Desktop/RM/ROS2/learn/chapter7/navigation_ws/install/autopartol_robot:/opt/ros/humble /usr/bin/cmake --install /home/emmm/Desktop/RM/ROS2/learn/chapter7/navigation_ws/build/fishbot_description
[1.737s] Level 1:colcon.colcon_core.environment:create_environment_scripts_only(fishbot_navigation2)
[1.737s] Level 1:colcon.colcon_core.environment:checking '/home/emmm/Desktop/RM/ROS2/learn/chapter7/navigation_ws/install/fishbot_navigation2' for CMake module files
[1.738s] DEBUG:colcon.colcon_core.event_handler.log_command:Invoked command in '/home/emmm/Desktop/RM/ROS2/learn/chapter7/navigation_ws/build/fishbot_navigation2' returned '0': CMAKE_PREFIX_PATH=${CMAKE_PREFIX_PATH}:/home/emmm/Desktop/RM/ROS2/learn/chapter7/navigation_ws/install/fishbot_application:/home/emmm/Desktop/RM/ROS2/learn/chapter7/navigation_ws/install/autopartol_robot:/opt/ros/humble /usr/bin/cmake --install /home/emmm/Desktop/RM/ROS2/learn/chapter7/navigation_ws/build/fishbot_navigation2
[1.741s] Level 1:colcon.colcon_core.environment:checking '/home/emmm/Desktop/RM/ROS2/learn/chapter7/navigation_ws/install/fishbot_navigation2' for CMake config files
[1.744s] Level 1:colcon.colcon_core.shell:create_environment_hook('fishbot_navigation2', 'cmake_prefix_path')
[1.744s] INFO:colcon.colcon_core.shell:Creating environment hook '/home/emmm/Desktop/RM/ROS2/learn/chapter7/navigation_ws/install/fishbot_navigation2/share/fishbot_navigation2/hook/cmake_prefix_path.ps1'
[1.745s] INFO:colcon.colcon_core.shell:Creating environment descriptor '/home/emmm/Desktop/RM/ROS2/learn/chapter7/navigation_ws/install/fishbot_navigation2/share/fishbot_navigation2/hook/cmake_prefix_path.dsv'
[1.745s] INFO:colcon.colcon_core.shell:Creating environment hook '/home/emmm/Desktop/RM/ROS2/learn/chapter7/navigation_ws/install/fishbot_navigation2/share/fishbot_navigation2/hook/cmake_prefix_path.sh'
[1.746s] Level 1:colcon.colcon_core.environment:checking '/home/emmm/Desktop/RM/ROS2/learn/chapter7/navigation_ws/install/fishbot_navigation2/bin'
[1.746s] Level 1:colcon.colcon_core.environment:checking '/home/emmm/Desktop/RM/ROS2/learn/chapter7/navigation_ws/install/fishbot_navigation2/lib/pkgconfig/fishbot_navigation2.pc'
[1.746s] Level 1:colcon.colcon_core.environment:checking '/home/emmm/Desktop/RM/ROS2/learn/chapter7/navigation_ws/install/fishbot_navigation2/lib/python3.10/site-packages'
[1.747s] Level 1:colcon.colcon_core.environment:checking '/home/emmm/Desktop/RM/ROS2/learn/chapter7/navigation_ws/install/fishbot_navigation2/bin'
[1.747s] INFO:colcon.colcon_core.shell:Creating package script '/home/emmm/Desktop/RM/ROS2/learn/chapter7/navigation_ws/install/fishbot_navigation2/share/fishbot_navigation2/package.ps1'
[1.748s] INFO:colcon.colcon_core.shell:Creating package descriptor '/home/emmm/Desktop/RM/ROS2/learn/chapter7/navigation_ws/install/fishbot_navigation2/share/fishbot_navigation2/package.dsv'
[1.749s] INFO:colcon.colcon_core.shell:Creating package script '/home/emmm/Desktop/RM/ROS2/learn/chapter7/navigation_ws/install/fishbot_navigation2/share/fishbot_navigation2/package.sh'
[1.749s] INFO:colcon.colcon_core.shell:Creating package script '/home/emmm/Desktop/RM/ROS2/learn/chapter7/navigation_ws/install/fishbot_navigation2/share/fishbot_navigation2/package.bash'
[1.750s] INFO:colcon.colcon_core.shell:Creating package script '/home/emmm/Desktop/RM/ROS2/learn/chapter7/navigation_ws/install/fishbot_navigation2/share/fishbot_navigation2/package.zsh'
[1.750s] Level 1:colcon.colcon_core.environment:create_file_with_runtime_dependencies(/home/emmm/Desktop/RM/ROS2/learn/chapter7/navigation_ws/install/fishbot_navigation2/share/colcon-core/packages/fishbot_navigation2)
[1.751s] Level 1:colcon.colcon_core.environment:create_environment_scripts_only(fishbot_navigation2)
[1.751s] Level 1:colcon.colcon_core.environment:checking '/home/emmm/Desktop/RM/ROS2/learn/chapter7/navigation_ws/install/fishbot_navigation2' for CMake module files
[1.752s] Level 1:colcon.colcon_core.environment:checking '/home/emmm/Desktop/RM/ROS2/learn/chapter7/navigation_ws/install/fishbot_navigation2' for CMake config files
[1.752s] Level 1:colcon.colcon_core.shell:create_environment_hook('fishbot_navigation2', 'cmake_prefix_path')
[1.752s] INFO:colcon.colcon_core.shell:Creating environment hook '/home/emmm/Desktop/RM/ROS2/learn/chapter7/navigation_ws/install/fishbot_navigation2/share/fishbot_navigation2/hook/cmake_prefix_path.ps1'
[1.753s] INFO:colcon.colcon_core.shell:Creating environment descriptor '/home/emmm/Desktop/RM/ROS2/learn/chapter7/navigation_ws/install/fishbot_navigation2/share/fishbot_navigation2/hook/cmake_prefix_path.dsv'
[1.753s] INFO:colcon.colcon_core.shell:Creating environment hook '/home/emmm/Desktop/RM/ROS2/learn/chapter7/navigation_ws/install/fishbot_navigation2/share/fishbot_navigation2/hook/cmake_prefix_path.sh'
[1.754s] Level 1:colcon.colcon_core.environment:checking '/home/emmm/Desktop/RM/ROS2/learn/chapter7/navigation_ws/install/fishbot_navigation2/bin'
[1.754s] Level 1:colcon.colcon_core.environment:checking '/home/emmm/Desktop/RM/ROS2/learn/chapter7/navigation_ws/install/fishbot_navigation2/lib/pkgconfig/fishbot_navigation2.pc'
[1.754s] Level 1:colcon.colcon_core.environment:checking '/home/emmm/Desktop/RM/ROS2/learn/chapter7/navigation_ws/install/fishbot_navigation2/lib/python3.10/site-packages'
[1.755s] Level 1:colcon.colcon_core.environment:checking '/home/emmm/Desktop/RM/ROS2/learn/chapter7/navigation_ws/install/fishbot_navigation2/bin'
[1.755s] INFO:colcon.colcon_core.shell:Creating package script '/home/emmm/Desktop/RM/ROS2/learn/chapter7/navigation_ws/install/fishbot_navigation2/share/fishbot_navigation2/package.ps1'
[1.756s] INFO:colcon.colcon_core.shell:Creating package descriptor '/home/emmm/Desktop/RM/ROS2/learn/chapter7/navigation_ws/install/fishbot_navigation2/share/fishbot_navigation2/package.dsv'
[1.757s] INFO:colcon.colcon_core.shell:Creating package script '/home/emmm/Desktop/RM/ROS2/learn/chapter7/navigation_ws/install/fishbot_navigation2/share/fishbot_navigation2/package.sh'
[1.757s] INFO:colcon.colcon_core.shell:Creating package script '/home/emmm/Desktop/RM/ROS2/learn/chapter7/navigation_ws/install/fishbot_navigation2/share/fishbot_navigation2/package.bash'
[1.758s] INFO:colcon.colcon_core.shell:Creating package script '/home/emmm/Desktop/RM/ROS2/learn/chapter7/navigation_ws/install/fishbot_navigation2/share/fishbot_navigation2/package.zsh'
[1.758s] Level 1:colcon.colcon_core.environment:create_file_with_runtime_dependencies(/home/emmm/Desktop/RM/ROS2/learn/chapter7/navigation_ws/install/fishbot_navigation2/share/colcon-core/packages/fishbot_navigation2)
[1.760s] Level 1:colcon.colcon_core.environment:create_environment_scripts_only(fishbot_description)
[1.760s] Level 1:colcon.colcon_core.environment:checking '/home/emmm/Desktop/RM/ROS2/learn/chapter7/navigation_ws/install/fishbot_description' for CMake module files
[1.761s] DEBUG:colcon.colcon_core.event_handler.log_command:Invoked command in '/home/emmm/Desktop/RM/ROS2/learn/chapter7/navigation_ws/build/fishbot_description' returned '0': CMAKE_PREFIX_PATH=${CMAKE_PREFIX_PATH}:/home/emmm/Desktop/RM/ROS2/learn/chapter7/navigation_ws/install/fishbot_application:/home/emmm/Desktop/RM/ROS2/learn/chapter7/navigation_ws/install/autopartol_robot:/opt/ros/humble /usr/bin/cmake --install /home/emmm/Desktop/RM/ROS2/learn/chapter7/navigation_ws/build/fishbot_description
[1.761s] Level 1:colcon.colcon_core.environment:checking '/home/emmm/Desktop/RM/ROS2/learn/chapter7/navigation_ws/install/fishbot_description' for CMake config files
[1.762s] Level 1:colcon.colcon_core.shell:create_environment_hook('fishbot_description', 'cmake_prefix_path')
[1.762s] INFO:colcon.colcon_core.shell:Creating environment hook '/home/emmm/Desktop/RM/ROS2/learn/chapter7/navigation_ws/install/fishbot_description/share/fishbot_description/hook/cmake_prefix_path.ps1'
[1.763s] INFO:colcon.colcon_core.shell:Creating environment descriptor '/home/emmm/Desktop/RM/ROS2/learn/chapter7/navigation_ws/install/fishbot_description/share/fishbot_description/hook/cmake_prefix_path.dsv'
[1.763s] INFO:colcon.colcon_core.shell:Creating environment hook '/home/emmm/Desktop/RM/ROS2/learn/chapter7/navigation_ws/install/fishbot_description/share/fishbot_description/hook/cmake_prefix_path.sh'
[1.764s] Level 1:colcon.colcon_core.environment:checking '/home/emmm/Desktop/RM/ROS2/learn/chapter7/navigation_ws/install/fishbot_description/bin'
[1.764s] Level 1:colcon.colcon_core.environment:checking '/home/emmm/Desktop/RM/ROS2/learn/chapter7/navigation_ws/install/fishbot_description/lib/pkgconfig/fishbot_description.pc'
[1.764s] Level 1:colcon.colcon_core.environment:checking '/home/emmm/Desktop/RM/ROS2/learn/chapter7/navigation_ws/install/fishbot_description/lib/python3.10/site-packages'
[1.765s] Level 1:colcon.colcon_core.environment:checking '/home/emmm/Desktop/RM/ROS2/learn/chapter7/navigation_ws/install/fishbot_description/bin'
[1.765s] INFO:colcon.colcon_core.shell:Creating package script '/home/emmm/Desktop/RM/ROS2/learn/chapter7/navigation_ws/install/fishbot_description/share/fishbot_description/package.ps1'
[1.766s] INFO:colcon.colcon_core.shell:Creating package descriptor '/home/emmm/Desktop/RM/ROS2/learn/chapter7/navigation_ws/install/fishbot_description/share/fishbot_description/package.dsv'
[1.766s] INFO:colcon.colcon_core.shell:Creating package script '/home/emmm/Desktop/RM/ROS2/learn/chapter7/navigation_ws/install/fishbot_description/share/fishbot_description/package.sh'
[1.767s] INFO:colcon.colcon_core.shell:Creating package script '/home/emmm/Desktop/RM/ROS2/learn/chapter7/navigation_ws/install/fishbot_description/share/fishbot_description/package.bash'
[1.767s] INFO:colcon.colcon_core.shell:Creating package script '/home/emmm/Desktop/RM/ROS2/learn/chapter7/navigation_ws/install/fishbot_description/share/fishbot_description/package.zsh'
[1.768s] Level 1:colcon.colcon_core.environment:create_file_with_runtime_dependencies(/home/emmm/Desktop/RM/ROS2/learn/chapter7/navigation_ws/install/fishbot_description/share/colcon-core/packages/fishbot_description)
[1.768s] Level 1:colcon.colcon_core.environment:create_environment_scripts_only(fishbot_description)
[1.769s] Level 1:colcon.colcon_core.environment:checking '/home/emmm/Desktop/RM/ROS2/learn/chapter7/navigation_ws/install/fishbot_description' for CMake module files
[1.769s] Level 1:colcon.colcon_core.environment:checking '/home/emmm/Desktop/RM/ROS2/learn/chapter7/navigation_ws/install/fishbot_description' for CMake config files
[1.769s] Level 1:colcon.colcon_core.shell:create_environment_hook('fishbot_description', 'cmake_prefix_path')
[1.769s] INFO:colcon.colcon_core.shell:Creating environment hook '/home/emmm/Desktop/RM/ROS2/learn/chapter7/navigation_ws/install/fishbot_description/share/fishbot_description/hook/cmake_prefix_path.ps1'
[1.770s] INFO:colcon.colcon_core.shell:Creating environment descriptor '/home/emmm/Desktop/RM/ROS2/learn/chapter7/navigation_ws/install/fishbot_description/share/fishbot_description/hook/cmake_prefix_path.dsv'
[1.770s] INFO:colcon.colcon_core.shell:Creating environment hook '/home/emmm/Desktop/RM/ROS2/learn/chapter7/navigation_ws/install/fishbot_description/share/fishbot_description/hook/cmake_prefix_path.sh'
[1.770s] Level 1:colcon.colcon_core.environment:checking '/home/emmm/Desktop/RM/ROS2/learn/chapter7/navigation_ws/install/fishbot_description/bin'
[1.771s] Level 1:colcon.colcon_core.environment:checking '/home/emmm/Desktop/RM/ROS2/learn/chapter7/navigation_ws/install/fishbot_description/lib/pkgconfig/fishbot_description.pc'
[1.771s] Level 1:colcon.colcon_core.environment:checking '/home/emmm/Desktop/RM/ROS2/learn/chapter7/navigation_ws/install/fishbot_description/lib/python3.10/site-packages'
[1.771s] Level 1:colcon.colcon_core.environment:checking '/home/emmm/Desktop/RM/ROS2/learn/chapter7/navigation_ws/install/fishbot_description/bin'
[1.772s] INFO:colcon.colcon_core.shell:Creating package script '/home/emmm/Desktop/RM/ROS2/learn/chapter7/navigation_ws/install/fishbot_description/share/fishbot_description/package.ps1'
[1.773s] INFO:colcon.colcon_core.shell:Creating package descriptor '/home/emmm/Desktop/RM/ROS2/learn/chapter7/navigation_ws/install/fishbot_description/share/fishbot_description/package.dsv'
[1.774s] INFO:colcon.colcon_core.shell:Creating package script '/home/emmm/Desktop/RM/ROS2/learn/chapter7/navigation_ws/install/fishbot_description/share/fishbot_description/package.sh'
[1.774s] INFO:colcon.colcon_core.shell:Creating package script '/home/emmm/Desktop/RM/ROS2/learn/chapter7/navigation_ws/install/fishbot_description/share/fishbot_description/package.bash'
[1.775s] INFO:colcon.colcon_core.shell:Creating package script '/home/emmm/Desktop/RM/ROS2/learn/chapter7/navigation_ws/install/fishbot_description/share/fishbot_description/package.zsh'
[1.776s] Level 1:colcon.colcon_core.environment:create_file_with_runtime_dependencies(/home/emmm/Desktop/RM/ROS2/learn/chapter7/navigation_ws/install/fishbot_description/share/colcon-core/packages/fishbot_description)
[1.776s] DEBUG:colcon.colcon_parallel_executor.executor.parallel:closing loop
[1.776s] DEBUG:colcon.colcon_parallel_executor.executor.parallel:loop closed
[1.776s] DEBUG:colcon.colcon_parallel_executor.executor.parallel:run_until_complete finished with '0'
[1.777s] DEBUG:colcon.colcon_core.event_reactor:joining thread
[1.781s] INFO:colcon.colcon_core.plugin_system:Skipping extension 'colcon_notification.desktop_notification.terminal_notifier': Not used on non-Darwin systems
[1.782s] INFO:colcon.colcon_core.plugin_system:Skipping extension 'colcon_notification.desktop_notification.win32': Not used on non-Windows systems
[1.782s] INFO:colcon.colcon_notification.desktop_notification:Sending desktop notification using 'notify2'
[1.795s] DEBUG:colcon.colcon_core.event_reactor:joined thread
[1.796s] INFO:colcon.colcon_core.shell:Creating prefix script '/home/emmm/Desktop/RM/ROS2/learn/chapter7/navigation_ws/install/local_setup.ps1'
[1.797s] INFO:colcon.colcon_core.shell:Creating prefix util module '/home/emmm/Desktop/RM/ROS2/learn/chapter7/navigation_ws/install/_local_setup_util_ps1.py'
[1.799s] INFO:colcon.colcon_core.shell:Creating prefix chain script '/home/emmm/Desktop/RM/ROS2/learn/chapter7/navigation_ws/install/setup.ps1'
[1.800s] INFO:colcon.colcon_core.shell:Creating prefix script '/home/emmm/Desktop/RM/ROS2/learn/chapter7/navigation_ws/install/local_setup.sh'
[1.801s] INFO:colcon.colcon_core.shell:Creating prefix util module '/home/emmm/Desktop/RM/ROS2/learn/chapter7/navigation_ws/install/_local_setup_util_sh.py'
[1.802s] INFO:colcon.colcon_core.shell:Creating prefix chain script '/home/emmm/Desktop/RM/ROS2/learn/chapter7/navigation_ws/install/setup.sh'
[1.803s] INFO:colcon.colcon_core.shell:Creating prefix script '/home/emmm/Desktop/RM/ROS2/learn/chapter7/navigation_ws/install/local_setup.bash'
[1.804s] INFO:colcon.colcon_core.shell:Creating prefix chain script '/home/emmm/Desktop/RM/ROS2/learn/chapter7/navigation_ws/install/setup.bash'
[1.805s] INFO:colcon.colcon_core.shell:Creating prefix script '/home/emmm/Desktop/RM/ROS2/learn/chapter7/navigation_ws/install/local_setup.zsh'
[1.806s] INFO:colcon.colcon_core.shell:Creating prefix chain script '/home/emmm/Desktop/RM/ROS2/learn/chapter7/navigation_ws/install/setup.zsh'
