[0.009s] Invoking command in '/home/emmm/Desktop/RM/ROS2/learn/chapter4/param_ws/build/example_parameters_rclcpp': CMAKE_PREFIX_PATH=/opt/ros/humble /usr/bin/cmake /home/emmm/Desktop/RM/ROS2/learn/chapter4/param_ws/src/example_parameters_rclcpp -DCMAKE_INSTALL_PREFIX=/home/emmm/Desktop/RM/ROS2/learn/chapter4/param_ws/install/example_parameters_rclcpp
[0.104s] -- The C compiler identification is GNU 11.4.0
[0.203s] -- The CXX compiler identification is GNU 11.4.0
[0.216s] -- Detecting C compiler ABI info
[0.287s] -- Detecting C compiler ABI info - done
[0.294s] -- Check for working C compiler: /usr/bin/cc - skipped
[0.294s] -- Detecting C compile features
[0.295s] -- Detecting C compile features - done
[0.298s] -- Detecting CXX compiler ABI info
[0.359s] -- Detecting CXX compiler ABI info - done
[0.369s] -- Check for working CXX compiler: /usr/bin/c++ - skipped
[0.369s] -- Detecting CXX compile features
[0.369s] -- Detecting CXX compile features - done
[0.373s] -- Found ament_cmake: 1.3.12 (/opt/ros/humble/share/ament_cmake/cmake)
[0.504s] -- Found Python3: /usr/bin/python3 (found version "3.10.12") found components: Interpreter 
[0.596s] -- Found rclcpp: 16.0.17 (/opt/ros/humble/share/rclcpp/cmake)
[0.641s] -- Found rosidl_generator_c: 3.1.8 (/opt/ros/humble/share/rosidl_generator_c/cmake)
[0.646s] -- Found rosidl_adapter: 3.1.8 (/opt/ros/humble/share/rosidl_adapter/cmake)
[0.654s] -- Found rosidl_generator_cpp: 3.1.8 (/opt/ros/humble/share/rosidl_generator_cpp/cmake)
[0.667s] -- Using all available rosidl_typesupport_c: rosidl_typesupport_fastrtps_c;rosidl_typesupport_introspection_c
[0.686s] -- Using all available rosidl_typesupport_cpp: rosidl_typesupport_fastrtps_cpp;rosidl_typesupport_introspection_cpp
[0.720s] -- Found rmw_implementation_cmake: 6.1.2 (/opt/ros/humble/share/rmw_implementation_cmake/cmake)
[0.722s] -- Found rmw_fastrtps_cpp: 6.2.9 (/opt/ros/humble/share/rmw_fastrtps_cpp/cmake)
[0.816s] -- Found OpenSSL: /usr/lib/x86_64-linux-gnu/libcrypto.so (found version "3.0.2")  
[0.842s] -- Found FastRTPS: /opt/ros/humble/include  
[0.876s] -- Using RMW implementation 'rmw_fastrtps_cpp' as default
[0.881s] -- Looking for pthread.h
[0.968s] -- Looking for pthread.h - found
[0.968s] -- Performing Test CMAKE_HAVE_LIBC_PTHREAD
[1.035s] -- Performing Test CMAKE_HAVE_LIBC_PTHREAD - Success
[1.036s] -- Found Threads: TRUE  
[1.084s] -- Found ament_lint_auto: 0.12.14 (/opt/ros/humble/share/ament_lint_auto/cmake)
[1.140s] -- Added test 'cppcheck' to perform static code analysis on C / C++ code
[1.140s] -- Configured cppcheck include dirs: $<BUILD_INTERFACE:/home/emmm/Desktop/RM/ROS2/learn/chapter4/param_ws/src/example_parameters_rclcpp/include>
[1.140s] -- Configured cppcheck exclude dirs and/or files: 
[1.141s] -- Added test 'lint_cmake' to check CMake code style
[1.141s] -- Added test 'uncrustify' to check C / C++ code style
[1.142s] -- Configured uncrustify additional arguments: 
[1.142s] -- Added test 'xmllint' to check XML markup files
[1.143s] -- Configuring done
[1.148s] -- Generating done
[1.150s] -- Build files have been written to: /home/emmm/Desktop/RM/ROS2/learn/chapter4/param_ws/build/example_parameters_rclcpp
[1.156s] Invoked command in '/home/emmm/Desktop/RM/ROS2/learn/chapter4/param_ws/build/example_parameters_rclcpp' returned '0': CMAKE_PREFIX_PATH=/opt/ros/humble /usr/bin/cmake /home/emmm/Desktop/RM/ROS2/learn/chapter4/param_ws/src/example_parameters_rclcpp -DCMAKE_INSTALL_PREFIX=/home/emmm/Desktop/RM/ROS2/learn/chapter4/param_ws/install/example_parameters_rclcpp
[1.158s] Invoking command in '/home/emmm/Desktop/RM/ROS2/learn/chapter4/param_ws/build/example_parameters_rclcpp': CMAKE_PREFIX_PATH=/opt/ros/humble /usr/bin/cmake --build /home/emmm/Desktop/RM/ROS2/learn/chapter4/param_ws/build/example_parameters_rclcpp -- -j12 -l12
[1.198s] [ 50%] [32mBuilding CXX object CMakeFiles/parameters_basic.dir/src/parameters_basic.cpp.o[0m
[3.224s] [100%] [32m[1mLinking CXX executable parameters_basic[0m
[3.318s] [100%] Built target parameters_basic
[3.331s] Invoked command in '/home/emmm/Desktop/RM/ROS2/learn/chapter4/param_ws/build/example_parameters_rclcpp' returned '0': CMAKE_PREFIX_PATH=/opt/ros/humble /usr/bin/cmake --build /home/emmm/Desktop/RM/ROS2/learn/chapter4/param_ws/build/example_parameters_rclcpp -- -j12 -l12
[3.333s] Invoking command in '/home/emmm/Desktop/RM/ROS2/learn/chapter4/param_ws/build/example_parameters_rclcpp': CMAKE_PREFIX_PATH=/opt/ros/humble /usr/bin/cmake --install /home/emmm/Desktop/RM/ROS2/learn/chapter4/param_ws/build/example_parameters_rclcpp
[3.340s] -- Install configuration: ""
[3.340s] -- Installing: /home/emmm/Desktop/RM/ROS2/learn/chapter4/param_ws/install/example_parameters_rclcpp/lib/example_parameters_rclcpp/parameters_basic
[3.341s] -- Set runtime path of "/home/emmm/Desktop/RM/ROS2/learn/chapter4/param_ws/install/example_parameters_rclcpp/lib/example_parameters_rclcpp/parameters_basic" to ""
[3.341s] -- Installing: /home/emmm/Desktop/RM/ROS2/learn/chapter4/param_ws/install/example_parameters_rclcpp/share/ament_index/resource_index/package_run_dependencies/example_parameters_rclcpp
[3.342s] -- Installing: /home/emmm/Desktop/RM/ROS2/learn/chapter4/param_ws/install/example_parameters_rclcpp/share/ament_index/resource_index/parent_prefix_path/example_parameters_rclcpp
[3.342s] -- Installing: /home/emmm/Desktop/RM/ROS2/learn/chapter4/param_ws/install/example_parameters_rclcpp/share/example_parameters_rclcpp/environment/ament_prefix_path.sh
[3.342s] -- Installing: /home/emmm/Desktop/RM/ROS2/learn/chapter4/param_ws/install/example_parameters_rclcpp/share/example_parameters_rclcpp/environment/ament_prefix_path.dsv
[3.342s] -- Installing: /home/emmm/Desktop/RM/ROS2/learn/chapter4/param_ws/install/example_parameters_rclcpp/share/example_parameters_rclcpp/environment/path.sh
[3.343s] -- Installing: /home/emmm/Desktop/RM/ROS2/learn/chapter4/param_ws/install/example_parameters_rclcpp/share/example_parameters_rclcpp/environment/path.dsv
[3.343s] -- Installing: /home/emmm/Desktop/RM/ROS2/learn/chapter4/param_ws/install/example_parameters_rclcpp/share/example_parameters_rclcpp/local_setup.bash
[3.343s] -- Installing: /home/emmm/Desktop/RM/ROS2/learn/chapter4/param_ws/install/example_parameters_rclcpp/share/example_parameters_rclcpp/local_setup.sh
[3.343s] -- Installing: /home/emmm/Desktop/RM/ROS2/learn/chapter4/param_ws/install/example_parameters_rclcpp/share/example_parameters_rclcpp/local_setup.zsh
[3.343s] -- Installing: /home/emmm/Desktop/RM/ROS2/learn/chapter4/param_ws/install/example_parameters_rclcpp/share/example_parameters_rclcpp/local_setup.dsv
[3.343s] -- Installing: /home/emmm/Desktop/RM/ROS2/learn/chapter4/param_ws/install/example_parameters_rclcpp/share/example_parameters_rclcpp/package.dsv
[3.343s] -- Installing: /home/emmm/Desktop/RM/ROS2/learn/chapter4/param_ws/install/example_parameters_rclcpp/share/ament_index/resource_index/packages/example_parameters_rclcpp
[3.344s] -- Installing: /home/emmm/Desktop/RM/ROS2/learn/chapter4/param_ws/install/example_parameters_rclcpp/share/example_parameters_rclcpp/cmake/example_parameters_rclcppConfig.cmake
[3.344s] -- Installing: /home/emmm/Desktop/RM/ROS2/learn/chapter4/param_ws/install/example_parameters_rclcpp/share/example_parameters_rclcpp/cmake/example_parameters_rclcppConfig-version.cmake
[3.344s] -- Installing: /home/emmm/Desktop/RM/ROS2/learn/chapter4/param_ws/install/example_parameters_rclcpp/share/example_parameters_rclcpp/package.xml
[3.345s] Invoked command in '/home/emmm/Desktop/RM/ROS2/learn/chapter4/param_ws/build/example_parameters_rclcpp' returned '0': CMAKE_PREFIX_PATH=/opt/ros/humble /usr/bin/cmake --install /home/emmm/Desktop/RM/ROS2/learn/chapter4/param_ws/build/example_parameters_rclcpp
