[0.015s] Invoking command in '/home/emmm/Desktop/RM/ROS2/learn/chapter4/action_ws/build/cpp_action': CMAKE_PREFIX_PATH=/home/emmm/Desktop/RM/ROS2/learn/chapter4/action_ws/install/base_interfaces_demo:/home/emmm/Desktop/RM/ROS2/learn/chapter4/action_ws/install/cpp_action:/home/emmm/Desktop/RM/ROS2/learn/chapter4/action_ws/install/example_action_rclcpp:/home/emmm/Desktop/RM/ROS2/learn/chapter4/action_ws/install/robot_control_interfaces:/opt/ros/humble LD_LIBRARY_PATH=/home/emmm/Desktop/RM/ROS2/learn/chapter4/action_ws/install/base_interfaces_demo/lib:/home/emmm/Desktop/RM/ROS2/learn/chapter4/action_ws/install/robot_control_interfaces/lib:/usr/lib/x86_64-linux-gnu/gazebo-11/plugins:/opt/ros/humble/opt/rviz_ogre_vendor/lib:/opt/ros/humble/lib/x86_64-linux-gnu:/opt/ros/humble/lib /usr/bin/cmake --build /home/emmm/Desktop/RM/ROS2/learn/chapter4/action_ws/build/cpp_action -- -j12 -l12
[0.064s] [35m[1mConsolidate compiler generated dependencies of target demo_action_server[0m
[0.076s] [ 50%] Built target demo_action_client
[0.085s] [100%] Built target demo_action_server
[0.098s] Invoked command in '/home/emmm/Desktop/RM/ROS2/learn/chapter4/action_ws/build/cpp_action' returned '0': CMAKE_PREFIX_PATH=/home/emmm/Desktop/RM/ROS2/learn/chapter4/action_ws/install/base_interfaces_demo:/home/emmm/Desktop/RM/ROS2/learn/chapter4/action_ws/install/cpp_action:/home/emmm/Desktop/RM/ROS2/learn/chapter4/action_ws/install/example_action_rclcpp:/home/emmm/Desktop/RM/ROS2/learn/chapter4/action_ws/install/robot_control_interfaces:/opt/ros/humble LD_LIBRARY_PATH=/home/emmm/Desktop/RM/ROS2/learn/chapter4/action_ws/install/base_interfaces_demo/lib:/home/emmm/Desktop/RM/ROS2/learn/chapter4/action_ws/install/robot_control_interfaces/lib:/usr/lib/x86_64-linux-gnu/gazebo-11/plugins:/opt/ros/humble/opt/rviz_ogre_vendor/lib:/opt/ros/humble/lib/x86_64-linux-gnu:/opt/ros/humble/lib /usr/bin/cmake --build /home/emmm/Desktop/RM/ROS2/learn/chapter4/action_ws/build/cpp_action -- -j12 -l12
[0.111s] Invoking command in '/home/emmm/Desktop/RM/ROS2/learn/chapter4/action_ws/build/cpp_action': CMAKE_PREFIX_PATH=/home/emmm/Desktop/RM/ROS2/learn/chapter4/action_ws/install/base_interfaces_demo:/home/emmm/Desktop/RM/ROS2/learn/chapter4/action_ws/install/cpp_action:/home/emmm/Desktop/RM/ROS2/learn/chapter4/action_ws/install/example_action_rclcpp:/home/emmm/Desktop/RM/ROS2/learn/chapter4/action_ws/install/robot_control_interfaces:/opt/ros/humble LD_LIBRARY_PATH=/home/emmm/Desktop/RM/ROS2/learn/chapter4/action_ws/install/base_interfaces_demo/lib:/home/emmm/Desktop/RM/ROS2/learn/chapter4/action_ws/install/robot_control_interfaces/lib:/usr/lib/x86_64-linux-gnu/gazebo-11/plugins:/opt/ros/humble/opt/rviz_ogre_vendor/lib:/opt/ros/humble/lib/x86_64-linux-gnu:/opt/ros/humble/lib /usr/bin/cmake --install /home/emmm/Desktop/RM/ROS2/learn/chapter4/action_ws/build/cpp_action
[0.120s] -- Install configuration: ""
[0.120s] -- Up-to-date: /home/emmm/Desktop/RM/ROS2/learn/chapter4/action_ws/install/cpp_action/lib/cpp_action/demo_action_server
[0.120s] -- Up-to-date: /home/emmm/Desktop/RM/ROS2/learn/chapter4/action_ws/install/cpp_action/lib/cpp_action/demo_action_client
[0.120s] -- Up-to-date: /home/emmm/Desktop/RM/ROS2/learn/chapter4/action_ws/install/cpp_action/share/ament_index/resource_index/package_run_dependencies/cpp_action
[0.121s] -- Up-to-date: /home/emmm/Desktop/RM/ROS2/learn/chapter4/action_ws/install/cpp_action/share/ament_index/resource_index/parent_prefix_path/cpp_action
[0.121s] -- Up-to-date: /home/emmm/Desktop/RM/ROS2/learn/chapter4/action_ws/install/cpp_action/share/cpp_action/environment/ament_prefix_path.sh
[0.121s] -- Up-to-date: /home/emmm/Desktop/RM/ROS2/learn/chapter4/action_ws/install/cpp_action/share/cpp_action/environment/ament_prefix_path.dsv
[0.121s] -- Up-to-date: /home/emmm/Desktop/RM/ROS2/learn/chapter4/action_ws/install/cpp_action/share/cpp_action/environment/path.sh
[0.121s] -- Up-to-date: /home/emmm/Desktop/RM/ROS2/learn/chapter4/action_ws/install/cpp_action/share/cpp_action/environment/path.dsv
[0.121s] -- Up-to-date: /home/emmm/Desktop/RM/ROS2/learn/chapter4/action_ws/install/cpp_action/share/cpp_action/local_setup.bash
[0.121s] -- Up-to-date: /home/emmm/Desktop/RM/ROS2/learn/chapter4/action_ws/install/cpp_action/share/cpp_action/local_setup.sh
[0.121s] -- Up-to-date: /home/emmm/Desktop/RM/ROS2/learn/chapter4/action_ws/install/cpp_action/share/cpp_action/local_setup.zsh
[0.121s] -- Up-to-date: /home/emmm/Desktop/RM/ROS2/learn/chapter4/action_ws/install/cpp_action/share/cpp_action/local_setup.dsv
[0.121s] -- Installing: /home/emmm/Desktop/RM/ROS2/learn/chapter4/action_ws/install/cpp_action/share/cpp_action/package.dsv
[0.122s] -- Up-to-date: /home/emmm/Desktop/RM/ROS2/learn/chapter4/action_ws/install/cpp_action/share/ament_index/resource_index/packages/cpp_action
[0.122s] -- Up-to-date: /home/emmm/Desktop/RM/ROS2/learn/chapter4/action_ws/install/cpp_action/share/cpp_action/cmake/cpp_actionConfig.cmake
[0.122s] -- Up-to-date: /home/emmm/Desktop/RM/ROS2/learn/chapter4/action_ws/install/cpp_action/share/cpp_action/cmake/cpp_actionConfig-version.cmake
[0.122s] -- Up-to-date: /home/emmm/Desktop/RM/ROS2/learn/chapter4/action_ws/install/cpp_action/share/cpp_action/package.xml
[0.125s] Invoked command in '/home/emmm/Desktop/RM/ROS2/learn/chapter4/action_ws/build/cpp_action' returned '0': CMAKE_PREFIX_PATH=/home/emmm/Desktop/RM/ROS2/learn/chapter4/action_ws/install/base_interfaces_demo:/home/emmm/Desktop/RM/ROS2/learn/chapter4/action_ws/install/cpp_action:/home/emmm/Desktop/RM/ROS2/learn/chapter4/action_ws/install/example_action_rclcpp:/home/emmm/Desktop/RM/ROS2/learn/chapter4/action_ws/install/robot_control_interfaces:/opt/ros/humble LD_LIBRARY_PATH=/home/emmm/Desktop/RM/ROS2/learn/chapter4/action_ws/install/base_interfaces_demo/lib:/home/emmm/Desktop/RM/ROS2/learn/chapter4/action_ws/install/robot_control_interfaces/lib:/usr/lib/x86_64-linux-gnu/gazebo-11/plugins:/opt/ros/humble/opt/rviz_ogre_vendor/lib:/opt/ros/humble/lib/x86_64-linux-gnu:/opt/ros/humble/lib /usr/bin/cmake --install /home/emmm/Desktop/RM/ROS2/learn/chapter4/action_ws/build/cpp_action
