[0.629s] Invoking command in '/home/emmm/Desktop/RM/ROS2/learn/chapter7/navigation_ws/src/autopartol_robot': PYTHONPATH=/home/emmm/Desktop/RM/ROS2/learn/chapter7/navigation_ws/build/autopartol_robot/prefix_override:/usr/lib/python3/dist-packages/colcon_core/task/python/colcon_distutils_commands:/home/emmm/Desktop/RM/ROS2/learn/chapter7/navigation_ws/install/autopartol_robot/lib/python3.10/site-packages:${PYTHONPATH} /usr/bin/python3 -W ignore:setup.py install is deprecated -W ignore:easy_install command is deprecated setup.py egg_info --egg-base ../../build/autopartol_robot build --build-base /home/emmm/Desktop/RM/ROS2/learn/chapter7/navigation_ws/build/autopartol_robot/build install --record /home/emmm/Desktop/RM/ROS2/learn/chapter7/navigation_ws/build/autopartol_robot/install.log --single-version-externally-managed install_data
[0.798s] running egg_info
[0.798s] writing ../../build/autopartol_robot/autopartol_robot.egg-info/PKG-INFO
[0.798s] writing dependency_links to ../../build/autopartol_robot/autopartol_robot.egg-info/dependency_links.txt
[0.799s] writing entry points to ../../build/autopartol_robot/autopartol_robot.egg-info/entry_points.txt
[0.799s] writing requirements to ../../build/autopartol_robot/autopartol_robot.egg-info/requires.txt
[0.799s] writing top-level names to ../../build/autopartol_robot/autopartol_robot.egg-info/top_level.txt
[0.800s] reading manifest file '../../build/autopartol_robot/autopartol_robot.egg-info/SOURCES.txt'
[0.800s] adding license file 'LICENSE'
[0.800s] writing manifest file '../../build/autopartol_robot/autopartol_robot.egg-info/SOURCES.txt'
[0.800s] running build
[0.800s] running build_py
[0.801s] running install
[0.801s] running install_lib
[0.801s] running install_data
[0.801s] running install_egg_info
[0.803s] removing '/home/emmm/Desktop/RM/ROS2/learn/chapter7/navigation_ws/install/autopartol_robot/lib/python3.10/site-packages/autopartol_robot-0.0.0-py3.10.egg-info' (and everything under it)
[0.803s] Copying ../../build/autopartol_robot/autopartol_robot.egg-info to /home/emmm/Desktop/RM/ROS2/learn/chapter7/navigation_ws/install/autopartol_robot/lib/python3.10/site-packages/autopartol_robot-0.0.0-py3.10.egg-info
[0.803s] running install_scripts
[0.820s] Installing partol_node script to /home/emmm/Desktop/RM/ROS2/learn/chapter7/navigation_ws/install/autopartol_robot/lib/autopartol_robot
[0.820s] writing list of installed files to '/home/emmm/Desktop/RM/ROS2/learn/chapter7/navigation_ws/build/autopartol_robot/install.log'
[0.855s] Invoked command in '/home/emmm/Desktop/RM/ROS2/learn/chapter7/navigation_ws/src/autopartol_robot' returned '0': PYTHONPATH=/home/emmm/Desktop/RM/ROS2/learn/chapter7/navigation_ws/build/autopartol_robot/prefix_override:/usr/lib/python3/dist-packages/colcon_core/task/python/colcon_distutils_commands:/home/emmm/Desktop/RM/ROS2/learn/chapter7/navigation_ws/install/autopartol_robot/lib/python3.10/site-packages:${PYTHONPATH} /usr/bin/python3 -W ignore:setup.py install is deprecated -W ignore:easy_install command is deprecated setup.py egg_info --egg-base ../../build/autopartol_robot build --build-base /home/emmm/Desktop/RM/ROS2/learn/chapter7/navigation_ws/build/autopartol_robot/build install --record /home/emmm/Desktop/RM/ROS2/learn/chapter7/navigation_ws/build/autopartol_robot/install.log --single-version-externally-managed install_data
