[0.489s] Invoking command in '/home/emmm/Desktop/RM/ROS2/learn/chapter7/navigation_ws/build/fishbot_navigation2': CMAKE_PREFIX_PATH=${CMAKE_PREFIX_PATH}:/home/emmm/Desktop/RM/ROS2/learn/chapter7/navigation_ws/install/fishbot_application:/home/emmm/Desktop/RM/ROS2/learn/chapter7/navigation_ws/install/autopartol_robot:/opt/ros/humble /usr/bin/cmake /home/emmm/Desktop/RM/ROS2/learn/chapter7/navigation_ws/src/fishbot_navigation2 -DCMAKE_INSTALL_PREFIX=/home/emmm/Desktop/RM/ROS2/learn/chapter7/navigation_ws/install/fishbot_navigation2
[0.599s] -- The C compiler identification is GNU 11.4.0
[0.702s] -- The CXX compiler identification is GNU 11.4.0
[0.715s] -- Detecting C compiler ABI info
[0.815s] -- Detecting C compiler ABI info - done
[0.826s] -- Check for working C compiler: /usr/bin/cc - skipped
[0.827s] -- Detecting C compile features
[0.827s] -- Detecting C compile features - done
[0.833s] -- Detecting CXX compiler ABI info
[0.937s] -- Detecting CXX compiler ABI info - done
[0.944s] -- Check for working CXX compiler: /usr/bin/c++ - skipped
[0.944s] -- Detecting CXX compile features
[0.945s] -- Detecting CXX compile features - done
[0.950s] -- Found ament_cmake: 1.3.13 (/opt/ros/humble/share/ament_cmake/cmake)
[1.141s] -- Found Python3: /usr/bin/python3 (found version "3.10.12") found components: Interpreter 
[1.273s] -- Found ament_lint_auto: 0.12.15 (/opt/ros/humble/share/ament_lint_auto/cmake)
[1.362s] -- Added test 'flake8' to check Python code syntax and style conventions
[1.362s] -- Added test 'lint_cmake' to check CMake code style
[1.363s] -- Added test 'pep257' to check Python code against some of the docstring style conventions in PEP 257
[1.364s] -- Added test 'xmllint' to check XML markup files
[1.365s] -- Configuring done
[1.367s] -- Generating done
[1.368s] -- Build files have been written to: /home/emmm/Desktop/RM/ROS2/learn/chapter7/navigation_ws/build/fishbot_navigation2
[1.373s] Invoked command in '/home/emmm/Desktop/RM/ROS2/learn/chapter7/navigation_ws/build/fishbot_navigation2' returned '0': CMAKE_PREFIX_PATH=${CMAKE_PREFIX_PATH}:/home/emmm/Desktop/RM/ROS2/learn/chapter7/navigation_ws/install/fishbot_application:/home/emmm/Desktop/RM/ROS2/learn/chapter7/navigation_ws/install/autopartol_robot:/opt/ros/humble /usr/bin/cmake /home/emmm/Desktop/RM/ROS2/learn/chapter7/navigation_ws/src/fishbot_navigation2 -DCMAKE_INSTALL_PREFIX=/home/emmm/Desktop/RM/ROS2/learn/chapter7/navigation_ws/install/fishbot_navigation2
[1.375s] Invoking command in '/home/emmm/Desktop/RM/ROS2/learn/chapter7/navigation_ws/build/fishbot_navigation2': CMAKE_PREFIX_PATH=${CMAKE_PREFIX_PATH}:/home/emmm/Desktop/RM/ROS2/learn/chapter7/navigation_ws/install/fishbot_application:/home/emmm/Desktop/RM/ROS2/learn/chapter7/navigation_ws/install/autopartol_robot:/opt/ros/humble /usr/bin/cmake --build /home/emmm/Desktop/RM/ROS2/learn/chapter7/navigation_ws/build/fishbot_navigation2 -- -j12 -l12
[1.411s] Invoked command in '/home/emmm/Desktop/RM/ROS2/learn/chapter7/navigation_ws/build/fishbot_navigation2' returned '0': CMAKE_PREFIX_PATH=${CMAKE_PREFIX_PATH}:/home/emmm/Desktop/RM/ROS2/learn/chapter7/navigation_ws/install/fishbot_application:/home/emmm/Desktop/RM/ROS2/learn/chapter7/navigation_ws/install/autopartol_robot:/opt/ros/humble /usr/bin/cmake --build /home/emmm/Desktop/RM/ROS2/learn/chapter7/navigation_ws/build/fishbot_navigation2 -- -j12 -l12
[1.419s] Invoking command in '/home/emmm/Desktop/RM/ROS2/learn/chapter7/navigation_ws/build/fishbot_navigation2': CMAKE_PREFIX_PATH=${CMAKE_PREFIX_PATH}:/home/emmm/Desktop/RM/ROS2/learn/chapter7/navigation_ws/install/fishbot_application:/home/emmm/Desktop/RM/ROS2/learn/chapter7/navigation_ws/install/autopartol_robot:/opt/ros/humble /usr/bin/cmake --install /home/emmm/Desktop/RM/ROS2/learn/chapter7/navigation_ws/build/fishbot_navigation2
[1.426s] -- Install configuration: ""
[1.426s] -- Installing: /home/emmm/Desktop/RM/ROS2/learn/chapter7/navigation_ws/install/fishbot_navigation2/share/fishbot_navigation2/launch
[1.426s] -- Installing: /home/emmm/Desktop/RM/ROS2/learn/chapter7/navigation_ws/install/fishbot_navigation2/share/fishbot_navigation2/launch/navigation2.launch.py
[1.426s] -- Installing: /home/emmm/Desktop/RM/ROS2/learn/chapter7/navigation_ws/install/fishbot_navigation2/share/fishbot_navigation2/config
[1.426s] -- Installing: /home/emmm/Desktop/RM/ROS2/learn/chapter7/navigation_ws/install/fishbot_navigation2/share/fishbot_navigation2/config/nav2_params.yaml
[1.426s] -- Installing: /home/emmm/Desktop/RM/ROS2/learn/chapter7/navigation_ws/install/fishbot_navigation2/share/fishbot_navigation2/maps
[1.426s] -- Installing: /home/emmm/Desktop/RM/ROS2/learn/chapter7/navigation_ws/install/fishbot_navigation2/share/fishbot_navigation2/maps/room.yaml
[1.426s] -- Installing: /home/emmm/Desktop/RM/ROS2/learn/chapter7/navigation_ws/install/fishbot_navigation2/share/fishbot_navigation2/maps/room.pgm
[1.427s] -- Installing: /home/emmm/Desktop/RM/ROS2/learn/chapter7/navigation_ws/install/fishbot_navigation2/share/ament_index/resource_index/package_run_dependencies/fishbot_navigation2
[1.428s] -- Installing: /home/emmm/Desktop/RM/ROS2/learn/chapter7/navigation_ws/install/fishbot_navigation2/share/ament_index/resource_index/parent_prefix_path/fishbot_navigation2
[1.428s] -- Installing: /home/emmm/Desktop/RM/ROS2/learn/chapter7/navigation_ws/install/fishbot_navigation2/share/fishbot_navigation2/environment/ament_prefix_path.sh
[1.428s] -- Installing: /home/emmm/Desktop/RM/ROS2/learn/chapter7/navigation_ws/install/fishbot_navigation2/share/fishbot_navigation2/environment/ament_prefix_path.dsv
[1.428s] -- Installing: /home/emmm/Desktop/RM/ROS2/learn/chapter7/navigation_ws/install/fishbot_navigation2/share/fishbot_navigation2/environment/path.sh
[1.428s] -- Installing: /home/emmm/Desktop/RM/ROS2/learn/chapter7/navigation_ws/install/fishbot_navigation2/share/fishbot_navigation2/environment/path.dsv
[1.428s] -- Installing: /home/emmm/Desktop/RM/ROS2/learn/chapter7/navigation_ws/install/fishbot_navigation2/share/fishbot_navigation2/local_setup.bash
[1.429s] -- Installing: /home/emmm/Desktop/RM/ROS2/learn/chapter7/navigation_ws/install/fishbot_navigation2/share/fishbot_navigation2/local_setup.sh
[1.429s] -- Installing: /home/emmm/Desktop/RM/ROS2/learn/chapter7/navigation_ws/install/fishbot_navigation2/share/fishbot_navigation2/local_setup.zsh
[1.429s] -- Installing: /home/emmm/Desktop/RM/ROS2/learn/chapter7/navigation_ws/install/fishbot_navigation2/share/fishbot_navigation2/local_setup.dsv
[1.429s] -- Installing: /home/emmm/Desktop/RM/ROS2/learn/chapter7/navigation_ws/install/fishbot_navigation2/share/fishbot_navigation2/package.dsv
[1.429s] -- Installing: /home/emmm/Desktop/RM/ROS2/learn/chapter7/navigation_ws/install/fishbot_navigation2/share/ament_index/resource_index/packages/fishbot_navigation2
[1.430s] -- Installing: /home/emmm/Desktop/RM/ROS2/learn/chapter7/navigation_ws/install/fishbot_navigation2/share/fishbot_navigation2/cmake/fishbot_navigation2Config.cmake
[1.430s] -- Installing: /home/emmm/Desktop/RM/ROS2/learn/chapter7/navigation_ws/install/fishbot_navigation2/share/fishbot_navigation2/cmake/fishbot_navigation2Config-version.cmake
[1.430s] -- Installing: /home/emmm/Desktop/RM/ROS2/learn/chapter7/navigation_ws/install/fishbot_navigation2/share/fishbot_navigation2/package.xml
[1.435s] Invoked command in '/home/emmm/Desktop/RM/ROS2/learn/chapter7/navigation_ws/build/fishbot_navigation2' returned '0': CMAKE_PREFIX_PATH=${CMAKE_PREFIX_PATH}:/home/emmm/Desktop/RM/ROS2/learn/chapter7/navigation_ws/install/fishbot_application:/home/emmm/Desktop/RM/ROS2/learn/chapter7/navigation_ws/install/autopartol_robot:/opt/ros/humble /usr/bin/cmake --install /home/emmm/Desktop/RM/ROS2/learn/chapter7/navigation_ws/build/fishbot_navigation2
