[35m[1mConsolidate compiler generated dependencies of target demo_action_client[0m
[35m[1mConsolidate compiler generated dependencies of target demo_action_server[0m
[ 25%] [32mBuilding CXX object CMakeFiles/demo_action_client.dir/src/demo_action_client.cpp.o[0m
[ 50%] [32mBuilding CXX object CMakeFiles/demo_action_server.dir/src/demo_action_server.cpp.o[0m
In file included from [01m[K/opt/ros/humble/include/rclcpp/rclcpp/logging.hpp:24[m[K,
                 from [01m[K/opt/ros/humble/include/rclcpp/rclcpp/client.hpp:40[m[K,
                 from [01m[K/opt/ros/humble/include/rclcpp/rclcpp/callback_group.hpp:24[m[K,
                 from [01m[K/opt/ros/humble/include/rclcpp/rclcpp/any_executable.hpp:20[m[K,
                 from [01m[K/opt/ros/humble/include/rclcpp/rclcpp/memory_strategy.hpp:25[m[K,
                 from [01m[K/opt/ros/humble/include/rclcpp/rclcpp/memory_strategies.hpp:18[m[K,
                 from [01m[K/opt/ros/humble/include/rclcpp/rclcpp/executor_options.hpp:20[m[K,
                 from [01m[K/opt/ros/humble/include/rclcpp/rclcpp/executor.hpp:37[m[K,
                 from [01m[K/opt/ros/humble/include/rclcpp/rclcpp/executors/multi_threaded_executor.hpp:25[m[K,
                 from [01m[K/opt/ros/humble/include/rclcpp/rclcpp/executors.hpp:21[m[K,
                 from [01m[K/opt/ros/humble/include/rclcpp/rclcpp/rclcpp.hpp:155[m[K,
                 from [01m[K/home/emmm/Desktop/RM/ROS2/learn/chapter4/action_ws/src/cpp_action/src/demo_action_client.cpp:19[m[K:
[01m[K/home/emmm/Desktop/RM/ROS2/learn/chapter4/action_ws/src/cpp_action/src/demo_action_client.cpp:[m[K In member function ‘[01m[Kvoid ProgressActionClient::result_callback(const rclcpp_action::ClientGoalHandle<base_interfaces_demo::action::Progress>::WrappedResult&)[m[K’:
[01m[K/home/emmm/Desktop/RM/ROS2/learn/chapter4/action_ws/src/cpp_action/src/demo_action_client.cpp:108:41:[m[K [01;35m[Kwarning: [m[Kformat ‘[01m[K%d[m[K’ expects argument of type ‘[01m[Kint[m[K’, but argument 5 has type ‘[01m[Kbase_interfaces_demo::action::Progress_Result_<std::allocator<void> >::_sum_type[m[K’ {aka ‘[01m[Klong int[m[K’} [[01;35m[K]8;;https://gcc.gnu.org/onlinedocs/gcc/Warning-Options.html#index-Wformat=-Wformat=]8;;[m[K]
  108 |         RCLCPP_INFO(this->get_logger(), [01;35m[K"最终结果:%d"[m[K, [32m[Kresult.result->sum[m[K);
      |                                         [01;35m[K^~~~~~~~~~~~~[m[K  [32m[K~~~~~~~~~~~~~~~~~~[m[K
      |                                                                       [32m[K|[m[K
      |                                                                       [32m[Kbase_interfaces_demo::action::Progress_Result_<std::allocator<void> >::_sum_type {aka long int}[m[K
[01m[K/home/emmm/Desktop/RM/ROS2/learn/chapter4/action_ws/src/cpp_action/src/demo_action_client.cpp:108:52:[m[K [01;36m[Knote: [m[Kformat string is defined here
  108 |         RCLCPP_INFO(this->get_logger(), "最终结果:[01;36m[K%d[m[K", result.result->sum);
      |                                                   [01;36m[K~^[m[K
      |                                                    [01;36m[K|[m[K
      |                                                    [01;36m[Kint[m[K
      |                                                   [32m[K%ld[m[K
[ 75%] [32m[1mLinking CXX executable demo_action_server[0m
[100%] [32m[1mLinking CXX executable demo_action_client[0m
[100%] Built target demo_action_server
[100%] Built target demo_action_client
-- Install configuration: ""
-- Installing: /home/emmm/Desktop/RM/ROS2/learn/chapter4/action_ws/install/cpp_action/lib/cpp_action/demo_action_server
-- Set runtime path of "/home/emmm/Desktop/RM/ROS2/learn/chapter4/action_ws/install/cpp_action/lib/cpp_action/demo_action_server" to ""
-- Installing: /home/emmm/Desktop/RM/ROS2/learn/chapter4/action_ws/install/cpp_action/lib/cpp_action/demo_action_client
-- Set runtime path of "/home/emmm/Desktop/RM/ROS2/learn/chapter4/action_ws/install/cpp_action/lib/cpp_action/demo_action_client" to ""
-- Up-to-date: /home/emmm/Desktop/RM/ROS2/learn/chapter4/action_ws/install/cpp_action/share/ament_index/resource_index/package_run_dependencies/cpp_action
-- Up-to-date: /home/emmm/Desktop/RM/ROS2/learn/chapter4/action_ws/install/cpp_action/share/ament_index/resource_index/parent_prefix_path/cpp_action
-- Up-to-date: /home/emmm/Desktop/RM/ROS2/learn/chapter4/action_ws/install/cpp_action/share/cpp_action/environment/ament_prefix_path.sh
-- Up-to-date: /home/emmm/Desktop/RM/ROS2/learn/chapter4/action_ws/install/cpp_action/share/cpp_action/environment/ament_prefix_path.dsv
-- Up-to-date: /home/emmm/Desktop/RM/ROS2/learn/chapter4/action_ws/install/cpp_action/share/cpp_action/environment/path.sh
-- Up-to-date: /home/emmm/Desktop/RM/ROS2/learn/chapter4/action_ws/install/cpp_action/share/cpp_action/environment/path.dsv
-- Up-to-date: /home/emmm/Desktop/RM/ROS2/learn/chapter4/action_ws/install/cpp_action/share/cpp_action/local_setup.bash
-- Up-to-date: /home/emmm/Desktop/RM/ROS2/learn/chapter4/action_ws/install/cpp_action/share/cpp_action/local_setup.sh
-- Up-to-date: /home/emmm/Desktop/RM/ROS2/learn/chapter4/action_ws/install/cpp_action/share/cpp_action/local_setup.zsh
-- Up-to-date: /home/emmm/Desktop/RM/ROS2/learn/chapter4/action_ws/install/cpp_action/share/cpp_action/local_setup.dsv
-- Installing: /home/emmm/Desktop/RM/ROS2/learn/chapter4/action_ws/install/cpp_action/share/cpp_action/package.dsv
-- Up-to-date: /home/emmm/Desktop/RM/ROS2/learn/chapter4/action_ws/install/cpp_action/share/ament_index/resource_index/packages/cpp_action
-- Up-to-date: /home/emmm/Desktop/RM/ROS2/learn/chapter4/action_ws/install/cpp_action/share/cpp_action/cmake/cpp_actionConfig.cmake
-- Up-to-date: /home/emmm/Desktop/RM/ROS2/learn/chapter4/action_ws/install/cpp_action/share/cpp_action/cmake/cpp_actionConfig-version.cmake
-- Up-to-date: /home/emmm/Desktop/RM/ROS2/learn/chapter4/action_ws/install/cpp_action/share/cpp_action/package.xml
