[0.644s] Invoking command in '/home/emmm/Desktop/RM/ROS2/learn/chapter7/navigation_ws/src/fishbot_application': PYTHONPATH=/home/emmm/Desktop/RM/ROS2/learn/chapter7/navigation_ws/build/fishbot_application/prefix_override:/usr/lib/python3/dist-packages/colcon_core/task/python/colcon_distutils_commands:/home/emmm/Desktop/RM/ROS2/learn/chapter7/navigation_ws/install/fishbot_application/lib/python3.10/site-packages:${PYTHONPATH} /usr/bin/python3 -W ignore:setup.py install is deprecated -W ignore:easy_install command is deprecated setup.py egg_info --egg-base ../../build/fishbot_application build --build-base /home/emmm/Desktop/RM/ROS2/learn/chapter7/navigation_ws/build/fishbot_application/build install --record /home/emmm/Desktop/RM/ROS2/learn/chapter7/navigation_ws/build/fishbot_application/install.log --single-version-externally-managed install_data
[0.799s] running egg_info
[0.800s] writing ../../build/fishbot_application/fishbot_application.egg-info/PKG-INFO
[0.800s] writing dependency_links to ../../build/fishbot_application/fishbot_application.egg-info/dependency_links.txt
[0.800s] writing entry points to ../../build/fishbot_application/fishbot_application.egg-info/entry_points.txt
[0.800s] writing requirements to ../../build/fishbot_application/fishbot_application.egg-info/requires.txt
[0.800s] writing top-level names to ../../build/fishbot_application/fishbot_application.egg-info/top_level.txt
[0.801s] reading manifest file '../../build/fishbot_application/fishbot_application.egg-info/SOURCES.txt'
[0.801s] adding license file 'LICENSE'
[0.802s] writing manifest file '../../build/fishbot_application/fishbot_application.egg-info/SOURCES.txt'
[0.802s] running build
[0.802s] running build_py
[0.802s] running install
[0.802s] running install_lib
[0.803s] running install_data
[0.803s] running install_egg_info
[0.805s] removing '/home/emmm/Desktop/RM/ROS2/learn/chapter7/navigation_ws/install/fishbot_application/lib/python3.10/site-packages/fishbot_application-0.0.0-py3.10.egg-info' (and everything under it)
[0.805s] Copying ../../build/fishbot_application/fishbot_application.egg-info to /home/emmm/Desktop/RM/ROS2/learn/chapter7/navigation_ws/install/fishbot_application/lib/python3.10/site-packages/fishbot_application-0.0.0-py3.10.egg-info
[0.805s] running install_scripts
[0.820s] Installing get_robot_pose script to /home/emmm/Desktop/RM/ROS2/learn/chapter7/navigation_ws/install/fishbot_application/lib/fishbot_application
[0.820s] Installing init_robot_pose script to /home/emmm/Desktop/RM/ROS2/learn/chapter7/navigation_ws/install/fishbot_application/lib/fishbot_application
[0.820s] Installing nav_to_pose script to /home/emmm/Desktop/RM/ROS2/learn/chapter7/navigation_ws/install/fishbot_application/lib/fishbot_application
[0.820s] Installing waypoint_follower script to /home/emmm/Desktop/RM/ROS2/learn/chapter7/navigation_ws/install/fishbot_application/lib/fishbot_application
[0.820s] writing list of installed files to '/home/emmm/Desktop/RM/ROS2/learn/chapter7/navigation_ws/build/fishbot_application/install.log'
[0.841s] Invoked command in '/home/emmm/Desktop/RM/ROS2/learn/chapter7/navigation_ws/src/fishbot_application' returned '0': PYTHONPATH=/home/emmm/Desktop/RM/ROS2/learn/chapter7/navigation_ws/build/fishbot_application/prefix_override:/usr/lib/python3/dist-packages/colcon_core/task/python/colcon_distutils_commands:/home/emmm/Desktop/RM/ROS2/learn/chapter7/navigation_ws/install/fishbot_application/lib/python3.10/site-packages:${PYTHONPATH} /usr/bin/python3 -W ignore:setup.py install is deprecated -W ignore:easy_install command is deprecated setup.py egg_info --egg-base ../../build/fishbot_application build --build-base /home/emmm/Desktop/RM/ROS2/learn/chapter7/navigation_ws/build/fishbot_application/build install --record /home/emmm/Desktop/RM/ROS2/learn/chapter7/navigation_ws/build/fishbot_application/install.log --single-version-externally-managed install_data
