[35m[1mConsolidate compiler generated dependencies of target demo_param_client[0m
[35m[1mConsolidate compiler generated dependencies of target demo_param_server[0m
[ 16%] [32mBuilding CXX object CMakeFiles/demo_param.dir/src/demo_param.cpp.o[0m
[ 33%] [32mBuilding CXX object CMakeFiles/demo_param_server.dir/src/demo_param_server.cpp.o[0m
[ 66%] Built target demo_param_client
[ 83%] [32m[1mLinking CXX executable demo_param_server[0m
[100%] [32m[1mLinking CXX executable demo_param[0m
[100%] Built target demo_param_server
[100%] Built target demo_param
-- Install configuration: ""
-- Installing: /home/emmm/Desktop/RM/ROS2/learn/chapter4/param_ws/install/cpp_param/lib/cpp_param/demo_param
-- Set runtime path of "/home/emmm/Desktop/RM/ROS2/learn/chapter4/param_ws/install/cpp_param/lib/cpp_param/demo_param" to ""
-- Installing: /home/emmm/Desktop/RM/ROS2/learn/chapter4/param_ws/install/cpp_param/lib/cpp_param/demo_param_server
-- Set runtime path of "/home/emmm/Desktop/RM/ROS2/learn/chapter4/param_ws/install/cpp_param/lib/cpp_param/demo_param_server" to ""
-- Up-to-date: /home/emmm/Desktop/RM/ROS2/learn/chapter4/param_ws/install/cpp_param/lib/cpp_param/demo_param_client
-- Up-to-date: /home/emmm/Desktop/RM/ROS2/learn/chapter4/param_ws/install/cpp_param/share/ament_index/resource_index/package_run_dependencies/cpp_param
-- Up-to-date: /home/emmm/Desktop/RM/ROS2/learn/chapter4/param_ws/install/cpp_param/share/ament_index/resource_index/parent_prefix_path/cpp_param
-- Up-to-date: /home/emmm/Desktop/RM/ROS2/learn/chapter4/param_ws/install/cpp_param/share/cpp_param/environment/ament_prefix_path.sh
-- Up-to-date: /home/emmm/Desktop/RM/ROS2/learn/chapter4/param_ws/install/cpp_param/share/cpp_param/environment/ament_prefix_path.dsv
-- Up-to-date: /home/emmm/Desktop/RM/ROS2/learn/chapter4/param_ws/install/cpp_param/share/cpp_param/environment/path.sh
-- Up-to-date: /home/emmm/Desktop/RM/ROS2/learn/chapter4/param_ws/install/cpp_param/share/cpp_param/environment/path.dsv
-- Up-to-date: /home/emmm/Desktop/RM/ROS2/learn/chapter4/param_ws/install/cpp_param/share/cpp_param/local_setup.bash
-- Up-to-date: /home/emmm/Desktop/RM/ROS2/learn/chapter4/param_ws/install/cpp_param/share/cpp_param/local_setup.sh
-- Up-to-date: /home/emmm/Desktop/RM/ROS2/learn/chapter4/param_ws/install/cpp_param/share/cpp_param/local_setup.zsh
-- Up-to-date: /home/emmm/Desktop/RM/ROS2/learn/chapter4/param_ws/install/cpp_param/share/cpp_param/local_setup.dsv
-- Installing: /home/emmm/Desktop/RM/ROS2/learn/chapter4/param_ws/install/cpp_param/share/cpp_param/package.dsv
-- Up-to-date: /home/emmm/Desktop/RM/ROS2/learn/chapter4/param_ws/install/cpp_param/share/ament_index/resource_index/packages/cpp_param
-- Up-to-date: /home/emmm/Desktop/RM/ROS2/learn/chapter4/param_ws/install/cpp_param/share/cpp_param/cmake/cpp_paramConfig.cmake
-- Up-to-date: /home/emmm/Desktop/RM/ROS2/learn/chapter4/param_ws/install/cpp_param/share/cpp_param/cmake/cpp_paramConfig-version.cmake
-- Up-to-date: /home/emmm/Desktop/RM/ROS2/learn/chapter4/param_ws/install/cpp_param/share/cpp_param/package.xml
