[0.355s] Invoking command in '/home/emmm/Desktop/RM/ROS2/learn/chapter7/navigation_ws/build/fishbot_navigation2': CMAKE_PREFIX_PATH=${CMAKE_PREFIX_PATH}:/home/emmm/Desktop/RM/ROS2/learn/chapter7/navigation_ws/install/fishbot_application:/home/emmm/Desktop/RM/ROS2/learn/chapter7/navigation_ws/install/autopartol_robot:/opt/ros/humble /usr/bin/cmake --build /home/emmm/Desktop/RM/ROS2/learn/chapter7/navigation_ws/build/fishbot_navigation2 -- -j12 -l12
[0.406s] Invoked command in '/home/emmm/Desktop/RM/ROS2/learn/chapter7/navigation_ws/build/fishbot_navigation2' returned '0': CMAKE_PREFIX_PATH=${CMAKE_PREFIX_PATH}:/home/emmm/Desktop/RM/ROS2/learn/chapter7/navigation_ws/install/fishbot_application:/home/emmm/Desktop/RM/ROS2/learn/chapter7/navigation_ws/install/autopartol_robot:/opt/ros/humble /usr/bin/cmake --build /home/emmm/Desktop/RM/ROS2/learn/chapter7/navigation_ws/build/fishbot_navigation2 -- -j12 -l12
[0.409s] Invoking command in '/home/emmm/Desktop/RM/ROS2/learn/chapter7/navigation_ws/build/fishbot_navigation2': CMAKE_PREFIX_PATH=${CMAKE_PREFIX_PATH}:/home/emmm/Desktop/RM/ROS2/learn/chapter7/navigation_ws/install/fishbot_application:/home/emmm/Desktop/RM/ROS2/learn/chapter7/navigation_ws/install/autopartol_robot:/opt/ros/humble /usr/bin/cmake --install /home/emmm/Desktop/RM/ROS2/learn/chapter7/navigation_ws/build/fishbot_navigation2
[0.419s] -- Install configuration: ""
[0.419s] -- Up-to-date: /home/emmm/Desktop/RM/ROS2/learn/chapter7/navigation_ws/install/fishbot_navigation2/share/fishbot_navigation2/launch
[0.419s] -- Up-to-date: /home/emmm/Desktop/RM/ROS2/learn/chapter7/navigation_ws/install/fishbot_navigation2/share/fishbot_navigation2/launch/navigation2.launch.py
[0.419s] -- Up-to-date: /home/emmm/Desktop/RM/ROS2/learn/chapter7/navigation_ws/install/fishbot_navigation2/share/fishbot_navigation2/config
[0.420s] -- Up-to-date: /home/emmm/Desktop/RM/ROS2/learn/chapter7/navigation_ws/install/fishbot_navigation2/share/fishbot_navigation2/config/nav2_params.yaml
[0.420s] -- Up-to-date: /home/emmm/Desktop/RM/ROS2/learn/chapter7/navigation_ws/install/fishbot_navigation2/share/fishbot_navigation2/maps
[0.420s] -- Up-to-date: /home/emmm/Desktop/RM/ROS2/learn/chapter7/navigation_ws/install/fishbot_navigation2/share/fishbot_navigation2/maps/room.yaml
[0.420s] -- Up-to-date: /home/emmm/Desktop/RM/ROS2/learn/chapter7/navigation_ws/install/fishbot_navigation2/share/fishbot_navigation2/maps/room.pgm
[0.420s] -- Up-to-date: /home/emmm/Desktop/RM/ROS2/learn/chapter7/navigation_ws/install/fishbot_navigation2/share/ament_index/resource_index/package_run_dependencies/fishbot_navigation2
[0.420s] -- Up-to-date: /home/emmm/Desktop/RM/ROS2/learn/chapter7/navigation_ws/install/fishbot_navigation2/share/ament_index/resource_index/parent_prefix_path/fishbot_navigation2
[0.420s] -- Up-to-date: /home/emmm/Desktop/RM/ROS2/learn/chapter7/navigation_ws/install/fishbot_navigation2/share/fishbot_navigation2/environment/ament_prefix_path.sh
[0.421s] -- Up-to-date: /home/emmm/Desktop/RM/ROS2/learn/chapter7/navigation_ws/install/fishbot_navigation2/share/fishbot_navigation2/environment/ament_prefix_path.dsv
[0.421s] -- Up-to-date: /home/emmm/Desktop/RM/ROS2/learn/chapter7/navigation_ws/install/fishbot_navigation2/share/fishbot_navigation2/environment/path.sh
[0.421s] -- Up-to-date: /home/emmm/Desktop/RM/ROS2/learn/chapter7/navigation_ws/install/fishbot_navigation2/share/fishbot_navigation2/environment/path.dsv
[0.421s] -- Up-to-date: /home/emmm/Desktop/RM/ROS2/learn/chapter7/navigation_ws/install/fishbot_navigation2/share/fishbot_navigation2/local_setup.bash
[0.421s] -- Up-to-date: /home/emmm/Desktop/RM/ROS2/learn/chapter7/navigation_ws/install/fishbot_navigation2/share/fishbot_navigation2/local_setup.sh
[0.421s] -- Up-to-date: /home/emmm/Desktop/RM/ROS2/learn/chapter7/navigation_ws/install/fishbot_navigation2/share/fishbot_navigation2/local_setup.zsh
[0.421s] -- Up-to-date: /home/emmm/Desktop/RM/ROS2/learn/chapter7/navigation_ws/install/fishbot_navigation2/share/fishbot_navigation2/local_setup.dsv
[0.421s] -- Up-to-date: /home/emmm/Desktop/RM/ROS2/learn/chapter7/navigation_ws/install/fishbot_navigation2/share/fishbot_navigation2/package.dsv
[0.421s] -- Up-to-date: /home/emmm/Desktop/RM/ROS2/learn/chapter7/navigation_ws/install/fishbot_navigation2/share/ament_index/resource_index/packages/fishbot_navigation2
[0.422s] -- Up-to-date: /home/emmm/Desktop/RM/ROS2/learn/chapter7/navigation_ws/install/fishbot_navigation2/share/fishbot_navigation2/cmake/fishbot_navigation2Config.cmake
[0.422s] -- Up-to-date: /home/emmm/Desktop/RM/ROS2/learn/chapter7/navigation_ws/install/fishbot_navigation2/share/fishbot_navigation2/cmake/fishbot_navigation2Config-version.cmake
[0.422s] -- Up-to-date: /home/emmm/Desktop/RM/ROS2/learn/chapter7/navigation_ws/install/fishbot_navigation2/share/fishbot_navigation2/package.xml
[0.433s] Invoked command in '/home/emmm/Desktop/RM/ROS2/learn/chapter7/navigation_ws/build/fishbot_navigation2' returned '0': CMAKE_PREFIX_PATH=${CMAKE_PREFIX_PATH}:/home/emmm/Desktop/RM/ROS2/learn/chapter7/navigation_ws/install/fishbot_application:/home/emmm/Desktop/RM/ROS2/learn/chapter7/navigation_ws/install/autopartol_robot:/opt/ros/humble /usr/bin/cmake --install /home/emmm/Desktop/RM/ROS2/learn/chapter7/navigation_ws/build/fishbot_navigation2
