[0.010s] Invoking command in '/home/emmm/Desktop/RM/ROS2/learn/chapter4/param_ws/build/cpp_param': CMAKE_PREFIX_PATH=${CMAKE_PREFIX_PATH}:/opt/ros/humble /usr/bin/cmake --build /home/emmm/Desktop/RM/ROS2/learn/chapter4/param_ws/build/cpp_param -- -j12 -l12
[0.052s] [35m[1mConsolidate compiler generated dependencies of target demo_param[0m
[0.071s] [ 50%] [32mBuilding CXX object CMakeFiles/demo_param.dir/src/demo_param.cpp.o[0m
[1.849s] [100%] [32m[1mLinking CXX executable demo_param[0m
[1.938s] [100%] Built target demo_param
[1.950s] Invoked command in '/home/emmm/Desktop/RM/ROS2/learn/chapter4/param_ws/build/cpp_param' returned '0': CMAKE_PREFIX_PATH=${CMAKE_PREFIX_PATH}:/opt/ros/humble /usr/bin/cmake --build /home/emmm/Desktop/RM/ROS2/learn/chapter4/param_ws/build/cpp_param -- -j12 -l12
[1.963s] Invoking command in '/home/emmm/Desktop/RM/ROS2/learn/chapter4/param_ws/build/cpp_param': CMAKE_PREFIX_PATH=${CMAKE_PREFIX_PATH}:/opt/ros/humble /usr/bin/cmake --install /home/emmm/Desktop/RM/ROS2/learn/chapter4/param_ws/build/cpp_param
[1.974s] -- Install configuration: ""
[1.975s] -- Installing: /home/emmm/Desktop/RM/ROS2/learn/chapter4/param_ws/install/cpp_param/lib/cpp_param/demo_param
[1.975s] -- Set runtime path of "/home/emmm/Desktop/RM/ROS2/learn/chapter4/param_ws/install/cpp_param/lib/cpp_param/demo_param" to ""
[1.975s] -- Up-to-date: /home/emmm/Desktop/RM/ROS2/learn/chapter4/param_ws/install/cpp_param/share/ament_index/resource_index/package_run_dependencies/cpp_param
[1.976s] -- Up-to-date: /home/emmm/Desktop/RM/ROS2/learn/chapter4/param_ws/install/cpp_param/share/ament_index/resource_index/parent_prefix_path/cpp_param
[1.976s] -- Up-to-date: /home/emmm/Desktop/RM/ROS2/learn/chapter4/param_ws/install/cpp_param/share/cpp_param/environment/ament_prefix_path.sh
[1.976s] -- Up-to-date: /home/emmm/Desktop/RM/ROS2/learn/chapter4/param_ws/install/cpp_param/share/cpp_param/environment/ament_prefix_path.dsv
[1.976s] -- Up-to-date: /home/emmm/Desktop/RM/ROS2/learn/chapter4/param_ws/install/cpp_param/share/cpp_param/environment/path.sh
[1.976s] -- Up-to-date: /home/emmm/Desktop/RM/ROS2/learn/chapter4/param_ws/install/cpp_param/share/cpp_param/environment/path.dsv
[1.976s] -- Up-to-date: /home/emmm/Desktop/RM/ROS2/learn/chapter4/param_ws/install/cpp_param/share/cpp_param/local_setup.bash
[1.976s] -- Up-to-date: /home/emmm/Desktop/RM/ROS2/learn/chapter4/param_ws/install/cpp_param/share/cpp_param/local_setup.sh
[1.976s] -- Up-to-date: /home/emmm/Desktop/RM/ROS2/learn/chapter4/param_ws/install/cpp_param/share/cpp_param/local_setup.zsh
[1.976s] -- Up-to-date: /home/emmm/Desktop/RM/ROS2/learn/chapter4/param_ws/install/cpp_param/share/cpp_param/local_setup.dsv
[1.977s] -- Installing: /home/emmm/Desktop/RM/ROS2/learn/chapter4/param_ws/install/cpp_param/share/cpp_param/package.dsv
[1.977s] -- Up-to-date: /home/emmm/Desktop/RM/ROS2/learn/chapter4/param_ws/install/cpp_param/share/ament_index/resource_index/packages/cpp_param
[1.977s] -- Up-to-date: /home/emmm/Desktop/RM/ROS2/learn/chapter4/param_ws/install/cpp_param/share/cpp_param/cmake/cpp_paramConfig.cmake
[1.977s] -- Up-to-date: /home/emmm/Desktop/RM/ROS2/learn/chapter4/param_ws/install/cpp_param/share/cpp_param/cmake/cpp_paramConfig-version.cmake
[1.977s] -- Up-to-date: /home/emmm/Desktop/RM/ROS2/learn/chapter4/param_ws/install/cpp_param/share/cpp_param/package.xml
[1.979s] Invoked command in '/home/emmm/Desktop/RM/ROS2/learn/chapter4/param_ws/build/cpp_param' returned '0': CMAKE_PREFIX_PATH=${CMAKE_PREFIX_PATH}:/opt/ros/humble /usr/bin/cmake --install /home/emmm/Desktop/RM/ROS2/learn/chapter4/param_ws/build/cpp_param
