[0.071s] DEBUG:colcon:Command line arguments: ['/usr/bin/colcon', 'build', '--packages-select', 'cpp_action']
[0.072s] DEBUG:colcon:Parsed command line arguments: Namespace(log_base=None, log_level=None, verb_name='build', build_base='build', install_base='install', merge_install=False, symlink_install=False, test_result_base=None, continue_on_error=False, executor='parallel', parallel_workers=12, event_handlers=None, ignore_user_meta=False, metas=['./colcon.meta'], base_paths=['.'], packages_ignore=None, packages_ignore_regex=None, paths=None, packages_up_to=None, packages_up_to_regex=None, packages_above=None, packages_above_and_dependencies=None, packages_above_depth=None, packages_select_by_dep=None, packages_skip_by_dep=None, packages_skip_up_to=None, packages_select_build_failed=False, packages_skip_build_finished=False, packages_select_test_failures=False, packages_skip_test_passed=False, packages_select=['cpp_action'], packages_skip=None, packages_select_regex=None, packages_skip_regex=None, packages_start=None, packages_end=None, allow_overriding=[], cmake_args=None, cmake_target=None, cmake_target_skip_unavailable=False, cmake_clean_cache=False, cmake_clean_first=False, cmake_force_configure=False, ament_cmake_args=None, catkin_cmake_args=None, catkin_skip_building_tests=False, verb_parser=<colcon_defaults.argument_parser.defaults.DefaultArgumentsDecorator object at 0x77af8603aec0>, verb_extension=<colcon_core.verb.build.BuildVerb object at 0x77af85ff44c0>, main=<bound method BuildVerb.main of <colcon_core.verb.build.BuildVerb object at 0x77af85ff44c0>>)
[0.181s] Level 1:colcon.colcon_core.package_discovery:discover_packages(colcon_meta) check parameters
[0.181s] Level 1:colcon.colcon_core.package_discovery:discover_packages(recursive) check parameters
[0.181s] Level 1:colcon.colcon_core.package_discovery:discover_packages(ignore) check parameters
[0.181s] Level 1:colcon.colcon_core.package_discovery:discover_packages(path) check parameters
[0.181s] Level 1:colcon.colcon_core.package_discovery:discover_packages(colcon_meta) discover
[0.181s] Level 1:colcon.colcon_core.package_discovery:discover_packages(recursive) discover
[0.181s] INFO:colcon.colcon_core.package_discovery:Crawling recursively for packages in '/home/emmm/Desktop/RM/ROS2/learn/chapter4/action_ws'
[0.181s] Level 1:colcon.colcon_core.package_identification:_identify(.) by extensions ['ignore', 'ignore_ament_install']
[0.181s] Level 1:colcon.colcon_core.package_identification:_identify(.) by extension 'ignore'
[0.181s] Level 1:colcon.colcon_core.package_identification:_identify(.) by extension 'ignore_ament_install'
[0.181s] Level 1:colcon.colcon_core.package_identification:_identify(.) by extensions ['colcon_pkg']
[0.181s] Level 1:colcon.colcon_core.package_identification:_identify(.) by extension 'colcon_pkg'
[0.181s] Level 1:colcon.colcon_core.package_identification:_identify(.) by extensions ['colcon_meta']
[0.181s] Level 1:colcon.colcon_core.package_identification:_identify(.) by extension 'colcon_meta'
[0.182s] Level 1:colcon.colcon_core.package_identification:_identify(.) by extensions ['ros']
[0.182s] Level 1:colcon.colcon_core.package_identification:_identify(.) by extension 'ros'
[0.189s] Level 1:colcon.colcon_core.package_identification:_identify(.) by extensions ['cmake', 'python']
[0.189s] Level 1:colcon.colcon_core.package_identification:_identify(.) by extension 'cmake'
[0.189s] Level 1:colcon.colcon_core.package_identification:_identify(.) by extension 'python'
[0.189s] Level 1:colcon.colcon_core.package_identification:_identify(.) by extensions ['python_setup_py']
[0.189s] Level 1:colcon.colcon_core.package_identification:_identify(.) by extension 'python_setup_py'
[0.189s] Level 1:colcon.colcon_core.package_identification:_identify(build) by extensions ['ignore', 'ignore_ament_install']
[0.189s] Level 1:colcon.colcon_core.package_identification:_identify(build) by extension 'ignore'
[0.189s] Level 1:colcon.colcon_core.package_identification:_identify(build) ignored
[0.189s] Level 1:colcon.colcon_core.package_identification:_identify(install) by extensions ['ignore', 'ignore_ament_install']
[0.189s] Level 1:colcon.colcon_core.package_identification:_identify(install) by extension 'ignore'
[0.189s] Level 1:colcon.colcon_core.package_identification:_identify(install) ignored
[0.189s] Level 1:colcon.colcon_core.package_identification:_identify(log) by extensions ['ignore', 'ignore_ament_install']
[0.189s] Level 1:colcon.colcon_core.package_identification:_identify(log) by extension 'ignore'
[0.189s] Level 1:colcon.colcon_core.package_identification:_identify(log) ignored
[0.189s] Level 1:colcon.colcon_core.package_identification:_identify(src) by extensions ['ignore', 'ignore_ament_install']
[0.190s] Level 1:colcon.colcon_core.package_identification:_identify(src) by extension 'ignore'
[0.190s] Level 1:colcon.colcon_core.package_identification:_identify(src) by extension 'ignore_ament_install'
[0.190s] Level 1:colcon.colcon_core.package_identification:_identify(src) by extensions ['colcon_pkg']
[0.190s] Level 1:colcon.colcon_core.package_identification:_identify(src) by extension 'colcon_pkg'
[0.190s] Level 1:colcon.colcon_core.package_identification:_identify(src) by extensions ['colcon_meta']
[0.190s] Level 1:colcon.colcon_core.package_identification:_identify(src) by extension 'colcon_meta'
[0.190s] Level 1:colcon.colcon_core.package_identification:_identify(src) by extensions ['ros']
[0.190s] Level 1:colcon.colcon_core.package_identification:_identify(src) by extension 'ros'
[0.190s] Level 1:colcon.colcon_core.package_identification:_identify(src) by extensions ['cmake', 'python']
[0.190s] Level 1:colcon.colcon_core.package_identification:_identify(src) by extension 'cmake'
[0.190s] Level 1:colcon.colcon_core.package_identification:_identify(src) by extension 'python'
[0.190s] Level 1:colcon.colcon_core.package_identification:_identify(src) by extensions ['python_setup_py']
[0.190s] Level 1:colcon.colcon_core.package_identification:_identify(src) by extension 'python_setup_py'
[0.190s] Level 1:colcon.colcon_core.package_identification:_identify(src/base_interfaces_demo) by extensions ['ignore', 'ignore_ament_install']
[0.190s] Level 1:colcon.colcon_core.package_identification:_identify(src/base_interfaces_demo) by extension 'ignore'
[0.190s] Level 1:colcon.colcon_core.package_identification:_identify(src/base_interfaces_demo) by extension 'ignore_ament_install'
[0.190s] Level 1:colcon.colcon_core.package_identification:_identify(src/base_interfaces_demo) by extensions ['colcon_pkg']
[0.190s] Level 1:colcon.colcon_core.package_identification:_identify(src/base_interfaces_demo) by extension 'colcon_pkg'
[0.190s] Level 1:colcon.colcon_core.package_identification:_identify(src/base_interfaces_demo) by extensions ['colcon_meta']
[0.190s] Level 1:colcon.colcon_core.package_identification:_identify(src/base_interfaces_demo) by extension 'colcon_meta'
[0.190s] Level 1:colcon.colcon_core.package_identification:_identify(src/base_interfaces_demo) by extensions ['ros']
[0.190s] Level 1:colcon.colcon_core.package_identification:_identify(src/base_interfaces_demo) by extension 'ros'
[0.192s] DEBUG:colcon.colcon_core.package_identification:Package 'src/base_interfaces_demo' with type 'ros.ament_cmake' and name 'base_interfaces_demo'
[0.192s] Level 1:colcon.colcon_core.package_identification:_identify(src/cpp_action) by extensions ['ignore', 'ignore_ament_install']
[0.192s] Level 1:colcon.colcon_core.package_identification:_identify(src/cpp_action) by extension 'ignore'
[0.192s] Level 1:colcon.colcon_core.package_identification:_identify(src/cpp_action) by extension 'ignore_ament_install'
[0.192s] Level 1:colcon.colcon_core.package_identification:_identify(src/cpp_action) by extensions ['colcon_pkg']
[0.192s] Level 1:colcon.colcon_core.package_identification:_identify(src/cpp_action) by extension 'colcon_pkg'
[0.192s] Level 1:colcon.colcon_core.package_identification:_identify(src/cpp_action) by extensions ['colcon_meta']
[0.192s] Level 1:colcon.colcon_core.package_identification:_identify(src/cpp_action) by extension 'colcon_meta'
[0.192s] Level 1:colcon.colcon_core.package_identification:_identify(src/cpp_action) by extensions ['ros']
[0.192s] Level 1:colcon.colcon_core.package_identification:_identify(src/cpp_action) by extension 'ros'
[0.193s] DEBUG:colcon.colcon_core.package_identification:Package 'src/cpp_action' with type 'ros.ament_cmake' and name 'cpp_action'
[0.193s] Level 1:colcon.colcon_core.package_identification:_identify(src/example_action_rclcpp) by extensions ['ignore', 'ignore_ament_install']
[0.193s] Level 1:colcon.colcon_core.package_identification:_identify(src/example_action_rclcpp) by extension 'ignore'
[0.193s] Level 1:colcon.colcon_core.package_identification:_identify(src/example_action_rclcpp) by extension 'ignore_ament_install'
[0.193s] Level 1:colcon.colcon_core.package_identification:_identify(src/example_action_rclcpp) by extensions ['colcon_pkg']
[0.193s] Level 1:colcon.colcon_core.package_identification:_identify(src/example_action_rclcpp) by extension 'colcon_pkg'
[0.193s] Level 1:colcon.colcon_core.package_identification:_identify(src/example_action_rclcpp) by extensions ['colcon_meta']
[0.193s] Level 1:colcon.colcon_core.package_identification:_identify(src/example_action_rclcpp) by extension 'colcon_meta'
[0.193s] Level 1:colcon.colcon_core.package_identification:_identify(src/example_action_rclcpp) by extensions ['ros']
[0.193s] Level 1:colcon.colcon_core.package_identification:_identify(src/example_action_rclcpp) by extension 'ros'
[0.193s] DEBUG:colcon.colcon_core.package_identification:Package 'src/example_action_rclcpp' with type 'ros.ament_cmake' and name 'example_action_rclcpp'
[0.193s] Level 1:colcon.colcon_core.package_identification:_identify(src/robot_control_interfaces) by extensions ['ignore', 'ignore_ament_install']
[0.193s] Level 1:colcon.colcon_core.package_identification:_identify(src/robot_control_interfaces) by extension 'ignore'
[0.194s] Level 1:colcon.colcon_core.package_identification:_identify(src/robot_control_interfaces) by extension 'ignore_ament_install'
[0.194s] Level 1:colcon.colcon_core.package_identification:_identify(src/robot_control_interfaces) by extensions ['colcon_pkg']
[0.194s] Level 1:colcon.colcon_core.package_identification:_identify(src/robot_control_interfaces) by extension 'colcon_pkg'
[0.194s] Level 1:colcon.colcon_core.package_identification:_identify(src/robot_control_interfaces) by extensions ['colcon_meta']
[0.194s] Level 1:colcon.colcon_core.package_identification:_identify(src/robot_control_interfaces) by extension 'colcon_meta'
[0.194s] Level 1:colcon.colcon_core.package_identification:_identify(src/robot_control_interfaces) by extensions ['ros']
[0.194s] Level 1:colcon.colcon_core.package_identification:_identify(src/robot_control_interfaces) by extension 'ros'
[0.194s] DEBUG:colcon.colcon_core.package_identification:Package 'src/robot_control_interfaces' with type 'ros.ament_cmake' and name 'robot_control_interfaces'
[0.194s] Level 1:colcon.colcon_core.package_discovery:discover_packages(recursive) using defaults
[0.194s] Level 1:colcon.colcon_core.package_discovery:discover_packages(ignore) discover
[0.194s] Level 1:colcon.colcon_core.package_discovery:discover_packages(ignore) using defaults
[0.194s] Level 1:colcon.colcon_core.package_discovery:discover_packages(path) discover
[0.194s] Level 1:colcon.colcon_core.package_discovery:discover_packages(path) using defaults
[0.215s] INFO:colcon.colcon_core.package_selection:Skipping not selected package 'base_interfaces_demo' in 'src/base_interfaces_demo'
[0.215s] INFO:colcon.colcon_core.package_selection:Skipping not selected package 'robot_control_interfaces' in 'src/robot_control_interfaces'
[0.215s] INFO:colcon.colcon_core.package_selection:Skipping not selected package 'example_action_rclcpp' in 'src/example_action_rclcpp'
[0.215s] Level 1:colcon.colcon_core.package_discovery:discover_packages(prefix_path) check parameters
[0.215s] Level 1:colcon.colcon_core.package_discovery:discover_packages(prefix_path) discover
[0.216s] DEBUG:colcon.colcon_installed_package_information.package_discovery:Found 4 installed packages in /home/emmm/Desktop/RM/ROS2/learn/chapter4/action_ws/install
[0.217s] DEBUG:colcon.colcon_installed_package_information.package_discovery:Found 359 installed packages in /opt/ros/humble
[0.218s] Level 1:colcon.colcon_core.package_discovery:discover_packages(prefix_path) using defaults
[0.245s] Level 5:colcon.colcon_core.verb:set package 'cpp_action' build argument 'cmake_args' from command line to 'None'
[0.245s] Level 5:colcon.colcon_core.verb:set package 'cpp_action' build argument 'cmake_target' from command line to 'None'
[0.245s] Level 5:colcon.colcon_core.verb:set package 'cpp_action' build argument 'cmake_target_skip_unavailable' from command line to 'False'
[0.245s] Level 5:colcon.colcon_core.verb:set package 'cpp_action' build argument 'cmake_clean_cache' from command line to 'False'
[0.245s] Level 5:colcon.colcon_core.verb:set package 'cpp_action' build argument 'cmake_clean_first' from command line to 'False'
[0.245s] Level 5:colcon.colcon_core.verb:set package 'cpp_action' build argument 'cmake_force_configure' from command line to 'False'
[0.245s] Level 5:colcon.colcon_core.verb:set package 'cpp_action' build argument 'ament_cmake_args' from command line to 'None'
[0.245s] Level 5:colcon.colcon_core.verb:set package 'cpp_action' build argument 'catkin_cmake_args' from command line to 'None'
[0.246s] Level 5:colcon.colcon_core.verb:set package 'cpp_action' build argument 'catkin_skip_building_tests' from command line to 'False'
[0.246s] DEBUG:colcon.colcon_core.verb:Building package 'cpp_action' with the following arguments: {'ament_cmake_args': None, 'build_base': '/home/emmm/Desktop/RM/ROS2/learn/chapter4/action_ws/build/cpp_action', 'catkin_cmake_args': None, 'catkin_skip_building_tests': False, 'cmake_args': None, 'cmake_clean_cache': False, 'cmake_clean_first': False, 'cmake_force_configure': False, 'cmake_target': None, 'cmake_target_skip_unavailable': False, 'install_base': '/home/emmm/Desktop/RM/ROS2/learn/chapter4/action_ws/install/cpp_action', 'merge_install': False, 'path': '/home/emmm/Desktop/RM/ROS2/learn/chapter4/action_ws/src/cpp_action', 'symlink_install': False, 'test_result_base': None}
[0.246s] INFO:colcon.colcon_core.executor:Executing jobs using 'parallel' executor
[0.246s] DEBUG:colcon.colcon_parallel_executor.executor.parallel:run_until_complete
[0.247s] INFO:colcon.colcon_ros.task.ament_cmake.build:Building ROS package in '/home/emmm/Desktop/RM/ROS2/learn/chapter4/action_ws/src/cpp_action' with build type 'ament_cmake'
[0.247s] INFO:colcon.colcon_cmake.task.cmake.build:Building CMake package in '/home/emmm/Desktop/RM/ROS2/learn/chapter4/action_ws/src/cpp_action'
[0.249s] INFO:colcon.colcon_core.plugin_system:Skipping extension 'colcon_core.shell.bat': Not used on non-Windows systems
[0.249s] INFO:colcon.colcon_core.shell:Skip shell extension 'powershell' for command environment: Not usable outside of PowerShell
[0.249s] DEBUG:colcon.colcon_core.shell:Skip shell extension 'dsv' for command environment
[0.262s] DEBUG:colcon.colcon_core.event_handler.log_command:Invoking command in '/home/emmm/Desktop/RM/ROS2/learn/chapter4/action_ws/build/cpp_action': CMAKE_PREFIX_PATH=/home/emmm/Desktop/RM/ROS2/learn/chapter4/action_ws/install/base_interfaces_demo:/home/emmm/Desktop/RM/ROS2/learn/chapter4/action_ws/install/cpp_action:/home/emmm/Desktop/RM/ROS2/learn/chapter4/action_ws/install/example_action_rclcpp:/home/emmm/Desktop/RM/ROS2/learn/chapter4/action_ws/install/robot_control_interfaces:/opt/ros/humble LD_LIBRARY_PATH=/home/emmm/Desktop/RM/ROS2/learn/chapter4/action_ws/install/base_interfaces_demo/lib:/home/emmm/Desktop/RM/ROS2/learn/chapter4/action_ws/install/robot_control_interfaces/lib:/usr/lib/x86_64-linux-gnu/gazebo-11/plugins:/opt/ros/humble/opt/rviz_ogre_vendor/lib:/opt/ros/humble/lib/x86_64-linux-gnu:/opt/ros/humble/lib /usr/bin/cmake --build /home/emmm/Desktop/RM/ROS2/learn/chapter4/action_ws/build/cpp_action -- -j12 -l12
[2.887s] DEBUG:colcon.colcon_core.event_handler.log_command:Invoked command in '/home/emmm/Desktop/RM/ROS2/learn/chapter4/action_ws/build/cpp_action' returned '0': CMAKE_PREFIX_PATH=/home/emmm/Desktop/RM/ROS2/learn/chapter4/action_ws/install/base_interfaces_demo:/home/emmm/Desktop/RM/ROS2/learn/chapter4/action_ws/install/cpp_action:/home/emmm/Desktop/RM/ROS2/learn/chapter4/action_ws/install/example_action_rclcpp:/home/emmm/Desktop/RM/ROS2/learn/chapter4/action_ws/install/robot_control_interfaces:/opt/ros/humble LD_LIBRARY_PATH=/home/emmm/Desktop/RM/ROS2/learn/chapter4/action_ws/install/base_interfaces_demo/lib:/home/emmm/Desktop/RM/ROS2/learn/chapter4/action_ws/install/robot_control_interfaces/lib:/usr/lib/x86_64-linux-gnu/gazebo-11/plugins:/opt/ros/humble/opt/rviz_ogre_vendor/lib:/opt/ros/humble/lib/x86_64-linux-gnu:/opt/ros/humble/lib /usr/bin/cmake --build /home/emmm/Desktop/RM/ROS2/learn/chapter4/action_ws/build/cpp_action -- -j12 -l12
[2.903s] DEBUG:colcon.colcon_core.event_handler.log_command:Invoking command in '/home/emmm/Desktop/RM/ROS2/learn/chapter4/action_ws/build/cpp_action': CMAKE_PREFIX_PATH=/home/emmm/Desktop/RM/ROS2/learn/chapter4/action_ws/install/base_interfaces_demo:/home/emmm/Desktop/RM/ROS2/learn/chapter4/action_ws/install/cpp_action:/home/emmm/Desktop/RM/ROS2/learn/chapter4/action_ws/install/example_action_rclcpp:/home/emmm/Desktop/RM/ROS2/learn/chapter4/action_ws/install/robot_control_interfaces:/opt/ros/humble LD_LIBRARY_PATH=/home/emmm/Desktop/RM/ROS2/learn/chapter4/action_ws/install/base_interfaces_demo/lib:/home/emmm/Desktop/RM/ROS2/learn/chapter4/action_ws/install/robot_control_interfaces/lib:/usr/lib/x86_64-linux-gnu/gazebo-11/plugins:/opt/ros/humble/opt/rviz_ogre_vendor/lib:/opt/ros/humble/lib/x86_64-linux-gnu:/opt/ros/humble/lib /usr/bin/cmake --install /home/emmm/Desktop/RM/ROS2/learn/chapter4/action_ws/build/cpp_action
[2.920s] Level 1:colcon.colcon_core.environment:create_environment_scripts_only(cpp_action)
[2.921s] DEBUG:colcon.colcon_core.event_handler.log_command:Invoked command in '/home/emmm/Desktop/RM/ROS2/learn/chapter4/action_ws/build/cpp_action' returned '0': CMAKE_PREFIX_PATH=/home/emmm/Desktop/RM/ROS2/learn/chapter4/action_ws/install/base_interfaces_demo:/home/emmm/Desktop/RM/ROS2/learn/chapter4/action_ws/install/cpp_action:/home/emmm/Desktop/RM/ROS2/learn/chapter4/action_ws/install/example_action_rclcpp:/home/emmm/Desktop/RM/ROS2/learn/chapter4/action_ws/install/robot_control_interfaces:/opt/ros/humble LD_LIBRARY_PATH=/home/emmm/Desktop/RM/ROS2/learn/chapter4/action_ws/install/base_interfaces_demo/lib:/home/emmm/Desktop/RM/ROS2/learn/chapter4/action_ws/install/robot_control_interfaces/lib:/usr/lib/x86_64-linux-gnu/gazebo-11/plugins:/opt/ros/humble/opt/rviz_ogre_vendor/lib:/opt/ros/humble/lib/x86_64-linux-gnu:/opt/ros/humble/lib /usr/bin/cmake --install /home/emmm/Desktop/RM/ROS2/learn/chapter4/action_ws/build/cpp_action
[2.925s] Level 1:colcon.colcon_core.environment:checking '/home/emmm/Desktop/RM/ROS2/learn/chapter4/action_ws/install/cpp_action' for CMake module files
[2.926s] Level 1:colcon.colcon_core.environment:checking '/home/emmm/Desktop/RM/ROS2/learn/chapter4/action_ws/install/cpp_action' for CMake config files
[2.926s] Level 1:colcon.colcon_core.shell:create_environment_hook('cpp_action', 'cmake_prefix_path')
[2.927s] INFO:colcon.colcon_core.shell:Creating environment hook '/home/emmm/Desktop/RM/ROS2/learn/chapter4/action_ws/install/cpp_action/share/cpp_action/hook/cmake_prefix_path.ps1'
[2.928s] INFO:colcon.colcon_core.shell:Creating environment descriptor '/home/emmm/Desktop/RM/ROS2/learn/chapter4/action_ws/install/cpp_action/share/cpp_action/hook/cmake_prefix_path.dsv'
[2.929s] INFO:colcon.colcon_core.shell:Creating environment hook '/home/emmm/Desktop/RM/ROS2/learn/chapter4/action_ws/install/cpp_action/share/cpp_action/hook/cmake_prefix_path.sh'
[2.930s] Level 1:colcon.colcon_core.environment:checking '/home/emmm/Desktop/RM/ROS2/learn/chapter4/action_ws/install/cpp_action/lib'
[2.931s] Level 1:colcon.colcon_core.environment:checking '/home/emmm/Desktop/RM/ROS2/learn/chapter4/action_ws/install/cpp_action/bin'
[2.931s] Level 1:colcon.colcon_core.environment:checking '/home/emmm/Desktop/RM/ROS2/learn/chapter4/action_ws/install/cpp_action/lib/pkgconfig/cpp_action.pc'
[2.931s] Level 1:colcon.colcon_core.environment:checking '/home/emmm/Desktop/RM/ROS2/learn/chapter4/action_ws/install/cpp_action/lib/python3.10/site-packages'
[2.932s] Level 1:colcon.colcon_core.environment:checking '/home/emmm/Desktop/RM/ROS2/learn/chapter4/action_ws/install/cpp_action/bin'
[2.933s] INFO:colcon.colcon_core.shell:Creating package script '/home/emmm/Desktop/RM/ROS2/learn/chapter4/action_ws/install/cpp_action/share/cpp_action/package.ps1'
[2.934s] INFO:colcon.colcon_core.shell:Creating package descriptor '/home/emmm/Desktop/RM/ROS2/learn/chapter4/action_ws/install/cpp_action/share/cpp_action/package.dsv'
[2.935s] INFO:colcon.colcon_core.shell:Creating package script '/home/emmm/Desktop/RM/ROS2/learn/chapter4/action_ws/install/cpp_action/share/cpp_action/package.sh'
[2.936s] INFO:colcon.colcon_core.shell:Creating package script '/home/emmm/Desktop/RM/ROS2/learn/chapter4/action_ws/install/cpp_action/share/cpp_action/package.bash'
[2.937s] INFO:colcon.colcon_core.shell:Creating package script '/home/emmm/Desktop/RM/ROS2/learn/chapter4/action_ws/install/cpp_action/share/cpp_action/package.zsh'
[2.938s] Level 1:colcon.colcon_core.environment:create_file_with_runtime_dependencies(/home/emmm/Desktop/RM/ROS2/learn/chapter4/action_ws/install/cpp_action/share/colcon-core/packages/cpp_action)
[2.938s] Level 1:colcon.colcon_core.environment:create_environment_scripts_only(cpp_action)
[2.939s] Level 1:colcon.colcon_core.environment:checking '/home/emmm/Desktop/RM/ROS2/learn/chapter4/action_ws/install/cpp_action' for CMake module files
[2.939s] Level 1:colcon.colcon_core.environment:checking '/home/emmm/Desktop/RM/ROS2/learn/chapter4/action_ws/install/cpp_action' for CMake config files
[2.939s] Level 1:colcon.colcon_core.shell:create_environment_hook('cpp_action', 'cmake_prefix_path')
[2.939s] INFO:colcon.colcon_core.shell:Creating environment hook '/home/emmm/Desktop/RM/ROS2/learn/chapter4/action_ws/install/cpp_action/share/cpp_action/hook/cmake_prefix_path.ps1'
[2.940s] INFO:colcon.colcon_core.shell:Creating environment descriptor '/home/emmm/Desktop/RM/ROS2/learn/chapter4/action_ws/install/cpp_action/share/cpp_action/hook/cmake_prefix_path.dsv'
[2.940s] INFO:colcon.colcon_core.shell:Creating environment hook '/home/emmm/Desktop/RM/ROS2/learn/chapter4/action_ws/install/cpp_action/share/cpp_action/hook/cmake_prefix_path.sh'
[2.940s] Level 1:colcon.colcon_core.environment:checking '/home/emmm/Desktop/RM/ROS2/learn/chapter4/action_ws/install/cpp_action/lib'
[2.940s] Level 1:colcon.colcon_core.environment:checking '/home/emmm/Desktop/RM/ROS2/learn/chapter4/action_ws/install/cpp_action/bin'
[2.940s] Level 1:colcon.colcon_core.environment:checking '/home/emmm/Desktop/RM/ROS2/learn/chapter4/action_ws/install/cpp_action/lib/pkgconfig/cpp_action.pc'
[2.941s] Level 1:colcon.colcon_core.environment:checking '/home/emmm/Desktop/RM/ROS2/learn/chapter4/action_ws/install/cpp_action/lib/python3.10/site-packages'
[2.941s] Level 1:colcon.colcon_core.environment:checking '/home/emmm/Desktop/RM/ROS2/learn/chapter4/action_ws/install/cpp_action/bin'
[2.941s] INFO:colcon.colcon_core.shell:Creating package script '/home/emmm/Desktop/RM/ROS2/learn/chapter4/action_ws/install/cpp_action/share/cpp_action/package.ps1'
[2.942s] INFO:colcon.colcon_core.shell:Creating package descriptor '/home/emmm/Desktop/RM/ROS2/learn/chapter4/action_ws/install/cpp_action/share/cpp_action/package.dsv'
[2.942s] INFO:colcon.colcon_core.shell:Creating package script '/home/emmm/Desktop/RM/ROS2/learn/chapter4/action_ws/install/cpp_action/share/cpp_action/package.sh'
[2.942s] INFO:colcon.colcon_core.shell:Creating package script '/home/emmm/Desktop/RM/ROS2/learn/chapter4/action_ws/install/cpp_action/share/cpp_action/package.bash'
[2.943s] INFO:colcon.colcon_core.shell:Creating package script '/home/emmm/Desktop/RM/ROS2/learn/chapter4/action_ws/install/cpp_action/share/cpp_action/package.zsh'
[2.943s] Level 1:colcon.colcon_core.environment:create_file_with_runtime_dependencies(/home/emmm/Desktop/RM/ROS2/learn/chapter4/action_ws/install/cpp_action/share/colcon-core/packages/cpp_action)
[2.943s] DEBUG:colcon.colcon_parallel_executor.executor.parallel:closing loop
[2.944s] DEBUG:colcon.colcon_parallel_executor.executor.parallel:loop closed
[2.944s] DEBUG:colcon.colcon_parallel_executor.executor.parallel:run_until_complete finished with '0'
[2.944s] DEBUG:colcon.colcon_core.event_reactor:joining thread
[2.954s] INFO:colcon.colcon_core.plugin_system:Skipping extension 'colcon_notification.desktop_notification.terminal_notifier': Not used on non-Darwin systems
[2.954s] INFO:colcon.colcon_core.plugin_system:Skipping extension 'colcon_notification.desktop_notification.win32': Not used on non-Windows systems
[2.954s] INFO:colcon.colcon_notification.desktop_notification:Sending desktop notification using 'notify2'
[2.972s] DEBUG:colcon.colcon_core.event_reactor:joined thread
[2.972s] INFO:colcon.colcon_core.shell:Creating prefix script '/home/emmm/Desktop/RM/ROS2/learn/chapter4/action_ws/install/local_setup.ps1'
[2.973s] INFO:colcon.colcon_core.shell:Creating prefix util module '/home/emmm/Desktop/RM/ROS2/learn/chapter4/action_ws/install/_local_setup_util_ps1.py'
[2.975s] INFO:colcon.colcon_core.shell:Creating prefix chain script '/home/emmm/Desktop/RM/ROS2/learn/chapter4/action_ws/install/setup.ps1'
[2.976s] INFO:colcon.colcon_core.shell:Creating prefix script '/home/emmm/Desktop/RM/ROS2/learn/chapter4/action_ws/install/local_setup.sh'
[2.976s] INFO:colcon.colcon_core.shell:Creating prefix util module '/home/emmm/Desktop/RM/ROS2/learn/chapter4/action_ws/install/_local_setup_util_sh.py'
[2.977s] INFO:colcon.colcon_core.shell:Creating prefix chain script '/home/emmm/Desktop/RM/ROS2/learn/chapter4/action_ws/install/setup.sh'
[2.978s] INFO:colcon.colcon_core.shell:Creating prefix script '/home/emmm/Desktop/RM/ROS2/learn/chapter4/action_ws/install/local_setup.bash'
[2.978s] INFO:colcon.colcon_core.shell:Creating prefix chain script '/home/emmm/Desktop/RM/ROS2/learn/chapter4/action_ws/install/setup.bash'
[2.979s] INFO:colcon.colcon_core.shell:Creating prefix script '/home/emmm/Desktop/RM/ROS2/learn/chapter4/action_ws/install/local_setup.zsh'
[2.980s] INFO:colcon.colcon_core.shell:Creating prefix chain script '/home/emmm/Desktop/RM/ROS2/learn/chapter4/action_ws/install/setup.zsh'
