[0.009s] Invoking command in '/home/emmm/Desktop/RM/ROS2/learn/chapter5/launch_ws/build/cpp_launch': CMAKE_PREFIX_PATH=${CMAKE_PREFIX_PATH}:/opt/ros/humble /usr/bin/cmake /home/emmm/Desktop/RM/ROS2/learn/chapter5/launch_ws/src/cpp_launch -DCMAKE_INSTALL_PREFIX=/home/emmm/Desktop/RM/ROS2/learn/chapter5/launch_ws/install/cpp_launch
[0.077s] -- The C compiler identification is GNU 11.4.0
[0.140s] -- The CXX compiler identification is GNU 11.4.0
[0.148s] -- Detecting C compiler ABI info
[0.241s] -- Detecting C compiler ABI info - done
[0.246s] -- Check for working C compiler: /usr/bin/cc - skipped
[0.247s] -- Detecting C compile features
[0.247s] -- Detecting C compile features - done
[0.249s] -- Detecting CXX compiler ABI info
[0.348s] -- Detecting CXX compiler ABI info - done
[0.359s] -- Check for working CXX compiler: /usr/bin/c++ - skipped
[0.360s] -- Detecting CXX compile features
[0.361s] -- Detecting CXX compile features - done
[0.363s] -- Found ament_cmake: 1.3.12 (/opt/ros/humble/share/ament_cmake/cmake)
[0.494s] -- Found Python3: /usr/bin/python3 (found version "3.10.12") found components: Interpreter 
[0.564s] -- Found rclcpp: 16.0.17 (/opt/ros/humble/share/rclcpp/cmake)
[0.590s] -- Found rosidl_generator_c: 3.1.8 (/opt/ros/humble/share/rosidl_generator_c/cmake)
[0.593s] -- Found rosidl_adapter: 3.1.8 (/opt/ros/humble/share/rosidl_adapter/cmake)
[0.598s] -- Found rosidl_generator_cpp: 3.1.8 (/opt/ros/humble/share/rosidl_generator_cpp/cmake)
[0.606s] -- Using all available rosidl_typesupport_c: rosidl_typesupport_fastrtps_c;rosidl_typesupport_introspection_c
[0.616s] -- Using all available rosidl_typesupport_cpp: rosidl_typesupport_fastrtps_cpp;rosidl_typesupport_introspection_cpp
[0.643s] -- Found rmw_implementation_cmake: 6.1.2 (/opt/ros/humble/share/rmw_implementation_cmake/cmake)
[0.645s] -- Found rmw_fastrtps_cpp: 6.2.9 (/opt/ros/humble/share/rmw_fastrtps_cpp/cmake)
[0.732s] -- Found OpenSSL: /usr/lib/x86_64-linux-gnu/libcrypto.so (found version "3.0.2")  
[0.769s] -- Found FastRTPS: /opt/ros/humble/include  
[0.809s] -- Using RMW implementation 'rmw_fastrtps_cpp' as default
[0.814s] -- Looking for pthread.h
[0.904s] -- Looking for pthread.h - found
[0.905s] -- Performing Test CMAKE_HAVE_LIBC_PTHREAD
[1.002s] -- Performing Test CMAKE_HAVE_LIBC_PTHREAD - Success
[1.003s] -- Found Threads: TRUE  
[1.051s] -- Found ament_lint_auto: 0.12.14 (/opt/ros/humble/share/ament_lint_auto/cmake)
[1.102s] -- Added test 'flake8' to check Python code syntax and style conventions
[1.103s] -- Added test 'lint_cmake' to check CMake code style
[1.103s] -- Added test 'pep257' to check Python code against some of the docstring style conventions in PEP 257
[1.104s] -- Added test 'xmllint' to check XML markup files
[1.104s] -- Configuring done
[1.106s] -- Generating done
[1.108s] -- Build files have been written to: /home/emmm/Desktop/RM/ROS2/learn/chapter5/launch_ws/build/cpp_launch
[1.116s] Invoked command in '/home/emmm/Desktop/RM/ROS2/learn/chapter5/launch_ws/build/cpp_launch' returned '0': CMAKE_PREFIX_PATH=${CMAKE_PREFIX_PATH}:/opt/ros/humble /usr/bin/cmake /home/emmm/Desktop/RM/ROS2/learn/chapter5/launch_ws/src/cpp_launch -DCMAKE_INSTALL_PREFIX=/home/emmm/Desktop/RM/ROS2/learn/chapter5/launch_ws/install/cpp_launch
[1.118s] Invoking command in '/home/emmm/Desktop/RM/ROS2/learn/chapter5/launch_ws/build/cpp_launch': CMAKE_PREFIX_PATH=${CMAKE_PREFIX_PATH}:/opt/ros/humble /usr/bin/cmake --build /home/emmm/Desktop/RM/ROS2/learn/chapter5/launch_ws/build/cpp_launch -- -j12 -l12
[1.158s] Invoked command in '/home/emmm/Desktop/RM/ROS2/learn/chapter5/launch_ws/build/cpp_launch' returned '0': CMAKE_PREFIX_PATH=${CMAKE_PREFIX_PATH}:/opt/ros/humble /usr/bin/cmake --build /home/emmm/Desktop/RM/ROS2/learn/chapter5/launch_ws/build/cpp_launch -- -j12 -l12
[1.172s] Invoking command in '/home/emmm/Desktop/RM/ROS2/learn/chapter5/launch_ws/build/cpp_launch': CMAKE_PREFIX_PATH=${CMAKE_PREFIX_PATH}:/opt/ros/humble /usr/bin/cmake --install /home/emmm/Desktop/RM/ROS2/learn/chapter5/launch_ws/build/cpp_launch
[1.181s] -- Install configuration: ""
[1.181s] -- Installing: /home/emmm/Desktop/RM/ROS2/learn/chapter5/launch_ws/install/cpp_launch/share/cpp_launch/launch
[1.181s] -- Installing: /home/emmm/Desktop/RM/ROS2/learn/chapter5/launch_ws/install/cpp_launch/share/cpp_launch/launch/xml
[1.182s] -- Installing: /home/emmm/Desktop/RM/ROS2/learn/chapter5/launch_ws/install/cpp_launch/share/cpp_launch/launch/xml/xml_base.launch.xml
[1.182s] -- Installing: /home/emmm/Desktop/RM/ROS2/learn/chapter5/launch_ws/install/cpp_launch/share/cpp_launch/launch/xml/xml_node.launch.xml
[1.182s] -- Installing: /home/emmm/Desktop/RM/ROS2/learn/chapter5/launch_ws/install/cpp_launch/share/cpp_launch/launch/yaml
[1.182s] -- Installing: /home/emmm/Desktop/RM/ROS2/learn/chapter5/launch_ws/install/cpp_launch/share/cpp_launch/launch/yaml/yaml_base.launch.yaml
[1.182s] -- Installing: /home/emmm/Desktop/RM/ROS2/learn/chapter5/launch_ws/install/cpp_launch/share/cpp_launch/launch/py
[1.182s] -- Installing: /home/emmm/Desktop/RM/ROS2/learn/chapter5/launch_ws/install/cpp_launch/share/cpp_launch/launch/py/py_include.launch.py
[1.182s] -- Installing: /home/emmm/Desktop/RM/ROS2/learn/chapter5/launch_ws/install/cpp_launch/share/cpp_launch/launch/py/py_group.launch.py
[1.182s] -- Installing: /home/emmm/Desktop/RM/ROS2/learn/chapter5/launch_ws/install/cpp_launch/share/cpp_launch/launch/py/py_base.launch.py
[1.182s] -- Installing: /home/emmm/Desktop/RM/ROS2/learn/chapter5/launch_ws/install/cpp_launch/share/cpp_launch/launch/py/py_node.launch.py
[1.182s] -- Installing: /home/emmm/Desktop/RM/ROS2/learn/chapter5/launch_ws/install/cpp_launch/share/cpp_launch/launch/py/py_event.launch.py
[1.182s] -- Installing: /home/emmm/Desktop/RM/ROS2/learn/chapter5/launch_ws/install/cpp_launch/share/cpp_launch/launch/py/py_args.launch.py
[1.182s] -- Installing: /home/emmm/Desktop/RM/ROS2/learn/chapter5/launch_ws/install/cpp_launch/share/cpp_launch/launch/py/py_cmd.launch.py
[1.183s] -- Installing: /home/emmm/Desktop/RM/ROS2/learn/chapter5/launch_ws/install/cpp_launch/share/cpp_launch/config
[1.183s] -- Installing: /home/emmm/Desktop/RM/ROS2/learn/chapter5/launch_ws/install/cpp_launch/share/cpp_launch/config/t2.yaml
[1.183s] -- Installing: /home/emmm/Desktop/RM/ROS2/learn/chapter5/launch_ws/install/cpp_launch/share/ament_index/resource_index/package_run_dependencies/cpp_launch
[1.183s] -- Installing: /home/emmm/Desktop/RM/ROS2/learn/chapter5/launch_ws/install/cpp_launch/share/ament_index/resource_index/parent_prefix_path/cpp_launch
[1.183s] -- Installing: /home/emmm/Desktop/RM/ROS2/learn/chapter5/launch_ws/install/cpp_launch/share/cpp_launch/environment/ament_prefix_path.sh
[1.183s] -- Installing: /home/emmm/Desktop/RM/ROS2/learn/chapter5/launch_ws/install/cpp_launch/share/cpp_launch/environment/ament_prefix_path.dsv
[1.183s] -- Installing: /home/emmm/Desktop/RM/ROS2/learn/chapter5/launch_ws/install/cpp_launch/share/cpp_launch/environment/path.sh
[1.183s] -- Installing: /home/emmm/Desktop/RM/ROS2/learn/chapter5/launch_ws/install/cpp_launch/share/cpp_launch/environment/path.dsv
[1.183s] -- Installing: /home/emmm/Desktop/RM/ROS2/learn/chapter5/launch_ws/install/cpp_launch/share/cpp_launch/local_setup.bash
[1.183s] -- Installing: /home/emmm/Desktop/RM/ROS2/learn/chapter5/launch_ws/install/cpp_launch/share/cpp_launch/local_setup.sh
[1.183s] -- Installing: /home/emmm/Desktop/RM/ROS2/learn/chapter5/launch_ws/install/cpp_launch/share/cpp_launch/local_setup.zsh
[1.183s] -- Installing: /home/emmm/Desktop/RM/ROS2/learn/chapter5/launch_ws/install/cpp_launch/share/cpp_launch/local_setup.dsv
[1.183s] -- Installing: /home/emmm/Desktop/RM/ROS2/learn/chapter5/launch_ws/install/cpp_launch/share/cpp_launch/package.dsv
[1.183s] -- Installing: /home/emmm/Desktop/RM/ROS2/learn/chapter5/launch_ws/install/cpp_launch/share/ament_index/resource_index/packages/cpp_launch
[1.184s] -- Installing: /home/emmm/Desktop/RM/ROS2/learn/chapter5/launch_ws/install/cpp_launch/share/cpp_launch/cmake/cpp_launchConfig.cmake
[1.184s] -- Installing: /home/emmm/Desktop/RM/ROS2/learn/chapter5/launch_ws/install/cpp_launch/share/cpp_launch/cmake/cpp_launchConfig-version.cmake
[1.184s] -- Installing: /home/emmm/Desktop/RM/ROS2/learn/chapter5/launch_ws/install/cpp_launch/share/cpp_launch/package.xml
[1.186s] Invoked command in '/home/emmm/Desktop/RM/ROS2/learn/chapter5/launch_ws/build/cpp_launch' returned '0': CMAKE_PREFIX_PATH=${CMAKE_PREFIX_PATH}:/opt/ros/humble /usr/bin/cmake --install /home/emmm/Desktop/RM/ROS2/learn/chapter5/launch_ws/build/cpp_launch
