[0.069s] DEBUG:colcon:Command line arguments: ['/usr/bin/colcon', 'build', '--packages-select', 'cpp_param']
[0.069s] DEBUG:colcon:Parsed command line arguments: Namespace(log_base=None, log_level=None, verb_name='build', build_base='build', install_base='install', merge_install=False, symlink_install=False, test_result_base=None, continue_on_error=False, executor='parallel', parallel_workers=12, event_handlers=None, ignore_user_meta=False, metas=['./colcon.meta'], base_paths=['.'], packages_ignore=None, packages_ignore_regex=None, paths=None, packages_up_to=None, packages_up_to_regex=None, packages_above=None, packages_above_and_dependencies=None, packages_above_depth=None, packages_select_by_dep=None, packages_skip_by_dep=None, packages_skip_up_to=None, packages_select_build_failed=False, packages_skip_build_finished=False, packages_select_test_failures=False, packages_skip_test_passed=False, packages_select=['cpp_param'], packages_skip=None, packages_select_regex=None, packages_skip_regex=None, packages_start=None, packages_end=None, allow_overriding=[], cmake_args=None, cmake_target=None, cmake_target_skip_unavailable=False, cmake_clean_cache=False, cmake_clean_first=False, cmake_force_configure=False, ament_cmake_args=None, catkin_cmake_args=None, catkin_skip_building_tests=False, verb_parser=<colcon_defaults.argument_parser.defaults.DefaultArgumentsDecorator object at 0x77e43026a9e0>, verb_extension=<colcon_core.verb.build.BuildVerb object at 0x77e4303e7fa0>, main=<bound method BuildVerb.main of <colcon_core.verb.build.BuildVerb object at 0x77e4303e7fa0>>)
[0.188s] Level 1:colcon.colcon_core.package_discovery:discover_packages(colcon_meta) check parameters
[0.188s] Level 1:colcon.colcon_core.package_discovery:discover_packages(recursive) check parameters
[0.188s] Level 1:colcon.colcon_core.package_discovery:discover_packages(ignore) check parameters
[0.188s] Level 1:colcon.colcon_core.package_discovery:discover_packages(path) check parameters
[0.188s] Level 1:colcon.colcon_core.package_discovery:discover_packages(colcon_meta) discover
[0.188s] Level 1:colcon.colcon_core.package_discovery:discover_packages(recursive) discover
[0.188s] INFO:colcon.colcon_core.package_discovery:Crawling recursively for packages in '/home/emmm/Desktop/RM/ROS2/learn/chapter4/param_ws'
[0.188s] Level 1:colcon.colcon_core.package_identification:_identify(.) by extensions ['ignore', 'ignore_ament_install']
[0.188s] Level 1:colcon.colcon_core.package_identification:_identify(.) by extension 'ignore'
[0.188s] Level 1:colcon.colcon_core.package_identification:_identify(.) by extension 'ignore_ament_install'
[0.188s] Level 1:colcon.colcon_core.package_identification:_identify(.) by extensions ['colcon_pkg']
[0.188s] Level 1:colcon.colcon_core.package_identification:_identify(.) by extension 'colcon_pkg'
[0.188s] Level 1:colcon.colcon_core.package_identification:_identify(.) by extensions ['colcon_meta']
[0.188s] Level 1:colcon.colcon_core.package_identification:_identify(.) by extension 'colcon_meta'
[0.188s] Level 1:colcon.colcon_core.package_identification:_identify(.) by extensions ['ros']
[0.188s] Level 1:colcon.colcon_core.package_identification:_identify(.) by extension 'ros'
[0.195s] Level 1:colcon.colcon_core.package_identification:_identify(.) by extensions ['cmake', 'python']
[0.196s] Level 1:colcon.colcon_core.package_identification:_identify(.) by extension 'cmake'
[0.196s] Level 1:colcon.colcon_core.package_identification:_identify(.) by extension 'python'
[0.196s] Level 1:colcon.colcon_core.package_identification:_identify(.) by extensions ['python_setup_py']
[0.196s] Level 1:colcon.colcon_core.package_identification:_identify(.) by extension 'python_setup_py'
[0.196s] Level 1:colcon.colcon_core.package_identification:_identify(build) by extensions ['ignore', 'ignore_ament_install']
[0.196s] Level 1:colcon.colcon_core.package_identification:_identify(build) by extension 'ignore'
[0.196s] Level 1:colcon.colcon_core.package_identification:_identify(build) ignored
[0.196s] Level 1:colcon.colcon_core.package_identification:_identify(install) by extensions ['ignore', 'ignore_ament_install']
[0.196s] Level 1:colcon.colcon_core.package_identification:_identify(install) by extension 'ignore'
[0.196s] Level 1:colcon.colcon_core.package_identification:_identify(install) ignored
[0.196s] Level 1:colcon.colcon_core.package_identification:_identify(log) by extensions ['ignore', 'ignore_ament_install']
[0.196s] Level 1:colcon.colcon_core.package_identification:_identify(log) by extension 'ignore'
[0.196s] Level 1:colcon.colcon_core.package_identification:_identify(log) ignored
[0.196s] Level 1:colcon.colcon_core.package_identification:_identify(src) by extensions ['ignore', 'ignore_ament_install']
[0.196s] Level 1:colcon.colcon_core.package_identification:_identify(src) by extension 'ignore'
[0.196s] Level 1:colcon.colcon_core.package_identification:_identify(src) by extension 'ignore_ament_install'
[0.196s] Level 1:colcon.colcon_core.package_identification:_identify(src) by extensions ['colcon_pkg']
[0.196s] Level 1:colcon.colcon_core.package_identification:_identify(src) by extension 'colcon_pkg'
[0.196s] Level 1:colcon.colcon_core.package_identification:_identify(src) by extensions ['colcon_meta']
[0.196s] Level 1:colcon.colcon_core.package_identification:_identify(src) by extension 'colcon_meta'
[0.196s] Level 1:colcon.colcon_core.package_identification:_identify(src) by extensions ['ros']
[0.196s] Level 1:colcon.colcon_core.package_identification:_identify(src) by extension 'ros'
[0.196s] Level 1:colcon.colcon_core.package_identification:_identify(src) by extensions ['cmake', 'python']
[0.196s] Level 1:colcon.colcon_core.package_identification:_identify(src) by extension 'cmake'
[0.196s] Level 1:colcon.colcon_core.package_identification:_identify(src) by extension 'python'
[0.196s] Level 1:colcon.colcon_core.package_identification:_identify(src) by extensions ['python_setup_py']
[0.196s] Level 1:colcon.colcon_core.package_identification:_identify(src) by extension 'python_setup_py'
[0.196s] Level 1:colcon.colcon_core.package_identification:_identify(src/cpp_param) by extensions ['ignore', 'ignore_ament_install']
[0.196s] Level 1:colcon.colcon_core.package_identification:_identify(src/cpp_param) by extension 'ignore'
[0.197s] Level 1:colcon.colcon_core.package_identification:_identify(src/cpp_param) by extension 'ignore_ament_install'
[0.197s] Level 1:colcon.colcon_core.package_identification:_identify(src/cpp_param) by extensions ['colcon_pkg']
[0.197s] Level 1:colcon.colcon_core.package_identification:_identify(src/cpp_param) by extension 'colcon_pkg'
[0.197s] Level 1:colcon.colcon_core.package_identification:_identify(src/cpp_param) by extensions ['colcon_meta']
[0.197s] Level 1:colcon.colcon_core.package_identification:_identify(src/cpp_param) by extension 'colcon_meta'
[0.197s] Level 1:colcon.colcon_core.package_identification:_identify(src/cpp_param) by extensions ['ros']
[0.197s] Level 1:colcon.colcon_core.package_identification:_identify(src/cpp_param) by extension 'ros'
[0.198s] DEBUG:colcon.colcon_core.package_identification:Package 'src/cpp_param' with type 'ros.ament_cmake' and name 'cpp_param'
[0.198s] Level 1:colcon.colcon_core.package_identification:_identify(src/example_parameters_rclcpp) by extensions ['ignore', 'ignore_ament_install']
[0.198s] Level 1:colcon.colcon_core.package_identification:_identify(src/example_parameters_rclcpp) by extension 'ignore'
[0.198s] Level 1:colcon.colcon_core.package_identification:_identify(src/example_parameters_rclcpp) by extension 'ignore_ament_install'
[0.198s] Level 1:colcon.colcon_core.package_identification:_identify(src/example_parameters_rclcpp) by extensions ['colcon_pkg']
[0.198s] Level 1:colcon.colcon_core.package_identification:_identify(src/example_parameters_rclcpp) by extension 'colcon_pkg'
[0.198s] Level 1:colcon.colcon_core.package_identification:_identify(src/example_parameters_rclcpp) by extensions ['colcon_meta']
[0.198s] Level 1:colcon.colcon_core.package_identification:_identify(src/example_parameters_rclcpp) by extension 'colcon_meta'
[0.199s] Level 1:colcon.colcon_core.package_identification:_identify(src/example_parameters_rclcpp) by extensions ['ros']
[0.199s] Level 1:colcon.colcon_core.package_identification:_identify(src/example_parameters_rclcpp) by extension 'ros'
[0.199s] DEBUG:colcon.colcon_core.package_identification:Package 'src/example_parameters_rclcpp' with type 'ros.ament_cmake' and name 'example_parameters_rclcpp'
[0.199s] Level 1:colcon.colcon_core.package_discovery:discover_packages(recursive) using defaults
[0.199s] Level 1:colcon.colcon_core.package_discovery:discover_packages(ignore) discover
[0.199s] Level 1:colcon.colcon_core.package_discovery:discover_packages(ignore) using defaults
[0.199s] Level 1:colcon.colcon_core.package_discovery:discover_packages(path) discover
[0.199s] Level 1:colcon.colcon_core.package_discovery:discover_packages(path) using defaults
[0.218s] INFO:colcon.colcon_core.package_selection:Skipping not selected package 'example_parameters_rclcpp' in 'src/example_parameters_rclcpp'
[0.218s] Level 1:colcon.colcon_core.package_discovery:discover_packages(prefix_path) check parameters
[0.218s] Level 1:colcon.colcon_core.package_discovery:discover_packages(prefix_path) discover
[0.219s] DEBUG:colcon.colcon_installed_package_information.package_discovery:Found 2 installed packages in /home/emmm/Desktop/RM/ROS2/learn/chapter4/param_ws/install
[0.220s] DEBUG:colcon.colcon_installed_package_information.package_discovery:Found 359 installed packages in /opt/ros/humble
[0.221s] Level 1:colcon.colcon_core.package_discovery:discover_packages(prefix_path) using defaults
[0.248s] Level 5:colcon.colcon_core.verb:set package 'cpp_param' build argument 'cmake_args' from command line to 'None'
[0.248s] Level 5:colcon.colcon_core.verb:set package 'cpp_param' build argument 'cmake_target' from command line to 'None'
[0.248s] Level 5:colcon.colcon_core.verb:set package 'cpp_param' build argument 'cmake_target_skip_unavailable' from command line to 'False'
[0.248s] Level 5:colcon.colcon_core.verb:set package 'cpp_param' build argument 'cmake_clean_cache' from command line to 'False'
[0.248s] Level 5:colcon.colcon_core.verb:set package 'cpp_param' build argument 'cmake_clean_first' from command line to 'False'
[0.248s] Level 5:colcon.colcon_core.verb:set package 'cpp_param' build argument 'cmake_force_configure' from command line to 'False'
[0.248s] Level 5:colcon.colcon_core.verb:set package 'cpp_param' build argument 'ament_cmake_args' from command line to 'None'
[0.248s] Level 5:colcon.colcon_core.verb:set package 'cpp_param' build argument 'catkin_cmake_args' from command line to 'None'
[0.248s] Level 5:colcon.colcon_core.verb:set package 'cpp_param' build argument 'catkin_skip_building_tests' from command line to 'False'
[0.248s] DEBUG:colcon.colcon_core.verb:Building package 'cpp_param' with the following arguments: {'ament_cmake_args': None, 'build_base': '/home/emmm/Desktop/RM/ROS2/learn/chapter4/param_ws/build/cpp_param', 'catkin_cmake_args': None, 'catkin_skip_building_tests': False, 'cmake_args': None, 'cmake_clean_cache': False, 'cmake_clean_first': False, 'cmake_force_configure': False, 'cmake_target': None, 'cmake_target_skip_unavailable': False, 'install_base': '/home/emmm/Desktop/RM/ROS2/learn/chapter4/param_ws/install/cpp_param', 'merge_install': False, 'path': '/home/emmm/Desktop/RM/ROS2/learn/chapter4/param_ws/src/cpp_param', 'symlink_install': False, 'test_result_base': None}
[0.249s] INFO:colcon.colcon_core.executor:Executing jobs using 'parallel' executor
[0.249s] DEBUG:colcon.colcon_parallel_executor.executor.parallel:run_until_complete
[0.250s] INFO:colcon.colcon_ros.task.ament_cmake.build:Building ROS package in '/home/emmm/Desktop/RM/ROS2/learn/chapter4/param_ws/src/cpp_param' with build type 'ament_cmake'
[0.250s] INFO:colcon.colcon_cmake.task.cmake.build:Building CMake package in '/home/emmm/Desktop/RM/ROS2/learn/chapter4/param_ws/src/cpp_param'
[0.251s] INFO:colcon.colcon_core.plugin_system:Skipping extension 'colcon_core.shell.bat': Not used on non-Windows systems
[0.251s] INFO:colcon.colcon_core.shell:Skip shell extension 'powershell' for command environment: Not usable outside of PowerShell
[0.251s] DEBUG:colcon.colcon_core.shell:Skip shell extension 'dsv' for command environment
[0.260s] DEBUG:colcon.colcon_core.event_handler.log_command:Invoking command in '/home/emmm/Desktop/RM/ROS2/learn/chapter4/param_ws/build/cpp_param': CMAKE_PREFIX_PATH=${CMAKE_PREFIX_PATH}:/opt/ros/humble /usr/bin/cmake --build /home/emmm/Desktop/RM/ROS2/learn/chapter4/param_ws/build/cpp_param -- -j12 -l12
[2.367s] DEBUG:colcon.colcon_core.event_handler.log_command:Invoked command in '/home/emmm/Desktop/RM/ROS2/learn/chapter4/param_ws/build/cpp_param' returned '0': CMAKE_PREFIX_PATH=${CMAKE_PREFIX_PATH}:/opt/ros/humble /usr/bin/cmake --build /home/emmm/Desktop/RM/ROS2/learn/chapter4/param_ws/build/cpp_param -- -j12 -l12
[2.378s] DEBUG:colcon.colcon_core.event_handler.log_command:Invoking command in '/home/emmm/Desktop/RM/ROS2/learn/chapter4/param_ws/build/cpp_param': CMAKE_PREFIX_PATH=${CMAKE_PREFIX_PATH}:/opt/ros/humble /usr/bin/cmake --install /home/emmm/Desktop/RM/ROS2/learn/chapter4/param_ws/build/cpp_param
[2.387s] Level 1:colcon.colcon_core.environment:create_environment_scripts_only(cpp_param)
[2.388s] DEBUG:colcon.colcon_core.event_handler.log_command:Invoked command in '/home/emmm/Desktop/RM/ROS2/learn/chapter4/param_ws/build/cpp_param' returned '0': CMAKE_PREFIX_PATH=${CMAKE_PREFIX_PATH}:/opt/ros/humble /usr/bin/cmake --install /home/emmm/Desktop/RM/ROS2/learn/chapter4/param_ws/build/cpp_param
[2.389s] Level 1:colcon.colcon_core.environment:checking '/home/emmm/Desktop/RM/ROS2/learn/chapter4/param_ws/install/cpp_param' for CMake module files
[2.389s] Level 1:colcon.colcon_core.environment:checking '/home/emmm/Desktop/RM/ROS2/learn/chapter4/param_ws/install/cpp_param' for CMake config files
[2.389s] Level 1:colcon.colcon_core.shell:create_environment_hook('cpp_param', 'cmake_prefix_path')
[2.389s] INFO:colcon.colcon_core.shell:Creating environment hook '/home/emmm/Desktop/RM/ROS2/learn/chapter4/param_ws/install/cpp_param/share/cpp_param/hook/cmake_prefix_path.ps1'
[2.390s] INFO:colcon.colcon_core.shell:Creating environment descriptor '/home/emmm/Desktop/RM/ROS2/learn/chapter4/param_ws/install/cpp_param/share/cpp_param/hook/cmake_prefix_path.dsv'
[2.390s] INFO:colcon.colcon_core.shell:Creating environment hook '/home/emmm/Desktop/RM/ROS2/learn/chapter4/param_ws/install/cpp_param/share/cpp_param/hook/cmake_prefix_path.sh'
[2.391s] Level 1:colcon.colcon_core.environment:checking '/home/emmm/Desktop/RM/ROS2/learn/chapter4/param_ws/install/cpp_param/lib'
[2.391s] Level 1:colcon.colcon_core.environment:checking '/home/emmm/Desktop/RM/ROS2/learn/chapter4/param_ws/install/cpp_param/bin'
[2.391s] Level 1:colcon.colcon_core.environment:checking '/home/emmm/Desktop/RM/ROS2/learn/chapter4/param_ws/install/cpp_param/lib/pkgconfig/cpp_param.pc'
[2.391s] Level 1:colcon.colcon_core.environment:checking '/home/emmm/Desktop/RM/ROS2/learn/chapter4/param_ws/install/cpp_param/lib/python3.10/site-packages'
[2.391s] Level 1:colcon.colcon_core.environment:checking '/home/emmm/Desktop/RM/ROS2/learn/chapter4/param_ws/install/cpp_param/bin'
[2.391s] INFO:colcon.colcon_core.shell:Creating package script '/home/emmm/Desktop/RM/ROS2/learn/chapter4/param_ws/install/cpp_param/share/cpp_param/package.ps1'
[2.392s] INFO:colcon.colcon_core.shell:Creating package descriptor '/home/emmm/Desktop/RM/ROS2/learn/chapter4/param_ws/install/cpp_param/share/cpp_param/package.dsv'
[2.392s] INFO:colcon.colcon_core.shell:Creating package script '/home/emmm/Desktop/RM/ROS2/learn/chapter4/param_ws/install/cpp_param/share/cpp_param/package.sh'
[2.393s] INFO:colcon.colcon_core.shell:Creating package script '/home/emmm/Desktop/RM/ROS2/learn/chapter4/param_ws/install/cpp_param/share/cpp_param/package.bash'
[2.393s] INFO:colcon.colcon_core.shell:Creating package script '/home/emmm/Desktop/RM/ROS2/learn/chapter4/param_ws/install/cpp_param/share/cpp_param/package.zsh'
[2.393s] Level 1:colcon.colcon_core.environment:create_file_with_runtime_dependencies(/home/emmm/Desktop/RM/ROS2/learn/chapter4/param_ws/install/cpp_param/share/colcon-core/packages/cpp_param)
[2.394s] Level 1:colcon.colcon_core.environment:create_environment_scripts_only(cpp_param)
[2.394s] Level 1:colcon.colcon_core.environment:checking '/home/emmm/Desktop/RM/ROS2/learn/chapter4/param_ws/install/cpp_param' for CMake module files
[2.394s] Level 1:colcon.colcon_core.environment:checking '/home/emmm/Desktop/RM/ROS2/learn/chapter4/param_ws/install/cpp_param' for CMake config files
[2.394s] Level 1:colcon.colcon_core.shell:create_environment_hook('cpp_param', 'cmake_prefix_path')
[2.394s] INFO:colcon.colcon_core.shell:Creating environment hook '/home/emmm/Desktop/RM/ROS2/learn/chapter4/param_ws/install/cpp_param/share/cpp_param/hook/cmake_prefix_path.ps1'
[2.394s] INFO:colcon.colcon_core.shell:Creating environment descriptor '/home/emmm/Desktop/RM/ROS2/learn/chapter4/param_ws/install/cpp_param/share/cpp_param/hook/cmake_prefix_path.dsv'
[2.395s] INFO:colcon.colcon_core.shell:Creating environment hook '/home/emmm/Desktop/RM/ROS2/learn/chapter4/param_ws/install/cpp_param/share/cpp_param/hook/cmake_prefix_path.sh'
[2.395s] Level 1:colcon.colcon_core.environment:checking '/home/emmm/Desktop/RM/ROS2/learn/chapter4/param_ws/install/cpp_param/lib'
[2.395s] Level 1:colcon.colcon_core.environment:checking '/home/emmm/Desktop/RM/ROS2/learn/chapter4/param_ws/install/cpp_param/bin'
[2.395s] Level 1:colcon.colcon_core.environment:checking '/home/emmm/Desktop/RM/ROS2/learn/chapter4/param_ws/install/cpp_param/lib/pkgconfig/cpp_param.pc'
[2.395s] Level 1:colcon.colcon_core.environment:checking '/home/emmm/Desktop/RM/ROS2/learn/chapter4/param_ws/install/cpp_param/lib/python3.10/site-packages'
[2.395s] Level 1:colcon.colcon_core.environment:checking '/home/emmm/Desktop/RM/ROS2/learn/chapter4/param_ws/install/cpp_param/bin'
[2.396s] INFO:colcon.colcon_core.shell:Creating package script '/home/emmm/Desktop/RM/ROS2/learn/chapter4/param_ws/install/cpp_param/share/cpp_param/package.ps1'
[2.396s] INFO:colcon.colcon_core.shell:Creating package descriptor '/home/emmm/Desktop/RM/ROS2/learn/chapter4/param_ws/install/cpp_param/share/cpp_param/package.dsv'
[2.396s] INFO:colcon.colcon_core.shell:Creating package script '/home/emmm/Desktop/RM/ROS2/learn/chapter4/param_ws/install/cpp_param/share/cpp_param/package.sh'
[2.396s] INFO:colcon.colcon_core.shell:Creating package script '/home/emmm/Desktop/RM/ROS2/learn/chapter4/param_ws/install/cpp_param/share/cpp_param/package.bash'
[2.396s] INFO:colcon.colcon_core.shell:Creating package script '/home/emmm/Desktop/RM/ROS2/learn/chapter4/param_ws/install/cpp_param/share/cpp_param/package.zsh'
[2.397s] Level 1:colcon.colcon_core.environment:create_file_with_runtime_dependencies(/home/emmm/Desktop/RM/ROS2/learn/chapter4/param_ws/install/cpp_param/share/colcon-core/packages/cpp_param)
[2.397s] DEBUG:colcon.colcon_parallel_executor.executor.parallel:closing loop
[2.397s] DEBUG:colcon.colcon_parallel_executor.executor.parallel:loop closed
[2.397s] DEBUG:colcon.colcon_parallel_executor.executor.parallel:run_until_complete finished with '0'
[2.397s] DEBUG:colcon.colcon_core.event_reactor:joining thread
[2.400s] INFO:colcon.colcon_core.plugin_system:Skipping extension 'colcon_notification.desktop_notification.terminal_notifier': Not used on non-Darwin systems
[2.400s] INFO:colcon.colcon_core.plugin_system:Skipping extension 'colcon_notification.desktop_notification.win32': Not used on non-Windows systems
[2.400s] INFO:colcon.colcon_notification.desktop_notification:Sending desktop notification using 'notify2'
[2.409s] DEBUG:colcon.colcon_core.event_reactor:joined thread
[2.409s] INFO:colcon.colcon_core.shell:Creating prefix script '/home/emmm/Desktop/RM/ROS2/learn/chapter4/param_ws/install/local_setup.ps1'
[2.410s] INFO:colcon.colcon_core.shell:Creating prefix util module '/home/emmm/Desktop/RM/ROS2/learn/chapter4/param_ws/install/_local_setup_util_ps1.py'
[2.411s] INFO:colcon.colcon_core.shell:Creating prefix chain script '/home/emmm/Desktop/RM/ROS2/learn/chapter4/param_ws/install/setup.ps1'
[2.412s] INFO:colcon.colcon_core.shell:Creating prefix script '/home/emmm/Desktop/RM/ROS2/learn/chapter4/param_ws/install/local_setup.sh'
[2.412s] INFO:colcon.colcon_core.shell:Creating prefix util module '/home/emmm/Desktop/RM/ROS2/learn/chapter4/param_ws/install/_local_setup_util_sh.py'
[2.412s] INFO:colcon.colcon_core.shell:Creating prefix chain script '/home/emmm/Desktop/RM/ROS2/learn/chapter4/param_ws/install/setup.sh'
[2.413s] INFO:colcon.colcon_core.shell:Creating prefix script '/home/emmm/Desktop/RM/ROS2/learn/chapter4/param_ws/install/local_setup.bash'
[2.413s] INFO:colcon.colcon_core.shell:Creating prefix chain script '/home/emmm/Desktop/RM/ROS2/learn/chapter4/param_ws/install/setup.bash'
[2.414s] INFO:colcon.colcon_core.shell:Creating prefix script '/home/emmm/Desktop/RM/ROS2/learn/chapter4/param_ws/install/local_setup.zsh'
[2.415s] INFO:colcon.colcon_core.shell:Creating prefix chain script '/home/emmm/Desktop/RM/ROS2/learn/chapter4/param_ws/install/setup.zsh'
