[0.074s] DEBUG:colcon:Command line arguments: ['/usr/bin/colcon', 'build']
[0.074s] DEBUG:colcon:Parsed command line arguments: Namespace(log_base=None, log_level=None, verb_name='build', build_base='build', install_base='install', merge_install=False, symlink_install=False, test_result_base=None, continue_on_error=False, executor='parallel', parallel_workers=12, event_handlers=None, ignore_user_meta=False, metas=['./colcon.meta'], base_paths=['.'], packages_ignore=None, packages_ignore_regex=None, paths=None, packages_up_to=None, packages_up_to_regex=None, packages_above=None, packages_above_and_dependencies=None, packages_above_depth=None, packages_select_by_dep=None, packages_skip_by_dep=None, packages_skip_up_to=None, packages_select_build_failed=False, packages_skip_build_finished=False, packages_select_test_failures=False, packages_skip_test_passed=False, packages_select=None, packages_skip=None, packages_select_regex=None, packages_skip_regex=None, packages_start=None, packages_end=None, allow_overriding=[], cmake_args=None, cmake_target=None, cmake_target_skip_unavailable=False, cmake_clean_cache=False, cmake_clean_first=False, cmake_force_configure=False, ament_cmake_args=None, catkin_cmake_args=None, catkin_skip_building_tests=False, verb_parser=<colcon_defaults.argument_parser.defaults.DefaultArgumentsDecorator object at 0x7f65ac55b1f0>, verb_extension=<colcon_core.verb.build.BuildVerb object at 0x7f65ac510880>, main=<bound method BuildVerb.main of <colcon_core.verb.build.BuildVerb object at 0x7f65ac510880>>)
[0.189s] Level 1:colcon.colcon_core.package_discovery:discover_packages(colcon_meta) check parameters
[0.189s] Level 1:colcon.colcon_core.package_discovery:discover_packages(recursive) check parameters
[0.189s] Level 1:colcon.colcon_core.package_discovery:discover_packages(ignore) check parameters
[0.189s] Level 1:colcon.colcon_core.package_discovery:discover_packages(path) check parameters
[0.189s] Level 1:colcon.colcon_core.package_discovery:discover_packages(colcon_meta) discover
[0.189s] Level 1:colcon.colcon_core.package_discovery:discover_packages(recursive) discover
[0.189s] INFO:colcon.colcon_core.package_discovery:Crawling recursively for packages in '/home/emmm/Desktop/RM/ROS2/learn/chapter7/navigation_ws'
[0.189s] Level 1:colcon.colcon_core.package_identification:_identify(.) by extensions ['ignore', 'ignore_ament_install']
[0.189s] Level 1:colcon.colcon_core.package_identification:_identify(.) by extension 'ignore'
[0.189s] Level 1:colcon.colcon_core.package_identification:_identify(.) by extension 'ignore_ament_install'
[0.189s] Level 1:colcon.colcon_core.package_identification:_identify(.) by extensions ['colcon_pkg']
[0.189s] Level 1:colcon.colcon_core.package_identification:_identify(.) by extension 'colcon_pkg'
[0.189s] Level 1:colcon.colcon_core.package_identification:_identify(.) by extensions ['colcon_meta']
[0.189s] Level 1:colcon.colcon_core.package_identification:_identify(.) by extension 'colcon_meta'
[0.189s] Level 1:colcon.colcon_core.package_identification:_identify(.) by extensions ['ros']
[0.189s] Level 1:colcon.colcon_core.package_identification:_identify(.) by extension 'ros'
[0.196s] Level 1:colcon.colcon_core.package_identification:_identify(.) by extensions ['cmake', 'python']
[0.196s] Level 1:colcon.colcon_core.package_identification:_identify(.) by extension 'cmake'
[0.196s] Level 1:colcon.colcon_core.package_identification:_identify(.) by extension 'python'
[0.196s] Level 1:colcon.colcon_core.package_identification:_identify(.) by extensions ['python_setup_py']
[0.196s] Level 1:colcon.colcon_core.package_identification:_identify(.) by extension 'python_setup_py'
[0.196s] Level 1:colcon.colcon_core.package_identification:_identify(build) by extensions ['ignore', 'ignore_ament_install']
[0.196s] Level 1:colcon.colcon_core.package_identification:_identify(build) by extension 'ignore'
[0.196s] Level 1:colcon.colcon_core.package_identification:_identify(build) ignored
[0.196s] Level 1:colcon.colcon_core.package_identification:_identify(image) by extensions ['ignore', 'ignore_ament_install']
[0.196s] Level 1:colcon.colcon_core.package_identification:_identify(image) by extension 'ignore'
[0.196s] Level 1:colcon.colcon_core.package_identification:_identify(image) by extension 'ignore_ament_install'
[0.196s] Level 1:colcon.colcon_core.package_identification:_identify(image) by extensions ['colcon_pkg']
[0.196s] Level 1:colcon.colcon_core.package_identification:_identify(image) by extension 'colcon_pkg'
[0.196s] Level 1:colcon.colcon_core.package_identification:_identify(image) by extensions ['colcon_meta']
[0.196s] Level 1:colcon.colcon_core.package_identification:_identify(image) by extension 'colcon_meta'
[0.196s] Level 1:colcon.colcon_core.package_identification:_identify(image) by extensions ['ros']
[0.197s] Level 1:colcon.colcon_core.package_identification:_identify(image) by extension 'ros'
[0.197s] Level 1:colcon.colcon_core.package_identification:_identify(image) by extensions ['cmake', 'python']
[0.197s] Level 1:colcon.colcon_core.package_identification:_identify(image) by extension 'cmake'
[0.197s] Level 1:colcon.colcon_core.package_identification:_identify(image) by extension 'python'
[0.197s] Level 1:colcon.colcon_core.package_identification:_identify(image) by extensions ['python_setup_py']
[0.197s] Level 1:colcon.colcon_core.package_identification:_identify(image) by extension 'python_setup_py'
[0.197s] Level 1:colcon.colcon_core.package_identification:_identify(install) by extensions ['ignore', 'ignore_ament_install']
[0.197s] Level 1:colcon.colcon_core.package_identification:_identify(install) by extension 'ignore'
[0.197s] Level 1:colcon.colcon_core.package_identification:_identify(install) ignored
[0.197s] Level 1:colcon.colcon_core.package_identification:_identify(log) by extensions ['ignore', 'ignore_ament_install']
[0.197s] Level 1:colcon.colcon_core.package_identification:_identify(log) by extension 'ignore'
[0.197s] Level 1:colcon.colcon_core.package_identification:_identify(log) ignored
[0.197s] Level 1:colcon.colcon_core.package_identification:_identify(src) by extensions ['ignore', 'ignore_ament_install']
[0.197s] Level 1:colcon.colcon_core.package_identification:_identify(src) by extension 'ignore'
[0.197s] Level 1:colcon.colcon_core.package_identification:_identify(src) by extension 'ignore_ament_install'
[0.197s] Level 1:colcon.colcon_core.package_identification:_identify(src) by extensions ['colcon_pkg']
[0.197s] Level 1:colcon.colcon_core.package_identification:_identify(src) by extension 'colcon_pkg'
[0.197s] Level 1:colcon.colcon_core.package_identification:_identify(src) by extensions ['colcon_meta']
[0.197s] Level 1:colcon.colcon_core.package_identification:_identify(src) by extension 'colcon_meta'
[0.197s] Level 1:colcon.colcon_core.package_identification:_identify(src) by extensions ['ros']
[0.197s] Level 1:colcon.colcon_core.package_identification:_identify(src) by extension 'ros'
[0.197s] Level 1:colcon.colcon_core.package_identification:_identify(src) by extensions ['cmake', 'python']
[0.197s] Level 1:colcon.colcon_core.package_identification:_identify(src) by extension 'cmake'
[0.197s] Level 1:colcon.colcon_core.package_identification:_identify(src) by extension 'python'
[0.197s] Level 1:colcon.colcon_core.package_identification:_identify(src) by extensions ['python_setup_py']
[0.197s] Level 1:colcon.colcon_core.package_identification:_identify(src) by extension 'python_setup_py'
[0.197s] Level 1:colcon.colcon_core.package_identification:_identify(src/autopartol_robot) by extensions ['ignore', 'ignore_ament_install']
[0.197s] Level 1:colcon.colcon_core.package_identification:_identify(src/autopartol_robot) by extension 'ignore'
[0.197s] Level 1:colcon.colcon_core.package_identification:_identify(src/autopartol_robot) by extension 'ignore_ament_install'
[0.197s] Level 1:colcon.colcon_core.package_identification:_identify(src/autopartol_robot) by extensions ['colcon_pkg']
[0.197s] Level 1:colcon.colcon_core.package_identification:_identify(src/autopartol_robot) by extension 'colcon_pkg'
[0.197s] Level 1:colcon.colcon_core.package_identification:_identify(src/autopartol_robot) by extensions ['colcon_meta']
[0.197s] Level 1:colcon.colcon_core.package_identification:_identify(src/autopartol_robot) by extension 'colcon_meta'
[0.197s] Level 1:colcon.colcon_core.package_identification:_identify(src/autopartol_robot) by extensions ['ros']
[0.197s] Level 1:colcon.colcon_core.package_identification:_identify(src/autopartol_robot) by extension 'ros'
[0.199s] DEBUG:colcon.colcon_core.package_identification:Package 'src/autopartol_robot' with type 'ros.ament_python' and name 'autopartol_robot'
[0.199s] Level 1:colcon.colcon_core.package_identification:_identify(src/fishbot_application) by extensions ['ignore', 'ignore_ament_install']
[0.199s] Level 1:colcon.colcon_core.package_identification:_identify(src/fishbot_application) by extension 'ignore'
[0.199s] Level 1:colcon.colcon_core.package_identification:_identify(src/fishbot_application) by extension 'ignore_ament_install'
[0.199s] Level 1:colcon.colcon_core.package_identification:_identify(src/fishbot_application) by extensions ['colcon_pkg']
[0.199s] Level 1:colcon.colcon_core.package_identification:_identify(src/fishbot_application) by extension 'colcon_pkg'
[0.199s] Level 1:colcon.colcon_core.package_identification:_identify(src/fishbot_application) by extensions ['colcon_meta']
[0.199s] Level 1:colcon.colcon_core.package_identification:_identify(src/fishbot_application) by extension 'colcon_meta'
[0.199s] Level 1:colcon.colcon_core.package_identification:_identify(src/fishbot_application) by extensions ['ros']
[0.199s] Level 1:colcon.colcon_core.package_identification:_identify(src/fishbot_application) by extension 'ros'
[0.200s] DEBUG:colcon.colcon_core.package_identification:Package 'src/fishbot_application' with type 'ros.ament_python' and name 'fishbot_application'
[0.200s] Level 1:colcon.colcon_core.package_identification:_identify(src/fishbot_description) by extensions ['ignore', 'ignore_ament_install']
[0.200s] Level 1:colcon.colcon_core.package_identification:_identify(src/fishbot_description) by extension 'ignore'
[0.200s] Level 1:colcon.colcon_core.package_identification:_identify(src/fishbot_description) by extension 'ignore_ament_install'
[0.200s] Level 1:colcon.colcon_core.package_identification:_identify(src/fishbot_description) by extensions ['colcon_pkg']
[0.200s] Level 1:colcon.colcon_core.package_identification:_identify(src/fishbot_description) by extension 'colcon_pkg'
[0.200s] Level 1:colcon.colcon_core.package_identification:_identify(src/fishbot_description) by extensions ['colcon_meta']
[0.200s] Level 1:colcon.colcon_core.package_identification:_identify(src/fishbot_description) by extension 'colcon_meta'
[0.200s] Level 1:colcon.colcon_core.package_identification:_identify(src/fishbot_description) by extensions ['ros']
[0.200s] Level 1:colcon.colcon_core.package_identification:_identify(src/fishbot_description) by extension 'ros'
[0.200s] DEBUG:colcon.colcon_core.package_identification:Package 'src/fishbot_description' with type 'ros.ament_cmake' and name 'fishbot_description'
[0.200s] Level 1:colcon.colcon_core.package_identification:_identify(src/fishbot_navigation2) by extensions ['ignore', 'ignore_ament_install']
[0.201s] Level 1:colcon.colcon_core.package_identification:_identify(src/fishbot_navigation2) by extension 'ignore'
[0.201s] Level 1:colcon.colcon_core.package_identification:_identify(src/fishbot_navigation2) by extension 'ignore_ament_install'
[0.201s] Level 1:colcon.colcon_core.package_identification:_identify(src/fishbot_navigation2) by extensions ['colcon_pkg']
[0.201s] Level 1:colcon.colcon_core.package_identification:_identify(src/fishbot_navigation2) by extension 'colcon_pkg'
[0.201s] Level 1:colcon.colcon_core.package_identification:_identify(src/fishbot_navigation2) by extensions ['colcon_meta']
[0.201s] Level 1:colcon.colcon_core.package_identification:_identify(src/fishbot_navigation2) by extension 'colcon_meta'
[0.201s] Level 1:colcon.colcon_core.package_identification:_identify(src/fishbot_navigation2) by extensions ['ros']
[0.201s] Level 1:colcon.colcon_core.package_identification:_identify(src/fishbot_navigation2) by extension 'ros'
[0.201s] DEBUG:colcon.colcon_core.package_identification:Package 'src/fishbot_navigation2' with type 'ros.ament_cmake' and name 'fishbot_navigation2'
[0.201s] Level 1:colcon.colcon_core.package_discovery:discover_packages(recursive) using defaults
[0.201s] Level 1:colcon.colcon_core.package_discovery:discover_packages(ignore) discover
[0.201s] Level 1:colcon.colcon_core.package_discovery:discover_packages(ignore) using defaults
[0.201s] Level 1:colcon.colcon_core.package_discovery:discover_packages(path) discover
[0.201s] Level 1:colcon.colcon_core.package_discovery:discover_packages(path) using defaults
[0.221s] Level 1:colcon.colcon_core.package_discovery:discover_packages(prefix_path) check parameters
[0.221s] Level 1:colcon.colcon_core.package_discovery:discover_packages(prefix_path) discover
[0.222s] DEBUG:colcon.colcon_installed_package_information.package_discovery:Found 4 installed packages in /home/emmm/Desktop/RM/ROS2/learn/chapter7/navigation_ws/install
[0.223s] DEBUG:colcon.colcon_installed_package_information.package_discovery:Found 410 installed packages in /opt/ros/humble
[0.224s] Level 1:colcon.colcon_core.package_discovery:discover_packages(prefix_path) using defaults
[0.253s] Level 5:colcon.colcon_core.verb:set package 'autopartol_robot' build argument 'cmake_args' from command line to 'None'
[0.254s] Level 5:colcon.colcon_core.verb:set package 'autopartol_robot' build argument 'cmake_target' from command line to 'None'
[0.254s] Level 5:colcon.colcon_core.verb:set package 'autopartol_robot' build argument 'cmake_target_skip_unavailable' from command line to 'False'
[0.254s] Level 5:colcon.colcon_core.verb:set package 'autopartol_robot' build argument 'cmake_clean_cache' from command line to 'False'
[0.254s] Level 5:colcon.colcon_core.verb:set package 'autopartol_robot' build argument 'cmake_clean_first' from command line to 'False'
[0.254s] Level 5:colcon.colcon_core.verb:set package 'autopartol_robot' build argument 'cmake_force_configure' from command line to 'False'
[0.254s] Level 5:colcon.colcon_core.verb:set package 'autopartol_robot' build argument 'ament_cmake_args' from command line to 'None'
[0.254s] Level 5:colcon.colcon_core.verb:set package 'autopartol_robot' build argument 'catkin_cmake_args' from command line to 'None'
[0.254s] Level 5:colcon.colcon_core.verb:set package 'autopartol_robot' build argument 'catkin_skip_building_tests' from command line to 'False'
[0.254s] DEBUG:colcon.colcon_core.verb:Building package 'autopartol_robot' with the following arguments: {'ament_cmake_args': None, 'build_base': '/home/emmm/Desktop/RM/ROS2/learn/chapter7/navigation_ws/build/autopartol_robot', 'catkin_cmake_args': None, 'catkin_skip_building_tests': False, 'cmake_args': None, 'cmake_clean_cache': False, 'cmake_clean_first': False, 'cmake_force_configure': False, 'cmake_target': None, 'cmake_target_skip_unavailable': False, 'install_base': '/home/emmm/Desktop/RM/ROS2/learn/chapter7/navigation_ws/install/autopartol_robot', 'merge_install': False, 'path': '/home/emmm/Desktop/RM/ROS2/learn/chapter7/navigation_ws/src/autopartol_robot', 'symlink_install': False, 'test_result_base': None}
[0.254s] Level 5:colcon.colcon_core.verb:set package 'fishbot_application' build argument 'cmake_args' from command line to 'None'
[0.254s] Level 5:colcon.colcon_core.verb:set package 'fishbot_application' build argument 'cmake_target' from command line to 'None'
[0.254s] Level 5:colcon.colcon_core.verb:set package 'fishbot_application' build argument 'cmake_target_skip_unavailable' from command line to 'False'
[0.254s] Level 5:colcon.colcon_core.verb:set package 'fishbot_application' build argument 'cmake_clean_cache' from command line to 'False'
[0.254s] Level 5:colcon.colcon_core.verb:set package 'fishbot_application' build argument 'cmake_clean_first' from command line to 'False'
[0.254s] Level 5:colcon.colcon_core.verb:set package 'fishbot_application' build argument 'cmake_force_configure' from command line to 'False'
[0.254s] Level 5:colcon.colcon_core.verb:set package 'fishbot_application' build argument 'ament_cmake_args' from command line to 'None'
[0.254s] Level 5:colcon.colcon_core.verb:set package 'fishbot_application' build argument 'catkin_cmake_args' from command line to 'None'
[0.254s] Level 5:colcon.colcon_core.verb:set package 'fishbot_application' build argument 'catkin_skip_building_tests' from command line to 'False'
[0.254s] DEBUG:colcon.colcon_core.verb:Building package 'fishbot_application' with the following arguments: {'ament_cmake_args': None, 'build_base': '/home/emmm/Desktop/RM/ROS2/learn/chapter7/navigation_ws/build/fishbot_application', 'catkin_cmake_args': None, 'catkin_skip_building_tests': False, 'cmake_args': None, 'cmake_clean_cache': False, 'cmake_clean_first': False, 'cmake_force_configure': False, 'cmake_target': None, 'cmake_target_skip_unavailable': False, 'install_base': '/home/emmm/Desktop/RM/ROS2/learn/chapter7/navigation_ws/install/fishbot_application', 'merge_install': False, 'path': '/home/emmm/Desktop/RM/ROS2/learn/chapter7/navigation_ws/src/fishbot_application', 'symlink_install': False, 'test_result_base': None}
[0.254s] Level 5:colcon.colcon_core.verb:set package 'fishbot_description' build argument 'cmake_args' from command line to 'None'
[0.254s] Level 5:colcon.colcon_core.verb:set package 'fishbot_description' build argument 'cmake_target' from command line to 'None'
[0.254s] Level 5:colcon.colcon_core.verb:set package 'fishbot_description' build argument 'cmake_target_skip_unavailable' from command line to 'False'
[0.254s] Level 5:colcon.colcon_core.verb:set package 'fishbot_description' build argument 'cmake_clean_cache' from command line to 'False'
[0.254s] Level 5:colcon.colcon_core.verb:set package 'fishbot_description' build argument 'cmake_clean_first' from command line to 'False'
[0.254s] Level 5:colcon.colcon_core.verb:set package 'fishbot_description' build argument 'cmake_force_configure' from command line to 'False'
[0.254s] Level 5:colcon.colcon_core.verb:set package 'fishbot_description' build argument 'ament_cmake_args' from command line to 'None'
[0.254s] Level 5:colcon.colcon_core.verb:set package 'fishbot_description' build argument 'catkin_cmake_args' from command line to 'None'
[0.254s] Level 5:colcon.colcon_core.verb:set package 'fishbot_description' build argument 'catkin_skip_building_tests' from command line to 'False'
[0.254s] DEBUG:colcon.colcon_core.verb:Building package 'fishbot_description' with the following arguments: {'ament_cmake_args': None, 'build_base': '/home/emmm/Desktop/RM/ROS2/learn/chapter7/navigation_ws/build/fishbot_description', 'catkin_cmake_args': None, 'catkin_skip_building_tests': False, 'cmake_args': None, 'cmake_clean_cache': False, 'cmake_clean_first': False, 'cmake_force_configure': False, 'cmake_target': None, 'cmake_target_skip_unavailable': False, 'install_base': '/home/emmm/Desktop/RM/ROS2/learn/chapter7/navigation_ws/install/fishbot_description', 'merge_install': False, 'path': '/home/emmm/Desktop/RM/ROS2/learn/chapter7/navigation_ws/src/fishbot_description', 'symlink_install': False, 'test_result_base': None}
[0.254s] Level 5:colcon.colcon_core.verb:set package 'fishbot_navigation2' build argument 'cmake_args' from command line to 'None'
[0.254s] Level 5:colcon.colcon_core.verb:set package 'fishbot_navigation2' build argument 'cmake_target' from command line to 'None'
[0.254s] Level 5:colcon.colcon_core.verb:set package 'fishbot_navigation2' build argument 'cmake_target_skip_unavailable' from command line to 'False'
[0.255s] Level 5:colcon.colcon_core.verb:set package 'fishbot_navigation2' build argument 'cmake_clean_cache' from command line to 'False'
[0.255s] Level 5:colcon.colcon_core.verb:set package 'fishbot_navigation2' build argument 'cmake_clean_first' from command line to 'False'
[0.255s] Level 5:colcon.colcon_core.verb:set package 'fishbot_navigation2' build argument 'cmake_force_configure' from command line to 'False'
[0.255s] Level 5:colcon.colcon_core.verb:set package 'fishbot_navigation2' build argument 'ament_cmake_args' from command line to 'None'
[0.255s] Level 5:colcon.colcon_core.verb:set package 'fishbot_navigation2' build argument 'catkin_cmake_args' from command line to 'None'
[0.255s] Level 5:colcon.colcon_core.verb:set package 'fishbot_navigation2' build argument 'catkin_skip_building_tests' from command line to 'False'
[0.255s] DEBUG:colcon.colcon_core.verb:Building package 'fishbot_navigation2' with the following arguments: {'ament_cmake_args': None, 'build_base': '/home/emmm/Desktop/RM/ROS2/learn/chapter7/navigation_ws/build/fishbot_navigation2', 'catkin_cmake_args': None, 'catkin_skip_building_tests': False, 'cmake_args': None, 'cmake_clean_cache': False, 'cmake_clean_first': False, 'cmake_force_configure': False, 'cmake_target': None, 'cmake_target_skip_unavailable': False, 'install_base': '/home/emmm/Desktop/RM/ROS2/learn/chapter7/navigation_ws/install/fishbot_navigation2', 'merge_install': False, 'path': '/home/emmm/Desktop/RM/ROS2/learn/chapter7/navigation_ws/src/fishbot_navigation2', 'symlink_install': False, 'test_result_base': None}
[0.255s] INFO:colcon.colcon_core.executor:Executing jobs using 'parallel' executor
[0.255s] DEBUG:colcon.colcon_parallel_executor.executor.parallel:run_until_complete
[0.256s] INFO:colcon.colcon_ros.task.ament_python.build:Building ROS package in '/home/emmm/Desktop/RM/ROS2/learn/chapter7/navigation_ws/src/autopartol_robot' with build type 'ament_python'
[0.256s] Level 1:colcon.colcon_core.shell:create_environment_hook('autopartol_robot', 'ament_prefix_path')
[0.257s] INFO:colcon.colcon_core.plugin_system:Skipping extension 'colcon_core.shell.bat': Not used on non-Windows systems
[0.257s] INFO:colcon.colcon_core.shell:Creating environment hook '/home/emmm/Desktop/RM/ROS2/learn/chapter7/navigation_ws/install/autopartol_robot/share/autopartol_robot/hook/ament_prefix_path.ps1'
[0.258s] INFO:colcon.colcon_core.shell:Creating environment descriptor '/home/emmm/Desktop/RM/ROS2/learn/chapter7/navigation_ws/install/autopartol_robot/share/autopartol_robot/hook/ament_prefix_path.dsv'
[0.258s] INFO:colcon.colcon_core.shell:Creating environment hook '/home/emmm/Desktop/RM/ROS2/learn/chapter7/navigation_ws/install/autopartol_robot/share/autopartol_robot/hook/ament_prefix_path.sh'
[0.258s] INFO:colcon.colcon_core.shell:Skip shell extension 'powershell' for command environment: Not usable outside of PowerShell
[0.258s] DEBUG:colcon.colcon_core.shell:Skip shell extension 'dsv' for command environment
[0.261s] INFO:colcon.colcon_ros.task.ament_python.build:Building ROS package in '/home/emmm/Desktop/RM/ROS2/learn/chapter7/navigation_ws/src/fishbot_application' with build type 'ament_python'
[0.261s] Level 1:colcon.colcon_core.shell:create_environment_hook('fishbot_application', 'ament_prefix_path')
[0.261s] INFO:colcon.colcon_core.shell:Creating environment hook '/home/emmm/Desktop/RM/ROS2/learn/chapter7/navigation_ws/install/fishbot_application/share/fishbot_application/hook/ament_prefix_path.ps1'
[0.261s] INFO:colcon.colcon_core.shell:Creating environment descriptor '/home/emmm/Desktop/RM/ROS2/learn/chapter7/navigation_ws/install/fishbot_application/share/fishbot_application/hook/ament_prefix_path.dsv'
[0.261s] INFO:colcon.colcon_core.shell:Creating environment hook '/home/emmm/Desktop/RM/ROS2/learn/chapter7/navigation_ws/install/fishbot_application/share/fishbot_application/hook/ament_prefix_path.sh'
[0.262s] INFO:colcon.colcon_core.shell:Skip shell extension 'powershell' for command environment: Not usable outside of PowerShell
[0.262s] DEBUG:colcon.colcon_core.shell:Skip shell extension 'dsv' for command environment
[0.264s] INFO:colcon.colcon_ros.task.ament_cmake.build:Building ROS package in '/home/emmm/Desktop/RM/ROS2/learn/chapter7/navigation_ws/src/fishbot_description' with build type 'ament_cmake'
[0.264s] INFO:colcon.colcon_cmake.task.cmake.build:Building CMake package in '/home/emmm/Desktop/RM/ROS2/learn/chapter7/navigation_ws/src/fishbot_description'
[0.264s] INFO:colcon.colcon_core.shell:Skip shell extension 'powershell' for command environment: Not usable outside of PowerShell
[0.264s] DEBUG:colcon.colcon_core.shell:Skip shell extension 'dsv' for command environment
[0.267s] INFO:colcon.colcon_ros.task.ament_cmake.build:Building ROS package in '/home/emmm/Desktop/RM/ROS2/learn/chapter7/navigation_ws/src/fishbot_navigation2' with build type 'ament_cmake'
[0.267s] INFO:colcon.colcon_cmake.task.cmake.build:Building CMake package in '/home/emmm/Desktop/RM/ROS2/learn/chapter7/navigation_ws/src/fishbot_navigation2'
[0.267s] INFO:colcon.colcon_core.shell:Skip shell extension 'powershell' for command environment: Not usable outside of PowerShell
[0.267s] DEBUG:colcon.colcon_core.shell:Skip shell extension 'dsv' for command environment
[0.439s] INFO:colcon.colcon_core.task.python.build:Building Python package in '/home/emmm/Desktop/RM/ROS2/learn/chapter7/navigation_ws/src/autopartol_robot'
[0.439s] INFO:colcon.colcon_core.shell:Skip shell extension 'powershell' for command environment: Not usable outside of PowerShell
[0.439s] DEBUG:colcon.colcon_core.shell:Skip shell extension 'dsv' for command environment
[0.613s] INFO:colcon.colcon_core.task.python.build:Building Python package in '/home/emmm/Desktop/RM/ROS2/learn/chapter7/navigation_ws/src/fishbot_application'
[0.613s] INFO:colcon.colcon_core.shell:Skip shell extension 'powershell' for command environment: Not usable outside of PowerShell
[0.613s] DEBUG:colcon.colcon_core.shell:Skip shell extension 'dsv' for command environment
[0.619s] DEBUG:colcon.colcon_core.event_handler.log_command:Invoking command in '/home/emmm/Desktop/RM/ROS2/learn/chapter7/navigation_ws/build/fishbot_description': CMAKE_PREFIX_PATH=${CMAKE_PREFIX_PATH}:/home/emmm/Desktop/RM/ROS2/learn/chapter7/navigation_ws/install/fishbot_application:/home/emmm/Desktop/RM/ROS2/learn/chapter7/navigation_ws/install/autopartol_robot:/opt/ros/humble /usr/bin/cmake --build /home/emmm/Desktop/RM/ROS2/learn/chapter7/navigation_ws/build/fishbot_description -- -j12 -l12
[0.622s] DEBUG:colcon.colcon_core.event_handler.log_command:Invoking command in '/home/emmm/Desktop/RM/ROS2/learn/chapter7/navigation_ws/build/fishbot_navigation2': CMAKE_PREFIX_PATH=${CMAKE_PREFIX_PATH}:/home/emmm/Desktop/RM/ROS2/learn/chapter7/navigation_ws/install/fishbot_application:/home/emmm/Desktop/RM/ROS2/learn/chapter7/navigation_ws/install/autopartol_robot:/opt/ros/humble /usr/bin/cmake --build /home/emmm/Desktop/RM/ROS2/learn/chapter7/navigation_ws/build/fishbot_navigation2 -- -j12 -l12
[0.662s] DEBUG:colcon.colcon_core.event_handler.log_command:Invoked command in '/home/emmm/Desktop/RM/ROS2/learn/chapter7/navigation_ws/build/fishbot_description' returned '0': CMAKE_PREFIX_PATH=${CMAKE_PREFIX_PATH}:/home/emmm/Desktop/RM/ROS2/learn/chapter7/navigation_ws/install/fishbot_application:/home/emmm/Desktop/RM/ROS2/learn/chapter7/navigation_ws/install/autopartol_robot:/opt/ros/humble /usr/bin/cmake --build /home/emmm/Desktop/RM/ROS2/learn/chapter7/navigation_ws/build/fishbot_description -- -j12 -l12
[0.672s] DEBUG:colcon.colcon_core.event_handler.log_command:Invoking command in '/home/emmm/Desktop/RM/ROS2/learn/chapter7/navigation_ws/build/fishbot_description': CMAKE_PREFIX_PATH=${CMAKE_PREFIX_PATH}:/home/emmm/Desktop/RM/ROS2/learn/chapter7/navigation_ws/install/fishbot_application:/home/emmm/Desktop/RM/ROS2/learn/chapter7/navigation_ws/install/autopartol_robot:/opt/ros/humble /usr/bin/cmake --install /home/emmm/Desktop/RM/ROS2/learn/chapter7/navigation_ws/build/fishbot_description
[0.673s] DEBUG:colcon.colcon_core.event_handler.log_command:Invoked command in '/home/emmm/Desktop/RM/ROS2/learn/chapter7/navigation_ws/build/fishbot_navigation2' returned '0': CMAKE_PREFIX_PATH=${CMAKE_PREFIX_PATH}:/home/emmm/Desktop/RM/ROS2/learn/chapter7/navigation_ws/install/fishbot_application:/home/emmm/Desktop/RM/ROS2/learn/chapter7/navigation_ws/install/autopartol_robot:/opt/ros/humble /usr/bin/cmake --build /home/emmm/Desktop/RM/ROS2/learn/chapter7/navigation_ws/build/fishbot_navigation2 -- -j12 -l12
[0.676s] DEBUG:colcon.colcon_core.event_handler.log_command:Invoking command in '/home/emmm/Desktop/RM/ROS2/learn/chapter7/navigation_ws/build/fishbot_navigation2': CMAKE_PREFIX_PATH=${CMAKE_PREFIX_PATH}:/home/emmm/Desktop/RM/ROS2/learn/chapter7/navigation_ws/install/fishbot_application:/home/emmm/Desktop/RM/ROS2/learn/chapter7/navigation_ws/install/autopartol_robot:/opt/ros/humble /usr/bin/cmake --install /home/emmm/Desktop/RM/ROS2/learn/chapter7/navigation_ws/build/fishbot_navigation2
[0.681s] Level 1:colcon.colcon_core.environment:create_environment_scripts_only(fishbot_description)
[0.686s] DEBUG:colcon.colcon_core.event_handler.log_command:Invoked command in '/home/emmm/Desktop/RM/ROS2/learn/chapter7/navigation_ws/build/fishbot_description' returned '0': CMAKE_PREFIX_PATH=${CMAKE_PREFIX_PATH}:/home/emmm/Desktop/RM/ROS2/learn/chapter7/navigation_ws/install/fishbot_application:/home/emmm/Desktop/RM/ROS2/learn/chapter7/navigation_ws/install/autopartol_robot:/opt/ros/humble /usr/bin/cmake --install /home/emmm/Desktop/RM/ROS2/learn/chapter7/navigation_ws/build/fishbot_description
[0.690s] Level 1:colcon.colcon_core.environment:checking '/home/emmm/Desktop/RM/ROS2/learn/chapter7/navigation_ws/install/fishbot_description' for CMake module files
[0.690s] Level 1:colcon.colcon_core.environment:checking '/home/emmm/Desktop/RM/ROS2/learn/chapter7/navigation_ws/install/fishbot_description' for CMake config files
[0.691s] Level 1:colcon.colcon_core.shell:create_environment_hook('fishbot_description', 'cmake_prefix_path')
[0.691s] INFO:colcon.colcon_core.shell:Creating environment hook '/home/emmm/Desktop/RM/ROS2/learn/chapter7/navigation_ws/install/fishbot_description/share/fishbot_description/hook/cmake_prefix_path.ps1'
[0.691s] INFO:colcon.colcon_core.shell:Creating environment descriptor '/home/emmm/Desktop/RM/ROS2/learn/chapter7/navigation_ws/install/fishbot_description/share/fishbot_description/hook/cmake_prefix_path.dsv'
[0.691s] INFO:colcon.colcon_core.shell:Creating environment hook '/home/emmm/Desktop/RM/ROS2/learn/chapter7/navigation_ws/install/fishbot_description/share/fishbot_description/hook/cmake_prefix_path.sh'
[0.692s] Level 1:colcon.colcon_core.environment:checking '/home/emmm/Desktop/RM/ROS2/learn/chapter7/navigation_ws/install/fishbot_description/bin'
[0.692s] Level 1:colcon.colcon_core.environment:checking '/home/emmm/Desktop/RM/ROS2/learn/chapter7/navigation_ws/install/fishbot_description/lib/pkgconfig/fishbot_description.pc'
[0.692s] Level 1:colcon.colcon_core.environment:checking '/home/emmm/Desktop/RM/ROS2/learn/chapter7/navigation_ws/install/fishbot_description/lib/python3.10/site-packages'
[0.692s] Level 1:colcon.colcon_core.environment:checking '/home/emmm/Desktop/RM/ROS2/learn/chapter7/navigation_ws/install/fishbot_description/bin'
[0.692s] INFO:colcon.colcon_core.shell:Creating package script '/home/emmm/Desktop/RM/ROS2/learn/chapter7/navigation_ws/install/fishbot_description/share/fishbot_description/package.ps1'
[0.693s] INFO:colcon.colcon_core.shell:Creating package descriptor '/home/emmm/Desktop/RM/ROS2/learn/chapter7/navigation_ws/install/fishbot_description/share/fishbot_description/package.dsv'
[0.693s] INFO:colcon.colcon_core.shell:Creating package script '/home/emmm/Desktop/RM/ROS2/learn/chapter7/navigation_ws/install/fishbot_description/share/fishbot_description/package.sh'
[0.694s] INFO:colcon.colcon_core.shell:Creating package script '/home/emmm/Desktop/RM/ROS2/learn/chapter7/navigation_ws/install/fishbot_description/share/fishbot_description/package.bash'
[0.694s] INFO:colcon.colcon_core.shell:Creating package script '/home/emmm/Desktop/RM/ROS2/learn/chapter7/navigation_ws/install/fishbot_description/share/fishbot_description/package.zsh'
[0.694s] Level 1:colcon.colcon_core.environment:create_file_with_runtime_dependencies(/home/emmm/Desktop/RM/ROS2/learn/chapter7/navigation_ws/install/fishbot_description/share/colcon-core/packages/fishbot_description)
[0.695s] Level 1:colcon.colcon_core.environment:create_environment_scripts_only(fishbot_description)
[0.695s] Level 1:colcon.colcon_core.environment:checking '/home/emmm/Desktop/RM/ROS2/learn/chapter7/navigation_ws/install/fishbot_description' for CMake module files
[0.695s] Level 1:colcon.colcon_core.environment:checking '/home/emmm/Desktop/RM/ROS2/learn/chapter7/navigation_ws/install/fishbot_description' for CMake config files
[0.695s] Level 1:colcon.colcon_core.shell:create_environment_hook('fishbot_description', 'cmake_prefix_path')
[0.695s] INFO:colcon.colcon_core.shell:Creating environment hook '/home/emmm/Desktop/RM/ROS2/learn/chapter7/navigation_ws/install/fishbot_description/share/fishbot_description/hook/cmake_prefix_path.ps1'
[0.696s] INFO:colcon.colcon_core.shell:Creating environment descriptor '/home/emmm/Desktop/RM/ROS2/learn/chapter7/navigation_ws/install/fishbot_description/share/fishbot_description/hook/cmake_prefix_path.dsv'
[0.696s] INFO:colcon.colcon_core.shell:Creating environment hook '/home/emmm/Desktop/RM/ROS2/learn/chapter7/navigation_ws/install/fishbot_description/share/fishbot_description/hook/cmake_prefix_path.sh'
[0.696s] Level 1:colcon.colcon_core.environment:checking '/home/emmm/Desktop/RM/ROS2/learn/chapter7/navigation_ws/install/fishbot_description/bin'
[0.696s] Level 1:colcon.colcon_core.environment:checking '/home/emmm/Desktop/RM/ROS2/learn/chapter7/navigation_ws/install/fishbot_description/lib/pkgconfig/fishbot_description.pc'
[0.696s] Level 1:colcon.colcon_core.environment:checking '/home/emmm/Desktop/RM/ROS2/learn/chapter7/navigation_ws/install/fishbot_description/lib/python3.10/site-packages'
[0.696s] Level 1:colcon.colcon_core.environment:checking '/home/emmm/Desktop/RM/ROS2/learn/chapter7/navigation_ws/install/fishbot_description/bin'
[0.697s] INFO:colcon.colcon_core.shell:Creating package script '/home/emmm/Desktop/RM/ROS2/learn/chapter7/navigation_ws/install/fishbot_description/share/fishbot_description/package.ps1'
[0.697s] INFO:colcon.colcon_core.shell:Creating package descriptor '/home/emmm/Desktop/RM/ROS2/learn/chapter7/navigation_ws/install/fishbot_description/share/fishbot_description/package.dsv'
[0.697s] INFO:colcon.colcon_core.shell:Creating package script '/home/emmm/Desktop/RM/ROS2/learn/chapter7/navigation_ws/install/fishbot_description/share/fishbot_description/package.sh'
[0.697s] INFO:colcon.colcon_core.shell:Creating package script '/home/emmm/Desktop/RM/ROS2/learn/chapter7/navigation_ws/install/fishbot_description/share/fishbot_description/package.bash'
[0.698s] INFO:colcon.colcon_core.shell:Creating package script '/home/emmm/Desktop/RM/ROS2/learn/chapter7/navigation_ws/install/fishbot_description/share/fishbot_description/package.zsh'
[0.698s] Level 1:colcon.colcon_core.environment:create_file_with_runtime_dependencies(/home/emmm/Desktop/RM/ROS2/learn/chapter7/navigation_ws/install/fishbot_description/share/colcon-core/packages/fishbot_description)
[0.699s] Level 1:colcon.colcon_core.environment:create_environment_scripts_only(fishbot_navigation2)
[0.699s] Level 1:colcon.colcon_core.environment:checking '/home/emmm/Desktop/RM/ROS2/learn/chapter7/navigation_ws/install/fishbot_navigation2' for CMake module files
[0.700s] DEBUG:colcon.colcon_core.event_handler.log_command:Invoked command in '/home/emmm/Desktop/RM/ROS2/learn/chapter7/navigation_ws/build/fishbot_navigation2' returned '0': CMAKE_PREFIX_PATH=${CMAKE_PREFIX_PATH}:/home/emmm/Desktop/RM/ROS2/learn/chapter7/navigation_ws/install/fishbot_application:/home/emmm/Desktop/RM/ROS2/learn/chapter7/navigation_ws/install/autopartol_robot:/opt/ros/humble /usr/bin/cmake --install /home/emmm/Desktop/RM/ROS2/learn/chapter7/navigation_ws/build/fishbot_navigation2
[0.700s] Level 1:colcon.colcon_core.environment:checking '/home/emmm/Desktop/RM/ROS2/learn/chapter7/navigation_ws/install/fishbot_navigation2' for CMake config files
[0.700s] Level 1:colcon.colcon_core.shell:create_environment_hook('fishbot_navigation2', 'cmake_prefix_path')
[0.701s] INFO:colcon.colcon_core.shell:Creating environment hook '/home/emmm/Desktop/RM/ROS2/learn/chapter7/navigation_ws/install/fishbot_navigation2/share/fishbot_navigation2/hook/cmake_prefix_path.ps1'
[0.701s] INFO:colcon.colcon_core.shell:Creating environment descriptor '/home/emmm/Desktop/RM/ROS2/learn/chapter7/navigation_ws/install/fishbot_navigation2/share/fishbot_navigation2/hook/cmake_prefix_path.dsv'
[0.702s] INFO:colcon.colcon_core.shell:Creating environment hook '/home/emmm/Desktop/RM/ROS2/learn/chapter7/navigation_ws/install/fishbot_navigation2/share/fishbot_navigation2/hook/cmake_prefix_path.sh'
[0.702s] Level 1:colcon.colcon_core.environment:checking '/home/emmm/Desktop/RM/ROS2/learn/chapter7/navigation_ws/install/fishbot_navigation2/bin'
[0.702s] Level 1:colcon.colcon_core.environment:checking '/home/emmm/Desktop/RM/ROS2/learn/chapter7/navigation_ws/install/fishbot_navigation2/lib/pkgconfig/fishbot_navigation2.pc'
[0.703s] Level 1:colcon.colcon_core.environment:checking '/home/emmm/Desktop/RM/ROS2/learn/chapter7/navigation_ws/install/fishbot_navigation2/lib/python3.10/site-packages'
[0.703s] Level 1:colcon.colcon_core.environment:checking '/home/emmm/Desktop/RM/ROS2/learn/chapter7/navigation_ws/install/fishbot_navigation2/bin'
[0.704s] INFO:colcon.colcon_core.shell:Creating package script '/home/emmm/Desktop/RM/ROS2/learn/chapter7/navigation_ws/install/fishbot_navigation2/share/fishbot_navigation2/package.ps1'
[0.704s] INFO:colcon.colcon_core.shell:Creating package descriptor '/home/emmm/Desktop/RM/ROS2/learn/chapter7/navigation_ws/install/fishbot_navigation2/share/fishbot_navigation2/package.dsv'
[0.705s] INFO:colcon.colcon_core.shell:Creating package script '/home/emmm/Desktop/RM/ROS2/learn/chapter7/navigation_ws/install/fishbot_navigation2/share/fishbot_navigation2/package.sh'
[0.705s] INFO:colcon.colcon_core.shell:Creating package script '/home/emmm/Desktop/RM/ROS2/learn/chapter7/navigation_ws/install/fishbot_navigation2/share/fishbot_navigation2/package.bash'
[0.705s] INFO:colcon.colcon_core.shell:Creating package script '/home/emmm/Desktop/RM/ROS2/learn/chapter7/navigation_ws/install/fishbot_navigation2/share/fishbot_navigation2/package.zsh'
[0.706s] Level 1:colcon.colcon_core.environment:create_file_with_runtime_dependencies(/home/emmm/Desktop/RM/ROS2/learn/chapter7/navigation_ws/install/fishbot_navigation2/share/colcon-core/packages/fishbot_navigation2)
[0.707s] Level 1:colcon.colcon_core.environment:create_environment_scripts_only(fishbot_navigation2)
[0.707s] Level 1:colcon.colcon_core.environment:checking '/home/emmm/Desktop/RM/ROS2/learn/chapter7/navigation_ws/install/fishbot_navigation2' for CMake module files
[0.707s] Level 1:colcon.colcon_core.environment:checking '/home/emmm/Desktop/RM/ROS2/learn/chapter7/navigation_ws/install/fishbot_navigation2' for CMake config files
[0.708s] Level 1:colcon.colcon_core.shell:create_environment_hook('fishbot_navigation2', 'cmake_prefix_path')
[0.708s] INFO:colcon.colcon_core.shell:Creating environment hook '/home/emmm/Desktop/RM/ROS2/learn/chapter7/navigation_ws/install/fishbot_navigation2/share/fishbot_navigation2/hook/cmake_prefix_path.ps1'
[0.708s] INFO:colcon.colcon_core.shell:Creating environment descriptor '/home/emmm/Desktop/RM/ROS2/learn/chapter7/navigation_ws/install/fishbot_navigation2/share/fishbot_navigation2/hook/cmake_prefix_path.dsv'
[0.709s] INFO:colcon.colcon_core.shell:Creating environment hook '/home/emmm/Desktop/RM/ROS2/learn/chapter7/navigation_ws/install/fishbot_navigation2/share/fishbot_navigation2/hook/cmake_prefix_path.sh'
[0.709s] Level 1:colcon.colcon_core.environment:checking '/home/emmm/Desktop/RM/ROS2/learn/chapter7/navigation_ws/install/fishbot_navigation2/bin'
[0.710s] Level 1:colcon.colcon_core.environment:checking '/home/emmm/Desktop/RM/ROS2/learn/chapter7/navigation_ws/install/fishbot_navigation2/lib/pkgconfig/fishbot_navigation2.pc'
[0.710s] Level 1:colcon.colcon_core.environment:checking '/home/emmm/Desktop/RM/ROS2/learn/chapter7/navigation_ws/install/fishbot_navigation2/lib/python3.10/site-packages'
[0.710s] Level 1:colcon.colcon_core.environment:checking '/home/emmm/Desktop/RM/ROS2/learn/chapter7/navigation_ws/install/fishbot_navigation2/bin'
[0.711s] INFO:colcon.colcon_core.shell:Creating package script '/home/emmm/Desktop/RM/ROS2/learn/chapter7/navigation_ws/install/fishbot_navigation2/share/fishbot_navigation2/package.ps1'
[0.711s] INFO:colcon.colcon_core.shell:Creating package descriptor '/home/emmm/Desktop/RM/ROS2/learn/chapter7/navigation_ws/install/fishbot_navigation2/share/fishbot_navigation2/package.dsv'
[0.712s] INFO:colcon.colcon_core.shell:Creating package script '/home/emmm/Desktop/RM/ROS2/learn/chapter7/navigation_ws/install/fishbot_navigation2/share/fishbot_navigation2/package.sh'
[0.712s] INFO:colcon.colcon_core.shell:Creating package script '/home/emmm/Desktop/RM/ROS2/learn/chapter7/navigation_ws/install/fishbot_navigation2/share/fishbot_navigation2/package.bash'
[0.713s] INFO:colcon.colcon_core.shell:Creating package script '/home/emmm/Desktop/RM/ROS2/learn/chapter7/navigation_ws/install/fishbot_navigation2/share/fishbot_navigation2/package.zsh'
[0.713s] Level 1:colcon.colcon_core.environment:create_file_with_runtime_dependencies(/home/emmm/Desktop/RM/ROS2/learn/chapter7/navigation_ws/install/fishbot_navigation2/share/colcon-core/packages/fishbot_navigation2)
[0.885s] DEBUG:colcon.colcon_core.event_handler.log_command:Invoking command in '/home/emmm/Desktop/RM/ROS2/learn/chapter7/navigation_ws/src/autopartol_robot': PYTHONPATH=/home/emmm/Desktop/RM/ROS2/learn/chapter7/navigation_ws/build/autopartol_robot/prefix_override:/usr/lib/python3/dist-packages/colcon_core/task/python/colcon_distutils_commands:/home/emmm/Desktop/RM/ROS2/learn/chapter7/navigation_ws/install/autopartol_robot/lib/python3.10/site-packages:${PYTHONPATH} /usr/bin/python3 -W ignore:setup.py install is deprecated -W ignore:easy_install command is deprecated setup.py egg_info --egg-base ../../build/autopartol_robot build --build-base /home/emmm/Desktop/RM/ROS2/learn/chapter7/navigation_ws/build/autopartol_robot/build install --record /home/emmm/Desktop/RM/ROS2/learn/chapter7/navigation_ws/build/autopartol_robot/install.log --single-version-externally-managed install_data
[0.906s] DEBUG:colcon.colcon_core.event_handler.log_command:Invoking command in '/home/emmm/Desktop/RM/ROS2/learn/chapter7/navigation_ws/src/fishbot_application': PYTHONPATH=/home/emmm/Desktop/RM/ROS2/learn/chapter7/navigation_ws/build/fishbot_application/prefix_override:/usr/lib/python3/dist-packages/colcon_core/task/python/colcon_distutils_commands:/home/emmm/Desktop/RM/ROS2/learn/chapter7/navigation_ws/install/fishbot_application/lib/python3.10/site-packages:${PYTHONPATH} /usr/bin/python3 -W ignore:setup.py install is deprecated -W ignore:easy_install command is deprecated setup.py egg_info --egg-base ../../build/fishbot_application build --build-base /home/emmm/Desktop/RM/ROS2/learn/chapter7/navigation_ws/build/fishbot_application/build install --record /home/emmm/Desktop/RM/ROS2/learn/chapter7/navigation_ws/build/fishbot_application/install.log --single-version-externally-managed install_data
[1.101s] Level 1:colcon.colcon_core.environment:checking '/home/emmm/Desktop/RM/ROS2/learn/chapter7/navigation_ws/install/fishbot_application' for CMake module files
[1.102s] DEBUG:colcon.colcon_core.event_handler.log_command:Invoked command in '/home/emmm/Desktop/RM/ROS2/learn/chapter7/navigation_ws/src/fishbot_application' returned '0': PYTHONPATH=/home/emmm/Desktop/RM/ROS2/learn/chapter7/navigation_ws/build/fishbot_application/prefix_override:/usr/lib/python3/dist-packages/colcon_core/task/python/colcon_distutils_commands:/home/emmm/Desktop/RM/ROS2/learn/chapter7/navigation_ws/install/fishbot_application/lib/python3.10/site-packages:${PYTHONPATH} /usr/bin/python3 -W ignore:setup.py install is deprecated -W ignore:easy_install command is deprecated setup.py egg_info --egg-base ../../build/fishbot_application build --build-base /home/emmm/Desktop/RM/ROS2/learn/chapter7/navigation_ws/build/fishbot_application/build install --record /home/emmm/Desktop/RM/ROS2/learn/chapter7/navigation_ws/build/fishbot_application/install.log --single-version-externally-managed install_data
[1.102s] Level 1:colcon.colcon_core.environment:checking '/home/emmm/Desktop/RM/ROS2/learn/chapter7/navigation_ws/install/fishbot_application' for CMake config files
[1.103s] Level 1:colcon.colcon_core.environment:checking '/home/emmm/Desktop/RM/ROS2/learn/chapter7/navigation_ws/install/fishbot_application/lib'
[1.103s] Level 1:colcon.colcon_core.environment:checking '/home/emmm/Desktop/RM/ROS2/learn/chapter7/navigation_ws/install/fishbot_application/bin'
[1.103s] Level 1:colcon.colcon_core.environment:checking '/home/emmm/Desktop/RM/ROS2/learn/chapter7/navigation_ws/install/fishbot_application/lib/pkgconfig/fishbot_application.pc'
[1.104s] Level 1:colcon.colcon_core.environment:checking '/home/emmm/Desktop/RM/ROS2/learn/chapter7/navigation_ws/install/fishbot_application/lib/python3.10/site-packages'
[1.104s] Level 1:colcon.colcon_core.shell:create_environment_hook('fishbot_application', 'pythonpath')
[1.104s] INFO:colcon.colcon_core.shell:Creating environment hook '/home/emmm/Desktop/RM/ROS2/learn/chapter7/navigation_ws/install/fishbot_application/share/fishbot_application/hook/pythonpath.ps1'
[1.105s] INFO:colcon.colcon_core.shell:Creating environment descriptor '/home/emmm/Desktop/RM/ROS2/learn/chapter7/navigation_ws/install/fishbot_application/share/fishbot_application/hook/pythonpath.dsv'
[1.105s] INFO:colcon.colcon_core.shell:Creating environment hook '/home/emmm/Desktop/RM/ROS2/learn/chapter7/navigation_ws/install/fishbot_application/share/fishbot_application/hook/pythonpath.sh'
[1.106s] Level 1:colcon.colcon_core.environment:checking '/home/emmm/Desktop/RM/ROS2/learn/chapter7/navigation_ws/install/fishbot_application/bin'
[1.106s] Level 1:colcon.colcon_core.environment:create_environment_scripts_only(fishbot_application)
[1.107s] INFO:colcon.colcon_core.shell:Creating package script '/home/emmm/Desktop/RM/ROS2/learn/chapter7/navigation_ws/install/fishbot_application/share/fishbot_application/package.ps1'
[1.107s] INFO:colcon.colcon_core.shell:Creating package descriptor '/home/emmm/Desktop/RM/ROS2/learn/chapter7/navigation_ws/install/fishbot_application/share/fishbot_application/package.dsv'
[1.108s] INFO:colcon.colcon_core.shell:Creating package script '/home/emmm/Desktop/RM/ROS2/learn/chapter7/navigation_ws/install/fishbot_application/share/fishbot_application/package.sh'
[1.108s] INFO:colcon.colcon_core.shell:Creating package script '/home/emmm/Desktop/RM/ROS2/learn/chapter7/navigation_ws/install/fishbot_application/share/fishbot_application/package.bash'
[1.109s] INFO:colcon.colcon_core.shell:Creating package script '/home/emmm/Desktop/RM/ROS2/learn/chapter7/navigation_ws/install/fishbot_application/share/fishbot_application/package.zsh'
[1.109s] Level 1:colcon.colcon_core.environment:create_file_with_runtime_dependencies(/home/emmm/Desktop/RM/ROS2/learn/chapter7/navigation_ws/install/fishbot_application/share/colcon-core/packages/fishbot_application)
[1.111s] Level 1:colcon.colcon_core.environment:checking '/home/emmm/Desktop/RM/ROS2/learn/chapter7/navigation_ws/install/autopartol_robot' for CMake module files
[1.112s] DEBUG:colcon.colcon_core.event_handler.log_command:Invoked command in '/home/emmm/Desktop/RM/ROS2/learn/chapter7/navigation_ws/src/autopartol_robot' returned '0': PYTHONPATH=/home/emmm/Desktop/RM/ROS2/learn/chapter7/navigation_ws/build/autopartol_robot/prefix_override:/usr/lib/python3/dist-packages/colcon_core/task/python/colcon_distutils_commands:/home/emmm/Desktop/RM/ROS2/learn/chapter7/navigation_ws/install/autopartol_robot/lib/python3.10/site-packages:${PYTHONPATH} /usr/bin/python3 -W ignore:setup.py install is deprecated -W ignore:easy_install command is deprecated setup.py egg_info --egg-base ../../build/autopartol_robot build --build-base /home/emmm/Desktop/RM/ROS2/learn/chapter7/navigation_ws/build/autopartol_robot/build install --record /home/emmm/Desktop/RM/ROS2/learn/chapter7/navigation_ws/build/autopartol_robot/install.log --single-version-externally-managed install_data
[1.112s] Level 1:colcon.colcon_core.environment:checking '/home/emmm/Desktop/RM/ROS2/learn/chapter7/navigation_ws/install/autopartol_robot' for CMake config files
[1.113s] Level 1:colcon.colcon_core.environment:checking '/home/emmm/Desktop/RM/ROS2/learn/chapter7/navigation_ws/install/autopartol_robot/lib'
[1.113s] Level 1:colcon.colcon_core.environment:checking '/home/emmm/Desktop/RM/ROS2/learn/chapter7/navigation_ws/install/autopartol_robot/bin'
[1.113s] Level 1:colcon.colcon_core.environment:checking '/home/emmm/Desktop/RM/ROS2/learn/chapter7/navigation_ws/install/autopartol_robot/lib/pkgconfig/autopartol_robot.pc'
[1.114s] Level 1:colcon.colcon_core.environment:checking '/home/emmm/Desktop/RM/ROS2/learn/chapter7/navigation_ws/install/autopartol_robot/lib/python3.10/site-packages'
[1.114s] Level 1:colcon.colcon_core.shell:create_environment_hook('autopartol_robot', 'pythonpath')
[1.114s] INFO:colcon.colcon_core.shell:Creating environment hook '/home/emmm/Desktop/RM/ROS2/learn/chapter7/navigation_ws/install/autopartol_robot/share/autopartol_robot/hook/pythonpath.ps1'
[1.115s] INFO:colcon.colcon_core.shell:Creating environment descriptor '/home/emmm/Desktop/RM/ROS2/learn/chapter7/navigation_ws/install/autopartol_robot/share/autopartol_robot/hook/pythonpath.dsv'
[1.115s] INFO:colcon.colcon_core.shell:Creating environment hook '/home/emmm/Desktop/RM/ROS2/learn/chapter7/navigation_ws/install/autopartol_robot/share/autopartol_robot/hook/pythonpath.sh'
[1.116s] Level 1:colcon.colcon_core.environment:checking '/home/emmm/Desktop/RM/ROS2/learn/chapter7/navigation_ws/install/autopartol_robot/bin'
[1.116s] Level 1:colcon.colcon_core.environment:create_environment_scripts_only(autopartol_robot)
[1.117s] INFO:colcon.colcon_core.shell:Creating package script '/home/emmm/Desktop/RM/ROS2/learn/chapter7/navigation_ws/install/autopartol_robot/share/autopartol_robot/package.ps1'
[1.117s] INFO:colcon.colcon_core.shell:Creating package descriptor '/home/emmm/Desktop/RM/ROS2/learn/chapter7/navigation_ws/install/autopartol_robot/share/autopartol_robot/package.dsv'
[1.118s] INFO:colcon.colcon_core.shell:Creating package script '/home/emmm/Desktop/RM/ROS2/learn/chapter7/navigation_ws/install/autopartol_robot/share/autopartol_robot/package.sh'
[1.119s] INFO:colcon.colcon_core.shell:Creating package script '/home/emmm/Desktop/RM/ROS2/learn/chapter7/navigation_ws/install/autopartol_robot/share/autopartol_robot/package.bash'
[1.119s] INFO:colcon.colcon_core.shell:Creating package script '/home/emmm/Desktop/RM/ROS2/learn/chapter7/navigation_ws/install/autopartol_robot/share/autopartol_robot/package.zsh'
[1.119s] Level 1:colcon.colcon_core.environment:create_file_with_runtime_dependencies(/home/emmm/Desktop/RM/ROS2/learn/chapter7/navigation_ws/install/autopartol_robot/share/colcon-core/packages/autopartol_robot)
[1.119s] DEBUG:colcon.colcon_parallel_executor.executor.parallel:closing loop
[1.120s] DEBUG:colcon.colcon_parallel_executor.executor.parallel:loop closed
[1.120s] DEBUG:colcon.colcon_parallel_executor.executor.parallel:run_until_complete finished with '0'
[1.120s] DEBUG:colcon.colcon_core.event_reactor:joining thread
[1.126s] INFO:colcon.colcon_core.plugin_system:Skipping extension 'colcon_notification.desktop_notification.terminal_notifier': Not used on non-Darwin systems
[1.126s] INFO:colcon.colcon_core.plugin_system:Skipping extension 'colcon_notification.desktop_notification.win32': Not used on non-Windows systems
[1.126s] INFO:colcon.colcon_notification.desktop_notification:Sending desktop notification using 'notify2'
[1.143s] DEBUG:colcon.colcon_core.event_reactor:joined thread
[1.143s] INFO:colcon.colcon_core.shell:Creating prefix script '/home/emmm/Desktop/RM/ROS2/learn/chapter7/navigation_ws/install/local_setup.ps1'
[1.144s] INFO:colcon.colcon_core.shell:Creating prefix util module '/home/emmm/Desktop/RM/ROS2/learn/chapter7/navigation_ws/install/_local_setup_util_ps1.py'
[1.145s] INFO:colcon.colcon_core.shell:Creating prefix chain script '/home/emmm/Desktop/RM/ROS2/learn/chapter7/navigation_ws/install/setup.ps1'
[1.146s] INFO:colcon.colcon_core.shell:Creating prefix script '/home/emmm/Desktop/RM/ROS2/learn/chapter7/navigation_ws/install/local_setup.sh'
[1.146s] INFO:colcon.colcon_core.shell:Creating prefix util module '/home/emmm/Desktop/RM/ROS2/learn/chapter7/navigation_ws/install/_local_setup_util_sh.py'
[1.147s] INFO:colcon.colcon_core.shell:Creating prefix chain script '/home/emmm/Desktop/RM/ROS2/learn/chapter7/navigation_ws/install/setup.sh'
[1.147s] INFO:colcon.colcon_core.shell:Creating prefix script '/home/emmm/Desktop/RM/ROS2/learn/chapter7/navigation_ws/install/local_setup.bash'
[1.148s] INFO:colcon.colcon_core.shell:Creating prefix chain script '/home/emmm/Desktop/RM/ROS2/learn/chapter7/navigation_ws/install/setup.bash'
[1.149s] INFO:colcon.colcon_core.shell:Creating prefix script '/home/emmm/Desktop/RM/ROS2/learn/chapter7/navigation_ws/install/local_setup.zsh'
[1.149s] INFO:colcon.colcon_core.shell:Creating prefix chain script '/home/emmm/Desktop/RM/ROS2/learn/chapter7/navigation_ws/install/setup.zsh'
